Component: ARM Compiler 5.06 update 5 (build 528) Tool: armlink [4d35e2]

==============================================================================

Section Cross References

    startup_stm32f767xx.o(RESET) refers to startup_stm32f767xx.o(STACK) for __initial_sp
    startup_stm32f767xx.o(RESET) refers to startup_stm32f767xx.o(.text) for Reset_Handler
    startup_stm32f767xx.o(RESET) refers to stm32f7xx_it.o(i.NMI_Handler) for NMI_Handler
    startup_stm32f767xx.o(RESET) refers to stm32f7xx_it.o(i.HardFault_Handler) for HardFault_Handler
    startup_stm32f767xx.o(RESET) refers to stm32f7xx_it.o(i.MemManage_Handler) for MemManage_Handler
    startup_stm32f767xx.o(RESET) refers to stm32f7xx_it.o(i.BusFault_Handler) for BusFault_Handler
    startup_stm32f767xx.o(RESET) refers to stm32f7xx_it.o(i.UsageFault_Handler) for UsageFault_Handler
    startup_stm32f767xx.o(RESET) refers to stm32f7xx_it.o(i.SVC_Handler) for SVC_Handler
    startup_stm32f767xx.o(RESET) refers to stm32f7xx_it.o(i.DebugMon_Handler) for DebugMon_Handler
    startup_stm32f767xx.o(RESET) refers to stm32f7xx_it.o(i.PendSV_Handler) for PendSV_Handler
    startup_stm32f767xx.o(RESET) refers to stm32f7xx_it.o(i.SysTick_Handler) for SysTick_Handler
    startup_stm32f767xx.o(RESET) refers to stm32f7xx_it.o(i.DMA1_Stream0_IRQHandler) for DMA1_Stream0_IRQHandler
    startup_stm32f767xx.o(RESET) refers to stm32f7xx_it.o(i.TIM1_UP_TIM10_IRQHandler) for TIM1_UP_TIM10_IRQHandler
    startup_stm32f767xx.o(RESET) refers to stm32f7xx_it.o(i.DMA2_Stream0_IRQHandler) for DMA2_Stream0_IRQHandler
    startup_stm32f767xx.o(RESET) refers to stm32f7xx_it.o(i.DMA2_Stream3_IRQHandler) for DMA2_Stream3_IRQHandler
    startup_stm32f767xx.o(RESET) refers to stm32f7xx_it.o(i.OTG_FS_IRQHandler) for OTG_FS_IRQHandler
    startup_stm32f767xx.o(RESET) refers to stm32f7xx_it.o(i.DMA2_Stream6_IRQHandler) for DMA2_Stream6_IRQHandler
    startup_stm32f767xx.o(.text) refers to system_stm32f7xx.o(i.SystemInit) for SystemInit
    startup_stm32f767xx.o(.text) refers to entry.o(.ARM.Collect$$$$00000000) for __main
    stm32f7xx_hal_dma.o(i.DMA_CalcBaseAndBitshift) refers to stm32f7xx_hal_dma.o(.constdata) for .constdata
    stm32f7xx_hal_dma.o(i.HAL_DMA_Abort) refers to stm32f7xx_hal.o(i.HAL_GetTick) for HAL_GetTick
    stm32f7xx_hal_dma.o(i.HAL_DMA_DeInit) refers to stm32f7xx_hal_dma.o(i.DMA_CalcBaseAndBitshift) for DMA_CalcBaseAndBitshift
    stm32f7xx_hal_dma.o(i.HAL_DMA_IRQHandler) refers to system_stm32f7xx.o(.data) for SystemCoreClock
    stm32f7xx_hal_dma.o(i.HAL_DMA_Init) refers to stm32f7xx_hal.o(i.HAL_GetTick) for HAL_GetTick
    stm32f7xx_hal_dma.o(i.HAL_DMA_Init) refers to stm32f7xx_hal_dma.o(i.DMA_CheckFifoParam) for DMA_CheckFifoParam
    stm32f7xx_hal_dma.o(i.HAL_DMA_Init) refers to stm32f7xx_hal_dma.o(i.DMA_CalcBaseAndBitshift) for DMA_CalcBaseAndBitshift
    stm32f7xx_hal_dma.o(i.HAL_DMA_PollForTransfer) refers to stm32f7xx_hal.o(i.HAL_GetTick) for HAL_GetTick
    stm32f7xx_hal_dma.o(i.HAL_DMA_PollForTransfer) refers to stm32f7xx_hal_dma.o(i.HAL_DMA_Abort) for HAL_DMA_Abort
    stm32f7xx_hal_dma.o(i.HAL_DMA_Start) refers to stm32f7xx_hal_dma.o(i.DMA_SetConfig) for DMA_SetConfig
    stm32f7xx_hal_dma.o(i.HAL_DMA_Start_IT) refers to stm32f7xx_hal_dma.o(i.DMA_SetConfig) for DMA_SetConfig
    stm32f7xx_hal_pwr.o(i.HAL_PWR_PVD_IRQHandler) refers to stm32f7xx_hal_pwr.o(i.HAL_PWR_PVDCallback) for HAL_PWR_PVDCallback
    stm32f7xx_hal_dma_ex.o(i.HAL_DMAEx_MultiBufferStart) refers to stm32f7xx_hal_dma_ex.o(i.DMA_MultiBufferSetConfig) for DMA_MultiBufferSetConfig
    stm32f7xx_hal_dma_ex.o(i.HAL_DMAEx_MultiBufferStart_IT) refers to stm32f7xx_hal_dma_ex.o(i.DMA_MultiBufferSetConfig) for DMA_MultiBufferSetConfig
    stm32f7xx_hal_flash_ex.o(i.FLASH_OB_BootAddressConfig) refers to stm32f7xx_hal_flash.o(i.FLASH_WaitForLastOperation) for FLASH_WaitForLastOperation
    stm32f7xx_hal_flash_ex.o(i.HAL_FLASHEx_Erase) refers to stm32f7xx_hal_flash.o(i.FLASH_WaitForLastOperation) for FLASH_WaitForLastOperation
    stm32f7xx_hal_flash_ex.o(i.HAL_FLASHEx_Erase) refers to stm32f7xx_hal_flash_ex.o(i.FLASH_MassErase) for FLASH_MassErase
    stm32f7xx_hal_flash_ex.o(i.HAL_FLASHEx_Erase) refers to stm32f7xx_hal_flash_ex.o(i.FLASH_Erase_Sector) for FLASH_Erase_Sector
    stm32f7xx_hal_flash_ex.o(i.HAL_FLASHEx_Erase) refers to stm32f7xx_hal_flash.o(.bss) for pFlash
    stm32f7xx_hal_flash_ex.o(i.HAL_FLASHEx_Erase_IT) refers to stm32f7xx_hal_flash_ex.o(i.FLASH_Erase_Sector) for FLASH_Erase_Sector
    stm32f7xx_hal_flash_ex.o(i.HAL_FLASHEx_Erase_IT) refers to stm32f7xx_hal_flash_ex.o(i.FLASH_MassErase) for FLASH_MassErase
    stm32f7xx_hal_flash_ex.o(i.HAL_FLASHEx_Erase_IT) refers to stm32f7xx_hal_flash.o(.bss) for pFlash
    stm32f7xx_hal_flash_ex.o(i.HAL_FLASHEx_OBGetConfig) refers to stm32f7xx_hal_flash_ex.o(i.FLASH_OB_GetBootAddress) for FLASH_OB_GetBootAddress
[...]
    i.USB_GetMode                            0x08005d92   Section        0  stm32f7xx_ll_usb.o(i.USB_GetMode)
    i.USB_ReadDevAllInEpInterrupt            0x08005d9a   Section        0  stm32f7xx_ll_usb.o(i.USB_ReadDevAllInEpInterrupt)
    i.USB_ReadDevAllOutEpInterrupt           0x08005da8   Section        0  stm32f7xx_ll_usb.o(i.USB_ReadDevAllOutEpInterrupt)
    i.USB_ReadDevInEPInterrupt               0x08005db6   Section        0  stm32f7xx_ll_usb.o(i.USB_ReadDevInEPInterrupt)
    i.USB_ReadDevOutEPInterrupt              0x08005dd6   Section        0  stm32f7xx_ll_usb.o(i.USB_ReadDevOutEPInterrupt)
    i.USB_ReadInterrupts                     0x08005de6   Section        0  stm32f7xx_ll_usb.o(i.USB_ReadInterrupts)
    i.USB_ReadPacket                         0x08005dee   Section        0  stm32f7xx_ll_usb.o(i.USB_ReadPacket)
    i.USB_SetCurrentMode                     0x08005e0c   Section        0  stm32f7xx_ll_usb.o(i.USB_SetCurrentMode)
    i.USB_SetDevAddress                      0x08005e38   Section        0  stm32f7xx_ll_usb.o(i.USB_SetDevAddress)
    i.USB_WritePacket                        0x08005e5c   Section        0  stm32f7xx_ll_usb.o(i.USB_WritePacket)
    i.UsageFault_Handler                     0x08005e88   Section        0  stm32f7xx_it.o(i.UsageFault_Handler)
    i._Error_Handler                         0x08005e8a   Section        0  main.o(i._Error_Handler)
    i.__scatterload_copy                     0x08005e8c   Section       14  handlers.o(i.__scatterload_copy)
    i.__scatterload_null                     0x08005e9a   Section        2  handlers.o(i.__scatterload_null)
    i.__scatterload_zeroinit                 0x08005e9c   Section       14  handlers.o(i.__scatterload_zeroinit)
    i.free                                   0x08005eac   Section        0  malloc.o(i.free)
    i.main                                   0x08005efc   Section        0  main.o(i.main)
    i.malloc                                 0x08005f68   Section        0  malloc.o(i.malloc)
    .constdata                               0x08005fd4   Section        8  stm32f7xx_hal_dma.o(.constdata)
    flagBitshiftOffset                       0x08005fd4   Data           8  stm32f7xx_hal_dma.o(.constdata)
    .constdata                               0x08005fdc   Section       20  sd_diskio.o(.constdata)
    .constdata                               0x08005ff0   Section       16  system_stm32f7xx.o(.constdata)
    .constdata                               0x08006000   Section        8  system_stm32f7xx.o(.constdata)
    .data                                    0x20000000   Section       12  stm32f7xx_hal.o(.data)
    .data                                    0x2000000c   Section       12  sd_diskio.o(.data)
    Stat                                     0x2000000c   Data           1  sd_diskio.o(.data)
    WriteStatus                              0x20000010   Data           4  sd_diskio.o(.data)
    ReadStatus                               0x20000014   Data           4  sd_diskio.o(.data)
    .data                                    0x20000018   Section        5  fatfs.o(.data)
    .data                                    0x20000020   Section       16  usbd_cdc_if.o(.data)
    .data                                    0x20000030   Section       32  usbd_desc.o(.data)
    .data                                    0x20000050   Section       36  usbd_desc.o(.data)
    .data                                    0x20000074   Section        4  system_stm32f7xx.o(.data)
    .data                                    0x20000078   Section        1  usbd_ctlreq.o(.data)
    cfgidx                                   0x20000078   Data           1  usbd_ctlreq.o(.data)
    .data                                    0x2000007c   Section      219  usbd_cdc.o(.data)
    ifalt                                    0x2000007c   Data           1  usbd_cdc.o(.data)
    USBD_CDC_DeviceQualifierDesc             0x20000080   Data          10  usbd_cdc.o(.data)
    .data                                    0x20000158   Section       60  usbd_cdc.o(.data)
    .data                                    0x20000194   Section        4  mvars.o(.data)
    .data                                    0x20000198   Section        4  mvars.o(.data)
    .bss                                     0x2000019c   Section     1220  main.o(.bss)
    .bss                                     0x20000660   Section       96  main.o(.bss)
    .bss                                     0x200006c0   Section       96  main.o(.bss)
    .bss                                     0x20000720   Section       96  main.o(.bss)
    .bss                                     0x20000780   Section       96  main.o(.bss)
    .bss                                     0x200007e0   Section     4096  usbd_cdc_if.o(.bss)
    .bss                                     0x200017e0   Section      512  usbd_desc.o(.bss)
    .bss                                     0x200019e0   Section      548  usb_device.o(.bss)
    .bss                                     0x20001c04   Section     1024  usbd_conf.o(.bss)
    .bss                                     0x20002004   Section       12  ff_gen_drv.o(.bss)
    HEAP                                     0x20002010   Section      512  startup_stm32f767xx.o(HEAP)
    STACK                                    0x20002210   Section     1024  startup_stm32f767xx.o(STACK)

    Global Symbols

    Symbol Name                              Value     Ov Type        Size  Object(Section)

    BuildAttributes$$THM_ISAv4$E$P$D$K$B$S$7EM$VFPv5_D16$PE$PLD8$A:L22UL41UL21$X:L11$S22US41US21$IEEE1$IW$USESV6$~STKCKD$USESV7$~SHL$OSPACE$EBA8$MICROLIB$REQ8$PRES8$EABIv2 0x00000000   Number         0  anon$$obj.o ABSOLUTE
    __ARM_use_no_argv                        0x00000000   Number         0  main.o ABSOLUTE
    __cpp_initialize__aeabi_                  - Undefined Weak Reference
    __cxa_finalize                            - Undefined Weak Reference
    _clock_init                               - Undefined Weak Reference
    _microlib_exit                            - Undefined Weak Reference
    __Vectors_Size                           0x000001f8   Number         0  startup_stm32f767xx.o ABSOLUTE
    __Vectors                                0x08000000   Data           4  startup_stm32f767xx.o(RESET)
    __Vectors_End                            0x080001f8   Data           0  startup_stm32f767xx.o(RESET)
    __main                                   0x080001f9   Thumb Code     0  entry.o(.ARM.Collect$$$$00000000)
    _main_stk                                0x080001f9   Thumb Code     0  entry2.o(.ARM.Collect$$$$00000001)
    _main_scatterload                        0x080001fd   Thumb Code     0  entry5.o(.ARM.Collect$$$$00000004)
    __main_after_scatterload                 0x08000201   Thumb Code     0  entry5.o(.ARM.Collect$$$$00000004)
    _main_clock                              0x08000201   Thumb Code     0  entry7b.o(.ARM.Collect$$$$00000008)
    _main_cpp_init                           0x08000201   Thumb Code     0  entry8b.o(.ARM.Collect$$$$0000000A)
    _main_init                               0x08000201   Thumb Code     0  entry9a.o(.ARM.Collect$$$$0000000B)
    __rt_final_cpp                           0x08000209   Thumb Code     0  entry10a.o(.ARM.Collect$$$$0000000D)
    __rt_final_exit                          0x08000209   Thumb Code     0  entry11a.o(.ARM.Collect$$$$0000000F)
    Reset_Handler                            0x0800020d   Thumb Code     8  startup_stm32f767xx.o(.text)
    ADC_IRQHandler                           0x08000227   Thumb Code     0  startup_stm32f767xx.o(.text)
    CAN1_RX0_IRQHandler                      0x08000227   Thumb Code     0  startup_stm32f767xx.o(.text)
    CAN1_RX1_IRQHandler                      0x08000227   Thumb Code     0  startup_stm32f767xx.o(.text)
    CAN1_SCE_IRQHandler                      0x08000227   Thumb Code     0  startup_stm32f767xx.o(.text)
    CAN1_TX_IRQHandler                       0x08000227   Thumb Code     0  startup_stm32f767xx.o(.text)
    CAN2_RX0_IRQHandler                      0x08000227   Thumb Code     0  startup_stm32f767xx.o(.text)
    CAN2_RX1_IRQHandler                      0x08000227   Thumb Code     0  startup_stm32f767xx.o(.text)
    CAN2_SCE_IRQHandler                      0x08000227   Thumb Code     0  startup_stm32f767xx.o(.text)
    CAN2_TX_IRQHandler                       0x08000227   Thumb Code     0  startup_stm32f767xx.o(.text)
    CAN3_RX0_IRQHandler                      0x08000227   Thumb Code     0  startup_stm32f767xx.o(.text)
    CAN3_RX1_IRQHandler                      0x08000227   Thumb Code     0  startup_stm32f767xx.o(.text)
    CAN3_SCE_IRQHandler                      0x08000227   Thumb Code     0  startup_stm32f767xx.o(.text)
    CAN3_TX_IRQHandler                       0x08000227   Thumb Code     0  startup_stm32f767xx.o(.text)
    CEC_IRQHandler                           0x08000227   Thumb Code     0  startup_stm32f767xx.o(.text)
    DCMI_IRQHandler                          0x08000227   Thumb Code     0  startup_stm32f767xx.o(.text)
    DFSDM1_FLT0_IRQHandler                   0x08000227   Thumb Code     0  startup_stm32f767xx.o(.text)
    DFSDM1_FLT1_IRQHandler                   0x08000227   Thumb Code     0  startup_stm32f767xx.o(.text)
    DFSDM1_FLT2_IRQHandler                   0x08000227   Thumb Code     0  startup_stm32f767xx.o(.text)
    DFSDM1_FLT3_IRQHandler                   0x08000227   Thumb Code     0  startup_stm32f767xx.o(.text)
    DMA1_Stream1_IRQHandler                  0x08000227   Thumb Code     0  startup_stm32f767xx.o(.text)
    DMA1_Stream2_IRQHandler                  0x08000227   Thumb Code     0  startup_stm32f767xx.o(.text)
    DMA1_Stream3_IRQHandler                  0x08000227   Thumb Code     0  startup_stm32f767xx.o(.text)
    DMA1_Stream4_IRQHandler                  0x08000227   Thumb Code     0  startup_stm32f767xx.o(.text)
    DMA1_Stream5_IRQHandler                  0x08000227   Thumb Code     0  startup_stm32f767xx.o(.text)
    DMA1_Stream6_IRQHandler                  0x08000227   Thumb Code     0  startup_stm32f767xx.o(.text)
    DMA1_Stream7_IRQHandler                  0x08000227   Thumb Code     0  startup_stm32f767xx.o(.text)
    DMA2D_IRQHandler                         0x08000227   Thumb Code     0  startup_stm32f767xx.o(.text)
    DMA2_Stream1_IRQHandler                  0x08000227   Thumb Code     0  startup_stm32f767xx.o(.text)
    DMA2_Stream2_IRQHandler                  0x08000227   Thumb Code     0  startup_stm32f767xx.o(.text)
    DMA2_Stream4_IRQHandler                  0x08000227   Thumb Code     0  startup_stm32f767xx.o(.text)
    DMA2_Stream5_IRQHandler                  0x08000227   Thumb Code     0  startup_stm32f767xx.o(.text)
    DMA2_Stream7_IRQHandler                  0x08000227   Thumb Code     0  startup_stm32f767xx.o(.text)
    ETH_IRQHandler                           0x08000227   Thumb Code     0  startup_stm32f767xx.o(.text)
    ETH_WKUP_IRQHandler                      0x08000227   Thumb Code     0  startup_stm32f767xx.o(.text)
    EXTI0_IRQHandler                         0x08000227   Thumb Code     0  startup_stm32f767xx.o(.text)
    EXTI15_10_IRQHandler                     0x08000227   Thumb Code     0  startup_stm32f767xx.o(.text)
    EXTI1_IRQHandler                         0x08000227   Thumb Code     0  startup_stm32f767xx.o(.text)
    EXTI2_IRQHandler                         0x08000227   Thumb Code     0  startup_stm32f767xx.o(.text)
    EXTI3_IRQHandler                         0x08000227   Thumb Code     0  startup_stm32f767xx.o(.text)
    EXTI4_IRQHandler                         0x08000227   Thumb Code     0  startup_stm32f767xx.o(.text)
    EXTI9_5_IRQHandler                       0x08000227   Thumb Code     0  startup_stm32f767xx.o(.text)
    FLASH_IRQHandler                         0x08000227   Thumb Code     0  startup_stm32f767xx.o(.text)
    FMC_IRQHandler                           0x08000227   Thumb Code     0  startup_stm32f767xx.o(.text)
    FPU_IRQHandler                           0x08000227   Thumb Code     0  startup_stm32f767xx.o(.text)
    I2C1_ER_IRQHandler                       0x08000227   Thumb Code     0  startup_stm32f767xx.o(.text)
    I2C1_EV_IRQHandler                       0x08000227   Thumb Code     0  startup_stm32f767xx.o(.text)
    I2C2_ER_IRQHandler                       0x08000227   Thumb Code     0  startup_stm32f767xx.o(.text)
    I2C2_EV_IRQHandler                       0x08000227   Thumb Code     0  startup_stm32f767xx.o(.text)
    I2C3_ER_IRQHandler                       0x08000227   Thumb Code     0  startup_stm32f767xx.o(.text)
    I2C3_EV_IRQHandler                       0x08000227   Thumb Code     0  startup_stm32f767xx.o(.text)
    I2C4_ER_IRQHandler                       0x08000227   Thumb Code     0  startup_stm32f767xx.o(.text)
    I2C4_EV_IRQHandler                       0x08000227   Thumb Code     0  startup_stm32f767xx.o(.text)
    JPEG_IRQHandler                          0x08000227   Thumb Code     0  startup_stm32f767xx.o(.text)
    LPTIM1_IRQHandler                        0x08000227   Thumb Code     0  startup_stm32f767xx.o(.text)
    LTDC_ER_IRQHandler                       0x08000227   Thumb Code     0  startup_stm32f767xx.o(.text)
    LTDC_IRQHandler                          0x08000227   Thumb Code     0  startup_stm32f767xx.o(.text)
    MDIOS_IRQHandler                         0x08000227   Thumb Code     0  startup_stm32f767xx.o(.text)
    OTG_FS_WKUP_IRQHandler                   0x08000227   Thumb Code     0  startup_stm32f767xx.o(.text)
    OTG_HS_EP1_IN_IRQHandler                 0x08000227   Thumb Code     0  startup_stm32f767xx.o(.text)
    OTG_HS_EP1_OUT_IRQHandler                0x08000227   Thumb Code     0  startup_stm32f767xx.o(.text)
    OTG_HS_IRQHandler                        0x08000227   Thumb Code     0  startup_stm32f767xx.o(.text)
    OTG_HS_WKUP_IRQHandler                   0x08000227   Thumb Code     0  startup_stm32f767xx.o(.text)
    PVD_IRQHandler                           0x08000227   Thumb Code     0  startup_stm32f767xx.o(.text)
    QUADSPI_IRQHandler                       0x08000227   Thumb Code     0  startup_stm32f767xx.o(.text)
    RCC_IRQHandler                           0x08000227   Thumb Code     0  startup_stm32f767xx.o(.text)
    RNG_IRQHandler                           0x08000227   Thumb Code     0  startup_stm32f767xx.o(.text)
    RTC_Alarm_IRQHandler                     0x08000227   Thumb Code     0  startup_stm32f767xx.o(.text)
    RTC_WKUP_IRQHandler                      0x08000227   Thumb Code     0  startup_stm32f767xx.o(.text)
    SAI1_IRQHandler                          0x08000227   Thumb Code     0  startup_stm32f767xx.o(.text)
    SAI2_IRQHandler                          0x08000227   Thumb Code     0  startup_stm32f767xx.o(.text)
    SDMMC1_IRQHandler                        0x08000227   Thumb Code     0  startup_stm32f767xx.o(.text)
    SDMMC2_IRQHandler                        0x08000227   Thumb Code     0  startup_stm32f767xx.o(.text)
    SPDIF_RX_IRQHandler                      0x08000227   Thumb Code     0  startup_stm32f767xx.o(.text)
    SPI1_IRQHandler                          0x08000227   Thumb Code     0  startup_stm32f767xx.o(.text)
    SPI2_IRQHandler                          0x08000227   Thumb Code     0  startup_stm32f767xx.o(.text)
    SPI3_IRQHandler                          0x08000227   Thumb Code     0  startup_stm32f767xx.o(.text)
    SPI4_IRQHandler                          0x08000227   Thumb Code     0  startup_stm32f767xx.o(.text)
    SPI5_IRQHandler                          0x08000227   Thumb Code     0  startup_stm32f767xx.o(.text)
    SPI6_IRQHandler                          0x08000227   Thumb Code     0  startup_stm32f767xx.o(.text)
    TAMP_STAMP_IRQHandler                    0x08000227   Thumb Code     0  startup_stm32f767xx.o(.text)
    TIM1_BRK_TIM9_IRQHandler                 0x08000227   Thumb Code     0  startup_stm32f767xx.o(.text)
    TIM1_CC_IRQHandler                       0x08000227   Thumb Code     0  startup_stm32f767xx.o(.text)
    TIM1_TRG_COM_TIM11_IRQHandler            0x08000227   Thumb Code     0  startup_stm32f767xx.o(.text)
    TIM2_IRQHandler                          0x08000227   Thumb Code     0  startup_stm32f767xx.o(.text)
    TIM3_IRQHandler                          0x08000227   Thumb Code     0  startup_stm32f767xx.o(.text)
    TIM4_IRQHandler                          0x08000227   Thumb Code     0  startup_stm32f767xx.o(.text)
    TIM5_IRQHandler                          0x08000227   Thumb Code     0  startup_stm32f767xx.o(.text)
    TIM6_DAC_IRQHandler                      0x08000227   Thumb Code     0  startup_stm32f767xx.o(.text)
    TIM7_IRQHandler                          0x08000227   Thumb Code     0  startup_stm32f767xx.o(.text)
    TIM8_BRK_TIM12_IRQHandler                0x08000227   Thumb Code     0  startup_stm32f767xx.o(.text)
    TIM8_CC_IRQHandler                       0x08000227   Thumb Code     0  startup_stm32f767xx.o(.text)
    TIM8_TRG_COM_TIM14_IRQHandler            0x08000227   Thumb Code     0  startup_stm32f767xx.o(.text)
    TIM8_UP_TIM13_IRQHandler                 0x08000227   Thumb Code     0  startup_stm32f767xx.o(.text)
    UART4_IRQHandler                         0x08000227   Thumb Code     0  startup_stm32f767xx.o(.text)
    UART5_IRQHandler                         0x08000227   Thumb Code     0  startup_stm32f767xx.o(.text)
    UART7_IRQHandler                         0x08000227   Thumb Code     0  startup_stm32f767xx.o(.text)
    UART8_IRQHandler                         0x08000227   Thumb Code     0  startup_stm32f767xx.o(.text)
    USART1_IRQHandler                        0x08000227   Thumb Code     0  startup_stm32f767xx.o(.text)
    USART2_IRQHandler                        0x08000227   Thumb Code     0  startup_stm32f767xx.o(.text)
    USART3_IRQHandler                        0x08000227   Thumb Code     0  startup_stm32f767xx.o(.text)
    USART6_IRQHandler                        0x08000227   Thumb Code     0  startup_stm32f767xx.o(.text)
    WWDG_IRQHandler                          0x08000227   Thumb Code     0  startup_stm32f767xx.o(.text)
    __aeabi_uldivmod                         0x08000231   Thumb Code    98  uldiv.o(.text)
    __aeabi_memcpy                           0x08000293   Thumb Code    36  memcpya.o(.text)
    __aeabi_memcpy4                          0x08000293   Thumb Code     0  memcpya.o(.text)
    __aeabi_memcpy8                          0x08000293   Thumb Code     0  memcpya.o(.text)
    __aeabi_llsl                             0x080002b7   Thumb Code    30  llshl.o(.text)
    _ll_shift_l                              0x080002b7   Thumb Code     0  llshl.o(.text)
    __aeabi_llsr                             0x080002d5   Thumb Code    32  llushr.o(.text)
    _ll_ushift_r                             0x080002d5   Thumb Code     0  llushr.o(.text)
    __scatterload                            0x080002f5   Thumb Code    28  init.o(.text)
    __scatterload_rt2                        0x080002f5   Thumb Code     0  init.o(.text)
    __decompress                             0x08000319   Thumb Code     0  __dczerorl2.o(.text)
    __decompress1                            0x08000319   Thumb Code    86  __dczerorl2.o(.text)
    BSP_SD_GetCardInfo                       0x08000371   Thumb Code     8  bsp_driver_sd.o(i.BSP_SD_GetCardInfo)
    BSP_SD_GetCardState                      0x0800037d   Thumb Code    20  bsp_driver_sd.o(i.BSP_SD_GetCardState)
    BSP_SD_Init                              0x08000395   Thumb Code    48  bsp_driver_sd.o(i.BSP_SD_Init)
    BSP_SD_ReadBlocks_DMA                    0x080003c9   Thumb Code    24  bsp_driver_sd.o(i.BSP_SD_ReadBlocks_DMA)
    BSP_SD_WriteBlocks_DMA                   0x080003e5   Thumb Code    24  bsp_driver_sd.o(i.BSP_SD_WriteBlocks_DMA)
    BusFault_Handler                         0x08000401   Thumb Code     2  stm32f7xx_it.o(i.BusFault_Handler)
    DMA1_Stream0_IRQHandler                  0x08000449   Thumb Code     6  stm32f7xx_it.o(i.DMA1_Stream0_IRQHandler)
    DMA2_Stream0_IRQHandler                  0x08000455   Thumb Code     6  stm32f7xx_it.o(i.DMA2_Stream0_IRQHandler)
    DMA2_Stream3_IRQHandler                  0x08000461   Thumb Code     6  stm32f7xx_it.o(i.DMA2_Stream3_IRQHandler)
    DMA2_Stream6_IRQHandler                  0x0800046d   Thumb Code     6  stm32f7xx_it.o(i.DMA2_Stream6_IRQHandler)
    DebugMon_Handler                         0x0800051d   Thumb Code     2  stm32f7xx_it.o(i.DebugMon_Handler)
    FATFS_LinkDriver                         0x0800051f   Thumb Code     6  ff_gen_drv.o(i.FATFS_LinkDriver)
    FATFS_LinkDriverEx                       0x08000525   Thumb Code    58  ff_gen_drv.o(i.FATFS_LinkDriverEx)
    HAL_DMA_GetError                         0x08000565   Thumb Code     4  stm32f7xx_hal_dma.o(i.HAL_DMA_GetError)
    HAL_DMA_IRQHandler                       0x08000569   Thumb Code   412  stm32f7xx_hal_dma.o(i.HAL_DMA_IRQHandler)
    HAL_DMA_Init                             0x08000709   Thumb Code   222  stm32f7xx_hal_dma.o(i.HAL_DMA_Init)
    HAL_DMA_Start_IT                         0x080007ed   Thumb Code   122  stm32f7xx_hal_dma.o(i.HAL_DMA_Start_IT)
    HAL_Delay                                0x08000869   Thumb Code    32  stm32f7xx_hal.o(i.HAL_Delay)
    HAL_GPIO_Init                            0x0800088d   Thumb Code   418  stm32f7xx_hal_gpio.o(i.HAL_GPIO_Init)
    HAL_GPIO_TogglePin                       0x08000a65   Thumb Code     8  stm32f7xx_hal_gpio.o(i.HAL_GPIO_TogglePin)
    HAL_GPIO_WritePin                        0x08000a6d   Thumb Code    10  stm32f7xx_hal_gpio.o(i.HAL_GPIO_WritePin)
    HAL_GetTick                              0x08000a79   Thumb Code     6  stm32f7xx_hal.o(i.HAL_GetTick)
    HAL_HalfDuplex_Init                      0x08000a85   Thumb Code   116  stm32f7xx_hal_uart.o(i.HAL_HalfDuplex_Init)
    HAL_IncTick                              0x08000af9   Thumb Code    12  stm32f7xx_hal.o(i.HAL_IncTick)
    HAL_Init                                 0x08000b09   Thumb Code    22  stm32f7xx_hal.o(i.HAL_Init)
    HAL_InitTick                             0x08000b21   Thumb Code    54  stm32f7xx_hal.o(i.HAL_InitTick)
    HAL_MspInit                              0x08000b61   Thumb Code    88  stm32f7xx_hal_msp.o(i.HAL_MspInit)
    HAL_NVIC_EnableIRQ                       0x08000bb9   Thumb Code    22  stm32f7xx_hal_cortex.o(i.HAL_NVIC_EnableIRQ)
    HAL_NVIC_SetPriority                     0x08000bd1   Thumb Code    60  stm32f7xx_hal_cortex.o(i.HAL_NVIC_SetPriority)
    HAL_NVIC_SetPriorityGrouping             0x08000c11   Thumb Code    28  stm32f7xx_hal_cortex.o(i.HAL_NVIC_SetPriorityGrouping)
    HAL_PCDEx_ActivateLPM                    0x08000c35   Thumb Code    34  stm32f7xx_hal_pcd_ex.o(i.HAL_PCDEx_ActivateLPM)
    HAL_PCDEx_LPM_Callback                   0x08000c5d   Thumb Code    92  usbd_conf.o(i.HAL_PCDEx_LPM_Callback)
    HAL_PCDEx_SetRxFiFo                      0x08000cbd   Thumb Code     8  stm32f7xx_hal_pcd_ex.o(i.HAL_PCDEx_SetRxFiFo)
    HAL_PCDEx_SetTxFiFo                      0x08000cc5   Thumb Code    72  stm32f7xx_hal_pcd_ex.o(i.HAL_PCDEx_SetTxFiFo)
    HAL_PCD_ConnectCallback                  0x08000d0d   Thumb Code     8  usbd_conf.o(i.HAL_PCD_ConnectCallback)
    HAL_PCD_DataInStageCallback              0x08000d15   Thumb Code    18  usbd_conf.o(i.HAL_PCD_DataInStageCallback)
    HAL_PCD_DataOutStageCallback             0x08000d27   Thumb Code    20  usbd_conf.o(i.HAL_PCD_DataOutStageCallback)
    HAL_PCD_DisconnectCallback               0x08000d3b   Thumb Code     8  usbd_conf.o(i.HAL_PCD_DisconnectCallback)
    HAL_PCD_EP_Close                         0x08000d43   Thumb Code    68  stm32f7xx_hal_pcd.o(i.HAL_PCD_EP_Close)
    HAL_PCD_EP_ClrStall                      0x08000d87   Thumb Code    94  stm32f7xx_hal_pcd.o(i.HAL_PCD_EP_ClrStall)
    HAL_PCD_EP_GetRxCount                    0x08000de5   Thumb Code    20  stm32f7xx_hal_pcd.o(i.HAL_PCD_EP_GetRxCount)
    HAL_PCD_EP_Open                          0x08000df9   Thumb Code    86  stm32f7xx_hal_pcd.o(i.HAL_PCD_EP_Open)
    HAL_PCD_EP_Receive                       0x08000e4f   Thumb Code    68  stm32f7xx_hal_pcd.o(i.HAL_PCD_EP_Receive)
    HAL_PCD_EP_SetStall                      0x08000e93   Thumb Code   110  stm32f7xx_hal_pcd.o(i.HAL_PCD_EP_SetStall)
    HAL_PCD_EP_Transmit                      0x08000f01   Thumb Code    68  stm32f7xx_hal_pcd.o(i.HAL_PCD_EP_Transmit)
    HAL_PCD_IRQHandler                       0x08000f45   Thumb Code  1344  stm32f7xx_hal_pcd.o(i.HAL_PCD_IRQHandler)
    HAL_PCD_ISOINIncompleteCallback          0x080014cd   Thumb Code     8  usbd_conf.o(i.HAL_PCD_ISOINIncompleteCallback)
    HAL_PCD_ISOOUTIncompleteCallback         0x080014d5   Thumb Code     8  usbd_conf.o(i.HAL_PCD_ISOOUTIncompleteCallback)
    HAL_PCD_Init                             0x080014dd   Thumb Code   208  stm32f7xx_hal_pcd.o(i.HAL_PCD_Init)
    HAL_PCD_MspInit                          0x080015ad   Thumb Code    94  usbd_conf.o(i.HAL_PCD_MspInit)
    HAL_PCD_ResetCallback                    0x08001615   Thumb Code    32  usbd_conf.o(i.HAL_PCD_ResetCallback)
    HAL_PCD_ResumeCallback                   0x08001635   Thumb Code     8  usbd_conf.o(i.HAL_PCD_ResumeCallback)
    HAL_PCD_SOFCallback                      0x0800163d   Thumb Code     8  usbd_conf.o(i.HAL_PCD_SOFCallback)
    HAL_PCD_SetAddress                       0x08001645   Thumb Code    36  stm32f7xx_hal_pcd.o(i.HAL_PCD_SetAddress)
    HAL_PCD_SetupStageCallback               0x08001669   Thumb Code    14  usbd_conf.o(i.HAL_PCD_SetupStageCallback)
    HAL_PCD_Start                            0x08001677   Thumb Code    42  stm32f7xx_hal_pcd.o(i.HAL_PCD_Start)
    HAL_PCD_SuspendCallback                  0x080016a1   Thumb Code    44  usbd_conf.o(i.HAL_PCD_SuspendCallback)
    HAL_PWREx_EnableOverDrive                0x080016d1   Thumb Code   100  stm32f7xx_hal_pwr_ex.o(i.HAL_PWREx_EnableOverDrive)
    HAL_RCCEx_PeriphCLKConfig                0x0800173d   Thumb Code  1336  stm32f7xx_hal_rcc_ex.o(i.HAL_RCCEx_PeriphCLKConfig)
    HAL_RCC_ClockConfig                      0x08001c79   Thumb Code   282  stm32f7xx_hal_rcc.o(i.HAL_RCC_ClockConfig)
    HAL_RCC_GetHCLKFreq                      0x08001da5   Thumb Code     6  stm32f7xx_hal_rcc.o(i.HAL_RCC_GetHCLKFreq)
    HAL_RCC_GetPCLK1Freq                     0x08001db1   Thumb Code    20  stm32f7xx_hal_rcc.o(i.HAL_RCC_GetPCLK1Freq)
    HAL_RCC_GetPCLK2Freq                     0x08001dd1   Thumb Code    20  stm32f7xx_hal_rcc.o(i.HAL_RCC_GetPCLK2Freq)
    HAL_RCC_GetSysClockFreq                  0x08001df1   Thumb Code    88  stm32f7xx_hal_rcc.o(i.HAL_RCC_GetSysClockFreq)
    HAL_RCC_MCOConfig                        0x08001e55   Thumb Code   130  stm32f7xx_hal_rcc.o(i.HAL_RCC_MCOConfig)
    HAL_RCC_OscConfig                        0x08001ee9   Thumb Code   814  stm32f7xx_hal_rcc.o(i.HAL_RCC_OscConfig)
    HAL_SD_ConfigWideBusOperation            0x08002225   Thumb Code   120  stm32f7xx_hal_sd.o(i.HAL_SD_ConfigWideBusOperation)
    HAL_SD_ErrorCallback                     0x0800229d   Thumb Code     2  stm32f7xx_hal_sd.o(i.HAL_SD_ErrorCallback)
    HAL_SD_GetCardCSD                        0x0800229f   Thumb Code   506  stm32f7xx_hal_sd.o(i.HAL_SD_GetCardCSD)
    HAL_SD_GetCardInfo                       0x08002499   Thumb Code    36  stm32f7xx_hal_sd.o(i.HAL_SD_GetCardInfo)
    HAL_SD_GetCardState                      0x080024bd   Thumb Code    44  stm32f7xx_hal_sd.o(i.HAL_SD_GetCardState)
    HAL_SD_Init                              0x080024e9   Thumb Code    54  stm32f7xx_hal_sd.o(i.HAL_SD_Init)
    HAL_SD_InitCard                          0x0800251f   Thumb Code    92  stm32f7xx_hal_sd.o(i.HAL_SD_InitCard)
    HAL_SD_MspInit                           0x0800257d   Thumb Code    92  stm32f7xx_hal_msp.o(i.HAL_SD_MspInit)
    HAL_SD_ReadBlocks_DMA                    0x080025e9   Thumb Code   236  stm32f7xx_hal_sd.o(i.HAL_SD_ReadBlocks_DMA)
    HAL_SD_RxCpltCallback                    0x080026dd   Thumb Code     2  stm32f7xx_hal_sd.o(i.HAL_SD_RxCpltCallback)
    HAL_SD_WriteBlocks_DMA                   0x080026e1   Thumb Code   240  stm32f7xx_hal_sd.o(i.HAL_SD_WriteBlocks_DMA)
    HAL_SPI_Init                             0x080027d9   Thumb Code   196  stm32f7xx_hal_spi.o(i.HAL_SPI_Init)
    HAL_SPI_MspInit                          0x0800289d   Thumb Code   450  stm32f7xx_hal_msp.o(i.HAL_SPI_MspInit)
    HAL_SYSTICK_CLKSourceConfig              0x08002ac1   Thumb Code    24  stm32f7xx_hal_cortex.o(i.HAL_SYSTICK_CLKSourceConfig)
    HAL_SYSTICK_Callback                     0x08002ad9   Thumb Code     2  stm32f7xx_hal_cortex.o(i.HAL_SYSTICK_Callback)
    HAL_SYSTICK_Config                       0x08002adb   Thumb Code    38  stm32f7xx_hal_cortex.o(i.HAL_SYSTICK_Config)
    HAL_SYSTICK_IRQHandler                   0x08002b01   Thumb Code     8  stm32f7xx_hal_cortex.o(i.HAL_SYSTICK_IRQHandler)
    HAL_TIMEx_BreakCallback                  0x08002b09   Thumb Code     2  stm32f7xx_hal_tim_ex.o(i.HAL_TIMEx_BreakCallback)
    HAL_TIMEx_CommutationCallback            0x08002b0b   Thumb Code     2  stm32f7xx_hal_tim_ex.o(i.HAL_TIMEx_CommutationCallback)
    HAL_TIMEx_MasterConfigSynchronization    0x08002b0d   Thumb Code    78  stm32f7xx_hal_tim_ex.o(i.HAL_TIMEx_MasterConfigSynchronization)
    HAL_TIM_Base_Init                        0x08002b65   Thumb Code    54  stm32f7xx_hal_tim.o(i.HAL_TIM_Base_Init)
    HAL_TIM_Base_MspInit                     0x08002b9d   Thumb Code    50  stm32f7xx_hal_msp.o(i.HAL_TIM_Base_MspInit)
    HAL_TIM_Base_Start_IT                    0x08002bd9   Thumb Code    24  stm32f7xx_hal_tim.o(i.HAL_TIM_Base_Start_IT)
    HAL_TIM_ConfigClockSource                0x08002bf1   Thumb Code   246  stm32f7xx_hal_tim.o(i.HAL_TIM_ConfigClockSource)
    HAL_TIM_IC_CaptureCallback               0x08002ced   Thumb Code     2  stm32f7xx_hal_tim.o(i.HAL_TIM_IC_CaptureCallback)
    HAL_TIM_IRQHandler                       0x08002cef   Thumb Code   382  stm32f7xx_hal_tim.o(i.HAL_TIM_IRQHandler)
    HAL_TIM_OC_DelayElapsedCallback          0x08002e6d   Thumb Code     2  stm32f7xx_hal_tim.o(i.HAL_TIM_OC_DelayElapsedCallback)
    HAL_TIM_PWM_PulseFinishedCallback        0x08002e6f   Thumb Code     2  stm32f7xx_hal_tim.o(i.HAL_TIM_PWM_PulseFinishedCallback)
    HAL_TIM_PeriodElapsedCallback            0x08002e71   Thumb Code     2  stm32f7xx_hal_tim.o(i.HAL_TIM_PeriodElapsedCallback)
    HAL_TIM_TriggerCallback                  0x08002e73   Thumb Code     2  stm32f7xx_hal_tim.o(i.HAL_TIM_TriggerCallback)
    HAL_UART_MspInit                         0x08002e75   Thumb Code   184  stm32f7xx_hal_msp.o(i.HAL_UART_MspInit)
    HAL_USART_Init                           0x08002f4d   Thumb Code   144  stm32f7xx_hal_usart.o(i.HAL_USART_Init)
    HAL_USART_MspInit                        0x08002fdd   Thumb Code    58  stm32f7xx_hal_msp.o(i.HAL_USART_MspInit)
    HardFault_Handler                        0x08003025   Thumb Code     2  stm32f7xx_it.o(i.HardFault_Handler)
    MX_FATFS_Init                            0x08003095   Thumb Code    18  fatfs.o(i.MX_FATFS_Init)
    MX_USB_DEVICE_Init                       0x08003505   Thumb Code    38  usb_device.o(i.MX_USB_DEVICE_Init)
    MemManage_Handler                        0x0800353d   Thumb Code     2  stm32f7xx_it.o(i.MemManage_Handler)
    NMI_Handler                              0x0800353f   Thumb Code     2  stm32f7xx_it.o(i.NMI_Handler)
    OTG_FS_IRQHandler                        0x08003565   Thumb Code     6  stm32f7xx_it.o(i.OTG_FS_IRQHandler)
    PendSV_Handler                           0x08003607   Thumb Code     2  stm32f7xx_it.o(i.PendSV_Handler)
    SDMMC_CmdAppCommand                      0x08003609   Thumb Code    50  stm32f7xx_ll_sdmmc.o(i.SDMMC_CmdAppCommand)
    SDMMC_CmdAppOperCommand                  0x0800363d   Thumb Code    48  stm32f7xx_ll_sdmmc.o(i.SDMMC_CmdAppOperCommand)
    SDMMC_CmdBlockLength                     0x08003671   Thumb Code    50  stm32f7xx_ll_sdmmc.o(i.SDMMC_CmdBlockLength)
    SDMMC_CmdBusWidth                        0x080036a3   Thumb Code    50  stm32f7xx_ll_sdmmc.o(i.SDMMC_CmdBusWidth)
    SDMMC_CmdGoIdleState                     0x080036d5   Thumb Code    76  stm32f7xx_ll_sdmmc.o(i.SDMMC_CmdGoIdleState)
    SDMMC_CmdOperCond                        0x08003725   Thumb Code    94  stm32f7xx_ll_sdmmc.o(i.SDMMC_CmdOperCond)
    SDMMC_CmdReadMultiBlock                  0x08003789   Thumb Code    50  stm32f7xx_ll_sdmmc.o(i.SDMMC_CmdReadMultiBlock)
    SDMMC_CmdReadSingleBlock                 0x080037bb   Thumb Code    50  stm32f7xx_ll_sdmmc.o(i.SDMMC_CmdReadSingleBlock)
    SDMMC_CmdSelDesel                        0x080037ed   Thumb Code    48  stm32f7xx_ll_sdmmc.o(i.SDMMC_CmdSelDesel)
    SDMMC_CmdSendCID                         0x0800381d   Thumb Code    42  stm32f7xx_ll_sdmmc.o(i.SDMMC_CmdSendCID)
    SDMMC_CmdSendCSD                         0x08003847   Thumb Code    46  stm32f7xx_ll_sdmmc.o(i.SDMMC_CmdSendCSD)
    SDMMC_CmdSendSCR                         0x08003875   Thumb Code    48  stm32f7xx_ll_sdmmc.o(i.SDMMC_CmdSendSCR)
    SDMMC_CmdSendStatus                      0x080038a5   Thumb Code    50  stm32f7xx_ll_sdmmc.o(i.SDMMC_CmdSendStatus)
    SDMMC_CmdSetRelAdd                       0x080038d7   Thumb Code    48  stm32f7xx_ll_sdmmc.o(i.SDMMC_CmdSetRelAdd)
    SDMMC_CmdStopTransfer                    0x08003909   Thumb Code    46  stm32f7xx_ll_sdmmc.o(i.SDMMC_CmdStopTransfer)
    SDMMC_CmdWriteMultiBlock                 0x0800393d   Thumb Code    50  stm32f7xx_ll_sdmmc.o(i.SDMMC_CmdWriteMultiBlock)
    SDMMC_CmdWriteSingleBlock                0x0800396f   Thumb Code    50  stm32f7xx_ll_sdmmc.o(i.SDMMC_CmdWriteSingleBlock)
    SDMMC_ConfigData                         0x080039a1   Thumb Code    38  stm32f7xx_ll_sdmmc.o(i.SDMMC_ConfigData)
    SDMMC_GetPowerState                      0x08003bf9   Thumb Code     8  stm32f7xx_ll_sdmmc.o(i.SDMMC_GetPowerState)
    SDMMC_GetResponse                        0x08003c01   Thumb Code    12  stm32f7xx_ll_sdmmc.o(i.SDMMC_GetResponse)
    SDMMC_Init                               0x08003c0d   Thumb Code    34  stm32f7xx_ll_sdmmc.o(i.SDMMC_Init)
    SDMMC_PowerState_ON                      0x08003c2f   Thumb Code     8  stm32f7xx_ll_sdmmc.o(i.SDMMC_PowerState_ON)
    SDMMC_ReadFIFO                           0x08003c37   Thumb Code     6  stm32f7xx_ll_sdmmc.o(i.SDMMC_ReadFIFO)
    SDMMC_SendCommand                        0x08003c3d   Thumb Code    34  stm32f7xx_ll_sdmmc.o(i.SDMMC_SendCommand)
    SD_initialize                            0x08004029   Thumb Code    28  sd_diskio.o(i.SD_initialize)
    SD_ioctl                                 0x08004049   Thumb Code    84  sd_diskio.o(i.SD_ioctl)
    SD_read                                  0x080040a1   Thumb Code   102  sd_diskio.o(i.SD_read)
    SD_status                                0x0800410d   Thumb Code     4  sd_diskio.o(i.SD_status)
    SD_write                                 0x08004111   Thumb Code   102  sd_diskio.o(i.SD_write)
    SVC_Handler                              0x0800417d   Thumb Code     2  stm32f7xx_it.o(i.SVC_Handler)
    SysTick_Handler                          0x0800417f   Thumb Code    14  stm32f7xx_it.o(i.SysTick_Handler)
    SystemClock_Config                       0x0800418d   Thumb Code   240  main.o(i.SystemClock_Config)
    SystemInit                               0x08004289   Thumb Code    68  system_stm32f7xx.o(i.SystemInit)
    TIM1_UP_TIM10_IRQHandler                 0x080042dd   Thumb Code    20  stm32f7xx_it.o(i.TIM1_UP_TIM10_IRQHandler)
    TIM_Base_SetConfig                       0x080042f9   Thumb Code   158  stm32f7xx_hal_tim.o(i.TIM_Base_SetConfig)
    TIM_ETR_SetConfig                        0x080043c5   Thumb Code    18  stm32f7xx_hal_tim.o(i.TIM_ETR_SetConfig)
    UART_AdvFeatureConfig                    0x0800442d   Thumb Code   200  stm32f7xx_hal_uart.o(i.UART_AdvFeatureConfig)
    UART_CheckIdleState                      0x080044f5   Thumb Code    64  stm32f7xx_hal_uart.o(i.UART_CheckIdleState)
    UART_SetConfig                           0x08004535   Thumb Code   550  stm32f7xx_hal_uart.o(i.UART_SetConfig)
    UART_WaitOnFlagUntilTimeout              0x0800478d   Thumb Code   100  stm32f7xx_hal_uart.o(i.UART_WaitOnFlagUntilTimeout)
    USBD_CDC_GetDeviceQualifierDescriptor    0x08004a31   Thumb Code     8  usbd_cdc.o(i.USBD_CDC_GetDeviceQualifierDescriptor)
    USBD_CDC_ReceivePacket                   0x08004ae9   Thumb Code    40  usbd_cdc.o(i.USBD_CDC_ReceivePacket)
    USBD_CDC_RegisterInterface               0x08004b11   Thumb Code    20  usbd_cdc.o(i.USBD_CDC_RegisterInterface)
    USBD_CDC_SetRxBuffer                     0x08004b25   Thumb Code    12  usbd_cdc.o(i.USBD_CDC_SetRxBuffer)
    USBD_CDC_SetTxBuffer                     0x08004b31   Thumb Code    16  usbd_cdc.o(i.USBD_CDC_SetTxBuffer)
    USBD_ClrClassConfig                      0x08004bb1   Thumb Code    14  usbd_core.o(i.USBD_ClrClassConfig)
    USBD_CtlContinueRx                       0x08004bbf   Thumb Code    16  usbd_ioreq.o(i.USBD_CtlContinueRx)
    USBD_CtlContinueSendData                 0x08004bcf   Thumb Code    16  usbd_ioreq.o(i.USBD_CtlContinueSendData)
    USBD_CtlError                            0x08004bdf   Thumb Code    22  usbd_ctlreq.o(i.USBD_CtlError)
    USBD_CtlPrepareRx                        0x08004bf5   Thumb Code    30  usbd_ioreq.o(i.USBD_CtlPrepareRx)
    USBD_CtlReceiveStatus                    0x08004c13   Thumb Code    22  usbd_ioreq.o(i.USBD_CtlReceiveStatus)
    USBD_CtlSendData                         0x08004c29   Thumb Code    26  usbd_ioreq.o(i.USBD_CtlSendData)
    USBD_CtlSendStatus                       0x08004c43   Thumb Code    22  usbd_ioreq.o(i.USBD_CtlSendStatus)
    USBD_FS_ConfigStrDescriptor              0x08004c59   Thumb Code    16  usbd_desc.o(i.USBD_FS_ConfigStrDescriptor)
    USBD_FS_DeviceDescriptor                 0x08004c79   Thumb Code     8  usbd_desc.o(i.USBD_FS_DeviceDescriptor)
    USBD_FS_InterfaceStrDescriptor           0x08004c85   Thumb Code    16  usbd_desc.o(i.USBD_FS_InterfaceStrDescriptor)
    USBD_FS_LangIDStrDescriptor              0x08004ca9   Thumb Code     8  usbd_desc.o(i.USBD_FS_LangIDStrDescriptor)
    USBD_FS_ManufacturerStrDescriptor        0x08004cb5   Thumb Code    16  usbd_desc.o(i.USBD_FS_ManufacturerStrDescriptor)
    USBD_FS_ProductStrDescriptor             0x08004cdd   Thumb Code    16  usbd_desc.o(i.USBD_FS_ProductStrDescriptor)
    USBD_FS_SerialStrDescriptor              0x08004d09   Thumb Code    16  usbd_desc.o(i.USBD_FS_SerialStrDescriptor)
    USBD_FS_USR_BOSDescriptor                0x08004d2d   Thumb Code     8  usbd_desc.o(i.USBD_FS_USR_BOSDescriptor)
    USBD_GetString                           0x08004e41   Thumb Code    72  usbd_ctlreq.o(i.USBD_GetString)
    USBD_Init                                0x08004e89   Thumb Code    42  usbd_core.o(i.USBD_Init)
    USBD_LL_ClearStallEP                     0x08004eb3   Thumb Code    32  usbd_conf.o(i.USBD_LL_ClearStallEP)
    USBD_LL_CloseEP                          0x08004ed3   Thumb Code    32  usbd_conf.o(i.USBD_LL_CloseEP)
    USBD_LL_DataInStage                      0x08004ef3   Thumb Code   170  usbd_core.o(i.USBD_LL_DataInStage)
    USBD_LL_DataOutStage                     0x08004f9d   Thumb Code   106  usbd_core.o(i.USBD_LL_DataOutStage)
    USBD_LL_DevConnected                     0x08005007   Thumb Code     4  usbd_core.o(i.USBD_LL_DevConnected)
    USBD_LL_DevDisconnected                  0x0800500b   Thumb Code    22  usbd_core.o(i.USBD_LL_DevDisconnected)
    USBD_LL_GetRxDataSize                    0x08005021   Thumb Code     8  usbd_conf.o(i.USBD_LL_GetRxDataSize)
    USBD_LL_Init                             0x08005029   Thumb Code   100  usbd_conf.o(i.USBD_LL_Init)
    USBD_LL_IsStallEP                        0x080050a5   Thumb Code    32  usbd_conf.o(i.USBD_LL_IsStallEP)
    USBD_LL_IsoINIncomplete                  0x080050c5   Thumb Code     4  usbd_core.o(i.USBD_LL_IsoINIncomplete)
    USBD_LL_IsoOUTIncomplete                 0x080050c9   Thumb Code     4  usbd_core.o(i.USBD_LL_IsoOUTIncomplete)
    USBD_LL_OpenEP                           0x080050cd   Thumb Code    38  usbd_conf.o(i.USBD_LL_OpenEP)
    USBD_LL_PrepareReceive                   0x080050f3   Thumb Code    32  usbd_conf.o(i.USBD_LL_PrepareReceive)
    USBD_LL_Reset                            0x08005113   Thumb Code    64  usbd_core.o(i.USBD_LL_Reset)
    USBD_LL_Resume                           0x08005153   Thumb Code    12  usbd_core.o(i.USBD_LL_Resume)
    USBD_LL_SOF                              0x0800515f   Thumb Code    24  usbd_core.o(i.USBD_LL_SOF)
    USBD_LL_SetSpeed                         0x08005177   Thumb Code     6  usbd_core.o(i.USBD_LL_SetSpeed)
    USBD_LL_SetUSBAddress                    0x0800517d   Thumb Code    32  usbd_conf.o(i.USBD_LL_SetUSBAddress)
    USBD_LL_SetupStage                       0x0800519d   Thumb Code    86  usbd_core.o(i.USBD_LL_SetupStage)
    USBD_LL_StallEP                          0x080051f3   Thumb Code    32  usbd_conf.o(i.USBD_LL_StallEP)
    USBD_LL_Start                            0x08005213   Thumb Code    32  usbd_conf.o(i.USBD_LL_Start)
    USBD_LL_Suspend                          0x08005233   Thumb Code    18  usbd_core.o(i.USBD_LL_Suspend)
    USBD_LL_Transmit                         0x08005245   Thumb Code    32  usbd_conf.o(i.USBD_LL_Transmit)
    USBD_ParseSetupRequest                   0x08005265   Thumb Code    40  usbd_ctlreq.o(i.USBD_ParseSetupRequest)
    USBD_RegisterClass                       0x0800528d   Thumb Code    18  usbd_core.o(i.USBD_RegisterClass)
    USBD_SetClassConfig                      0x0800529f   Thumb Code    22  usbd_core.o(i.USBD_SetClassConfig)
    USBD_Start                               0x08005329   Thumb Code    10  usbd_core.o(i.USBD_Start)
    USBD_StdDevReq                           0x08005333   Thumb Code   242  usbd_ctlreq.o(i.USBD_StdDevReq)
    USBD_StdEPReq                            0x08005425   Thumb Code   222  usbd_ctlreq.o(i.USBD_StdEPReq)
    USBD_StdItfReq                           0x08005503   Thumb Code    52  usbd_ctlreq.o(i.USBD_StdItfReq)
    USB_ActivateEndpoint                     0x08005539   Thumb Code   124  stm32f7xx_ll_usb.o(i.USB_ActivateEndpoint)
    USB_ActivateSetup                        0x080055b9   Thumb Code    52  stm32f7xx_ll_usb.o(i.USB_ActivateSetup)
    USB_CoreInit                             0x080055ed   Thumb Code   106  stm32f7xx_ll_usb.o(i.USB_CoreInit)
    USB_DeactivateEndpoint                   0x08005695   Thumb Code   110  stm32f7xx_ll_usb.o(i.USB_DeactivateEndpoint)
    USB_DevConnect                           0x08005703   Thumb Code    24  stm32f7xx_ll_usb.o(i.USB_DevConnect)
    USB_DevDisconnect                        0x0800571b   Thumb Code    24  stm32f7xx_ll_usb.o(i.USB_DevDisconnect)
    USB_DevInit                              0x08005735   Thumb Code   342  stm32f7xx_ll_usb.o(i.USB_DevInit)
    USB_DisableGlobalInt                     0x0800589d   Thumb Code    12  stm32f7xx_ll_usb.o(i.USB_DisableGlobalInt)
    USB_EP0StartXfer                         0x080058a9   Thumb Code   316  stm32f7xx_ll_usb.o(i.USB_EP0StartXfer)
    USB_EP0_OutStart                         0x080059e9   Thumb Code    62  stm32f7xx_ll_usb.o(i.USB_EP0_OutStart)
    USB_EPClearStall                         0x08005a27   Thumb Code   100  stm32f7xx_ll_usb.o(i.USB_EPClearStall)
    USB_EPSetStall                           0x08005a8b   Thumb Code    94  stm32f7xx_ll_usb.o(i.USB_EPSetStall)
    USB_EPStartXfer                          0x08005ae9   Thumb Code   534  stm32f7xx_ll_usb.o(i.USB_EPStartXfer)
    USB_EnableGlobalInt                      0x08005d05   Thumb Code    12  stm32f7xx_ll_usb.o(i.USB_EnableGlobalInt)
    USB_FlushRxFifo                          0x08005d11   Thumb Code    28  stm32f7xx_ll_usb.o(i.USB_FlushRxFifo)
    USB_FlushTxFifo                          0x08005d31   Thumb Code    32  stm32f7xx_ll_usb.o(i.USB_FlushTxFifo)
    USB_GetDevSpeed                          0x08005d55   Thumb Code    62  stm32f7xx_ll_usb.o(i.USB_GetDevSpeed)
    USB_GetMode                              0x08005d93   Thumb Code     8  stm32f7xx_ll_usb.o(i.USB_GetMode)
    USB_ReadDevAllInEpInterrupt              0x08005d9b   Thumb Code    14  stm32f7xx_ll_usb.o(i.USB_ReadDevAllInEpInterrupt)
    USB_ReadDevAllOutEpInterrupt             0x08005da9   Thumb Code    14  stm32f7xx_ll_usb.o(i.USB_ReadDevAllOutEpInterrupt)
    USB_ReadDevInEPInterrupt                 0x08005db7   Thumb Code    32  stm32f7xx_ll_usb.o(i.USB_ReadDevInEPInterrupt)
    USB_ReadDevOutEPInterrupt                0x08005dd7   Thumb Code    16  stm32f7xx_ll_usb.o(i.USB_ReadDevOutEPInterrupt)
    USB_ReadInterrupts                       0x08005de7   Thumb Code     8  stm32f7xx_ll_usb.o(i.USB_ReadInterrupts)
    USB_ReadPacket                           0x08005def   Thumb Code    30  stm32f7xx_ll_usb.o(i.USB_ReadPacket)
    USB_SetCurrentMode                       0x08005e0d   Thumb Code    44  stm32f7xx_ll_usb.o(i.USB_SetCurrentMode)
    USB_SetDevAddress                        0x08005e39   Thumb Code    34  stm32f7xx_ll_usb.o(i.USB_SetDevAddress)
    USB_WritePacket                          0x08005e5d   Thumb Code    44  stm32f7xx_ll_usb.o(i.USB_WritePacket)
    UsageFault_Handler                       0x08005e89   Thumb Code     2  stm32f7xx_it.o(i.UsageFault_Handler)
    _Error_Handler                           0x08005e8b   Thumb Code     2  main.o(i._Error_Handler)
    __scatterload_copy                       0x08005e8d   Thumb Code    14  handlers.o(i.__scatterload_copy)
    __scatterload_null                       0x08005e9b   Thumb Code     2  handlers.o(i.__scatterload_null)
    __scatterload_zeroinit                   0x08005e9d   Thumb Code    14  handlers.o(i.__scatterload_zeroinit)
    free                                     0x08005ead   Thumb Code    76  malloc.o(i.free)
    main                                     0x08005efd   Thumb Code    96  main.o(i.main)
    malloc                                   0x08005f69   Thumb Code    92  malloc.o(i.malloc)
    SD_Driver                                0x08005fdc   Data          20  sd_diskio.o(.constdata)
    AHBPrescTable                            0x08005ff0   Data          16  system_stm32f7xx.o(.constdata)
    APBPrescTable                            0x08006000   Data           8  system_stm32f7xx.o(.constdata)
    Region$$Table$$Base                      0x08006008   Number         0  anon$$obj.o(Region$$Table)
    Region$$Table$$Limit                     0x08006028   Number         0  anon$$obj.o(Region$$Table)
    uwTickFreq                               0x20000000   Data           1  stm32f7xx_hal.o(.data)
    uwTickPrio                               0x20000004   Data           4  stm32f7xx_hal.o(.data)
    uwTick                                   0x20000008   Data           4  stm32f7xx_hal.o(.data)
    retSD                                    0x20000018   Data           1  fatfs.o(.data)
    SDPath                                   0x20000019   Data           4  fatfs.o(.data)
    USBD_Interface_fops_FS                   0x20000020   Data          16  usbd_cdc_if.o(.data)
    FS_Desc                                  0x20000030   Data          32  usbd_desc.o(.data)
    USBD_LangIDDesc                          0x20000050   Data           4  usbd_desc.o(.data)
    USBD_FS_DeviceDesc                       0x20000054   Data          18  usbd_desc.o(.data)
    USBD_FS_BOSDesc                          0x20000068   Data          12  usbd_desc.o(.data)
    SystemCoreClock                          0x20000074   Data           4  system_stm32f7xx.o(.data)
    USBD_CDC_CfgHSDesc                       0x2000008c   Data          67  usbd_cdc.o(.data)
    USBD_CDC_CfgFSDesc                       0x200000d0   Data          67  usbd_cdc.o(.data)
    USBD_CDC_OtherSpeedCfgDesc               0x20000114   Data          67  usbd_cdc.o(.data)
    USBD_CDC                                 0x20000158   Data          60  usbd_cdc.o(.data)
    __microlib_freelist                      0x20000194   Data           4  mvars.o(.data)
    __microlib_freelist_initialised          0x20000198   Data           4  mvars.o(.data)
    hsd2                                     0x2000019c   Data         132  main.o(.bss)
    hspi2                                    0x20000220   Data         100  main.o(.bss)
    hspi3                                    0x20000284   Data         100  main.o(.bss)
    hspi4                                    0x200002e8   Data         100  main.o(.bss)
    hspi5                                    0x2000034c   Data         100  main.o(.bss)
    hspi6                                    0x200003b0   Data         100  main.o(.bss)
    htim1                                    0x20000414   Data          64  main.o(.bss)
    huart4                                   0x20000454   Data         112  main.o(.bss)
    huart5                                   0x200004c4   Data         112  main.o(.bss)
    huart8                                   0x20000534   Data         112  main.o(.bss)
    huart2                                   0x200005a4   Data         112  main.o(.bss)
    husart6                                  0x20000614   Data          76  main.o(.bss)
    hdma_spi3_rx                             0x20000660   Data          96  main.o(.bss)
    hdma_spi4_rx                             0x200006c0   Data          96  main.o(.bss)
    hdma_spi5_rx                             0x20000720   Data          96  main.o(.bss)
    hdma_spi6_rx                             0x20000780   Data          96  main.o(.bss)
    UserRxBufferFS                           0x200007e0   Data        2048  usbd_cdc_if.o(.bss)
    UserTxBufferFS                           0x20000fe0   Data        2048  usbd_cdc_if.o(.bss)
    USBD_StrDesc                             0x200017e0   Data         512  usbd_desc.o(.bss)
    hUsbDeviceFS                             0x200019e0   Data         548  usb_device.o(.bss)
    hpcd_USB_OTG_FS                          0x20001c04   Data        1024  usbd_conf.o(.bss)
    disk                                     0x20002004   Data          12  ff_gen_drv.o(.bss)
    __heap_base                              0x20002010   Data           0  startup_stm32f767xx.o(HEAP)
    __heap_limit                             0x20002210   Data           0  startup_stm32f767xx.o(HEAP)
    __initial_sp                             0x20002610   Data           0  startup_stm32f767xx.o(STACK)



==============================================================================

Memory Map of the image

  Image Entry point : 0x080001f9

  Load Region LR_IROM1 (Base: 0x08000000, Size: 0x000061c4, Max: 0x00200000, ABSOLUTE, COMPRESSED[0x000060fc])

    Execution Region ER_IROM1 (Exec base: 0x08000000, Load base: 0x08000000, Size: 0x00006028, Max: 0x00200000, ABSOLUTE)

    Exec Addr    Load Addr    Size         Type   Attr      Idx    E Section Name        Object

    0x08000000   0x08000000   0x000001f8   Data   RO            3    RESET               startup_stm32f767xx.o
    0x080001f8   0x080001f8   0x00000000   Code   RO         6289  * .ARM.Collect$$$$00000000  mc_w.l(entry.o)
    0x080001f8   0x080001f8   0x00000004   Code   RO         6326    .ARM.Collect$$$$00000001  mc_w.l(entry2.o)
    0x080001fc   0x080001fc   0x00000004   Code   RO         6329    .ARM.Collect$$$$00000004  mc_w.l(entry5.o)
    0x08000200   0x08000200   0x00000000   Code   RO         6331    .ARM.Collect$$$$00000008  mc_w.l(entry7b.o)
    0x08000200   0x08000200   0x00000000   Code   RO         6333    .ARM.Collect$$$$0000000A  mc_w.l(entry8b.o)
    0x08000200   0x08000200   0x00000008   Code   RO         6334    .ARM.Collect$$$$0000000B  mc_w.l(entry9a.o)
    0x08000208   0x08000208   0x00000000   Code   RO         6336    .ARM.Collect$$$$0000000D  mc_w.l(entry10a.o)
    0x08000208   0x08000208   0x00000000   Code   RO         6338    .ARM.Collect$$$$0000000F  mc_w.l(entry11a.o)
    0x08000208   0x08000208   0x00000004   Code   RO         6327    .ARM.Collect$$$$00002712  mc_w.l(entry2.o)
    0x0800020c   0x0800020c   0x00000024   Code   RO            4    .text               startup_stm32f767xx.o
    0x08000230   0x08000230   0x00000062   Code   RO         6292    .text               mc_w.l(uldiv.o)
    0x08000292   0x08000292   0x00000024   Code   RO         6294    .text               mc_w.l(memcpya.o)
    0x080002b6   0x080002b6   0x0000001e   Code   RO         6340    .text               mc_w.l(llshl.o)
    0x080002d4   0x080002d4   0x00000020   Code   RO         6342    .text               mc_w.l(llushr.o)
    0x080002f4   0x080002f4   0x00000024   Code   RO         6346    .text               mc_w.l(init.o)
    0x08000318   0x08000318   0x00000056   Code   RO         6356    .text               mc_w.l(__dczerorl2.o)
    0x0800036e   0x0800036e   0x00000002   PAD
    0x08000370   0x08000370   0x0000000c   Code   RO         4878    i.BSP_SD_GetCardInfo  bsp_driver_sd.o
    0x0800037c   0x0800037c   0x00000018   Code   RO         4879    i.BSP_SD_GetCardState  bsp_driver_sd.o
    0x08000394   0x08000394   0x00000034   Code   RO         4881    i.BSP_SD_Init       bsp_driver_sd.o
    0x080003c8   0x080003c8   0x0000001c   Code   RO         4884    i.BSP_SD_ReadBlocks_DMA  bsp_driver_sd.o
    0x080003e4   0x080003e4   0x0000001c   Code   RO         4886    i.BSP_SD_WriteBlocks_DMA  bsp_driver_sd.o
    0x08000400   0x08000400   0x00000002   Code   RO         4513    i.BusFault_Handler  stm32f7xx_it.o
    0x08000402   0x08000402   0x00000004   Code   RO         5065    i.CDC_Control_FS    usbd_cdc_if.o
    0x08000406   0x08000406   0x00000004   Code   RO         5066    i.CDC_DeInit_FS     usbd_cdc_if.o
    0x0800040a   0x0800040a   0x00000002   PAD
    0x0800040c   0x0800040c   0x00000024   Code   RO         5067    i.CDC_Init_FS       usbd_cdc_if.o
    0x08000430   0x08000430   0x00000018   Code   RO         5068    i.CDC_Receive_FS    usbd_cdc_if.o
    0x08000448   0x08000448   0x0000000c   Code   RO         4514    i.DMA1_Stream0_IRQHandler  stm32f7xx_it.o
    0x08000454   0x08000454   0x0000000c   Code   RO         4515    i.DMA2_Stream0_IRQHandler  stm32f7xx_it.o
    0x08000460   0x08000460   0x0000000c   Code   RO         4516    i.DMA2_Stream3_IRQHandler  stm32f7xx_it.o
    0x0800046c   0x0800046c   0x0000000c   Code   RO         4517    i.DMA2_Stream6_IRQHandler  stm32f7xx_it.o
    0x08000478   0x08000478   0x00000028   Code   RO           13    i.DMA_CalcBaseAndBitshift  stm32f7xx_hal_dma.o
    0x080004a0   0x080004a0   0x00000054   Code   RO           14    i.DMA_CheckFifoParam  stm32f7xx_hal_dma.o
    0x080004f4   0x080004f4   0x00000028   Code   RO           15    i.DMA_SetConfig     stm32f7xx_hal_dma.o
    0x0800051c   0x0800051c   0x00000002   Code   RO         4518    i.DebugMon_Handler  stm32f7xx_it.o
    0x0800051e   0x0800051e   0x00000006   Code   RO         5873    i.FATFS_LinkDriver  ff_gen_drv.o
    0x08000524   0x08000524   0x00000040   Code   RO         5874    i.FATFS_LinkDriverEx  ff_gen_drv.o
    0x08000564   0x08000564   0x00000004   Code   RO           19    i.HAL_DMA_GetError  stm32f7xx_hal_dma.o
    0x08000568   0x08000568   0x000001a0   Code   RO           21    i.HAL_DMA_IRQHandler  stm32f7xx_hal_dma.o
    0x08000708   0x08000708   0x000000e4   Code   RO           22    i.HAL_DMA_Init      stm32f7xx_hal_dma.o
    0x080007ec   0x080007ec   0x0000007a   Code   RO           26    i.HAL_DMA_Start_IT  stm32f7xx_hal_dma.o
    0x08000866   0x08000866   0x00000002   PAD
    0x08000868   0x08000868   0x00000024   Code   RO          635    i.HAL_Delay         stm32f7xx_hal.o
    0x0800088c   0x0800088c   0x000001d8   Code   RO         1117    i.HAL_GPIO_Init     stm32f7xx_hal_gpio.o
    0x08000a64   0x08000a64   0x00000008   Code   RO         1120    i.HAL_GPIO_TogglePin  stm32f7xx_hal_gpio.o
    0x08000a6c   0x08000a6c   0x0000000a   Code   RO         1121    i.HAL_GPIO_WritePin  stm32f7xx_hal_gpio.o
    0x08000a76   0x08000a76   0x00000002   PAD
    0x08000a78   0x08000a78   0x0000000c   Code   RO          645    i.HAL_GetTick       stm32f7xx_hal.o
    0x08000a84   0x08000a84   0x00000074   Code   RO         4236    i.HAL_HalfDuplex_Init  stm32f7xx_hal_uart.o
    0x08000af8   0x08000af8   0x00000010   Code   RO          651    i.HAL_IncTick       stm32f7xx_hal.o
    0x08000b08   0x08000b08   0x00000016   Code   RO          652    i.HAL_Init          stm32f7xx_hal.o
    0x08000b1e   0x08000b1e   0x00000002   PAD
    0x08000b20   0x08000b20   0x00000040   Code   RO          653    i.HAL_InitTick      stm32f7xx_hal.o
    0x08000b60   0x08000b60   0x00000058   Code   RO         4654    i.HAL_MspInit       stm32f7xx_hal_msp.o
    0x08000bb8   0x08000bb8   0x00000016   Code   RO         2077    i.HAL_NVIC_EnableIRQ  stm32f7xx_hal_cortex.o
    0x08000bce   0x08000bce   0x00000002   PAD
    0x08000bd0   0x08000bd0   0x00000040   Code   RO         2083    i.HAL_NVIC_SetPriority  stm32f7xx_hal_cortex.o
    0x08000c10   0x08000c10   0x00000024   Code   RO         2084    i.HAL_NVIC_SetPriorityGrouping  stm32f7xx_hal_cortex.o
    0x08000c34   0x08000c34   0x00000028   Code   RO         3904    i.HAL_PCDEx_ActivateLPM  stm32f7xx_hal_pcd_ex.o
    0x08000c5c   0x08000c5c   0x00000060   Code   RO         5225    i.HAL_PCDEx_LPM_Callback  usbd_conf.o
    0x08000cbc   0x08000cbc   0x00000008   Code   RO         3907    i.HAL_PCDEx_SetRxFiFo  stm32f7xx_hal_pcd_ex.o
    0x08000cc4   0x08000cc4   0x00000048   Code   RO         3908    i.HAL_PCDEx_SetTxFiFo  stm32f7xx_hal_pcd_ex.o
    0x08000d0c   0x08000d0c   0x00000008   Code   RO         5226    i.HAL_PCD_ConnectCallback  usbd_conf.o
    0x08000d14   0x08000d14   0x00000012   Code   RO         5227    i.HAL_PCD_DataInStageCallback  usbd_conf.o
    0x08000d26   0x08000d26   0x00000014   Code   RO         5228    i.HAL_PCD_DataOutStageCallback  usbd_conf.o
    0x08000d3a   0x08000d3a   0x00000008   Code   RO         5229    i.HAL_PCD_DisconnectCallback  usbd_conf.o
    0x08000d42   0x08000d42   0x00000044   Code   RO         3698    i.HAL_PCD_EP_Close  stm32f7xx_hal_pcd.o
    0x08000d86   0x08000d86   0x0000005e   Code   RO         3699    i.HAL_PCD_EP_ClrStall  stm32f7xx_hal_pcd.o
    0x08000de4   0x08000de4   0x00000014   Code   RO         3701    i.HAL_PCD_EP_GetRxCount  stm32f7xx_hal_pcd.o
    0x08000df8   0x08000df8   0x00000056   Code   RO         3702    i.HAL_PCD_EP_Open   stm32f7xx_hal_pcd.o
    0x08000e4e   0x08000e4e   0x00000044   Code   RO         3703    i.HAL_PCD_EP_Receive  stm32f7xx_hal_pcd.o
    0x08000e92   0x08000e92   0x0000006e   Code   RO         3704    i.HAL_PCD_EP_SetStall  stm32f7xx_hal_pcd.o
    0x08000f00   0x08000f00   0x00000044   Code   RO         3705    i.HAL_PCD_EP_Transmit  stm32f7xx_hal_pcd.o
    0x08000f44   0x08000f44   0x00000588   Code   RO         3707    i.HAL_PCD_IRQHandler  stm32f7xx_hal_pcd.o
    0x080014cc   0x080014cc   0x00000008   Code   RO         5230    i.HAL_PCD_ISOINIncompleteCallback  usbd_conf.o
    0x080014d4   0x080014d4   0x00000008   Code   RO         5231    i.HAL_PCD_ISOOUTIncompleteCallback  usbd_conf.o
    0x080014dc   0x080014dc   0x000000d0   Code   RO         3710    i.HAL_PCD_Init      stm32f7xx_hal_pcd.o
    0x080015ac   0x080015ac   0x00000068   Code   RO         5233    i.HAL_PCD_MspInit   usbd_conf.o
    0x08001614   0x08001614   0x00000020   Code   RO         5234    i.HAL_PCD_ResetCallback  usbd_conf.o
    0x08001634   0x08001634   0x00000008   Code   RO         5235    i.HAL_PCD_ResumeCallback  usbd_conf.o
    0x0800163c   0x0800163c   0x00000008   Code   RO         5236    i.HAL_PCD_SOFCallback  usbd_conf.o
    0x08001644   0x08001644   0x00000024   Code   RO         3716    i.HAL_PCD_SetAddress  stm32f7xx_hal_pcd.o
    0x08001668   0x08001668   0x0000000e   Code   RO         5237    i.HAL_PCD_SetupStageCallback  usbd_conf.o
    0x08001676   0x08001676   0x0000002a   Code   RO         3718    i.HAL_PCD_Start     stm32f7xx_hal_pcd.o
    0x080016a0   0x080016a0   0x00000030   Code   RO         5238    i.HAL_PCD_SuspendCallback  usbd_conf.o
    0x080016d0   0x080016d0   0x0000006c   Code   RO         1824    i.HAL_PWREx_EnableOverDrive  stm32f7xx_hal_pwr_ex.o
    0x0800173c   0x0800173c   0x0000053c   Code   RO         2018    i.HAL_RCCEx_PeriphCLKConfig  stm32f7xx_hal_rcc_ex.o
    0x08001c78   0x08001c78   0x0000012c   Code   RO         1911    i.HAL_RCC_ClockConfig  stm32f7xx_hal_rcc.o
    0x08001da4   0x08001da4   0x0000000c   Code   RO         1916    i.HAL_RCC_GetHCLKFreq  stm32f7xx_hal_rcc.o
    0x08001db0   0x08001db0   0x00000020   Code   RO         1918    i.HAL_RCC_GetPCLK1Freq  stm32f7xx_hal_rcc.o
    0x08001dd0   0x08001dd0   0x00000020   Code   RO         1919    i.HAL_RCC_GetPCLK2Freq  stm32f7xx_hal_rcc.o
    0x08001df0   0x08001df0   0x00000064   Code   RO         1920    i.HAL_RCC_GetSysClockFreq  stm32f7xx_hal_rcc.o
    0x08001e54   0x08001e54   0x00000094   Code   RO         1921    i.HAL_RCC_MCOConfig  stm32f7xx_hal_rcc.o
    0x08001ee8   0x08001ee8   0x0000033c   Code   RO         1923    i.HAL_RCC_OscConfig  stm32f7xx_hal_rcc.o
    0x08002224   0x08002224   0x00000078   Code   RO         3193    i.HAL_SD_ConfigWideBusOperation  stm32f7xx_hal_sd.o
    0x0800229c   0x0800229c   0x00000002   Code   RO         3196    i.HAL_SD_ErrorCallback  stm32f7xx_hal_sd.o
    0x0800229e   0x0800229e   0x000001fa   Code   RO         3198    i.HAL_SD_GetCardCSD  stm32f7xx_hal_sd.o
    0x08002498   0x08002498   0x00000024   Code   RO         3199    i.HAL_SD_GetCardInfo  stm32f7xx_hal_sd.o
    0x080024bc   0x080024bc   0x0000002c   Code   RO         3200    i.HAL_SD_GetCardState  stm32f7xx_hal_sd.o
    0x080024e8   0x080024e8   0x00000036   Code   RO         3205    i.HAL_SD_Init       stm32f7xx_hal_sd.o
    0x0800251e   0x0800251e   0x0000005c   Code   RO         3206    i.HAL_SD_InitCard   stm32f7xx_hal_sd.o
    0x0800257a   0x0800257a   0x00000002   PAD
    0x0800257c   0x0800257c   0x0000006c   Code   RO         4656    i.HAL_SD_MspInit    stm32f7xx_hal_msp.o
    0x080025e8   0x080025e8   0x000000f4   Code   RO         3210    i.HAL_SD_ReadBlocks_DMA  stm32f7xx_hal_sd.o
    0x080026dc   0x080026dc   0x00000002   Code   RO         3212    i.HAL_SD_RxCpltCallback  stm32f7xx_hal_sd.o
    0x080026de   0x080026de   0x00000002   PAD
    0x080026e0   0x080026e0   0x000000f8   Code   RO         3215    i.HAL_SD_WriteBlocks_DMA  stm32f7xx_hal_sd.o
    0x080027d8   0x080027d8   0x000000c4   Code   RO         2646    i.HAL_SPI_Init      stm32f7xx_hal_spi.o
    0x0800289c   0x0800289c   0x00000224   Code   RO         4658    i.HAL_SPI_MspInit   stm32f7xx_hal_msp.o
    0x08002ac0   0x08002ac0   0x00000018   Code   RO         2086    i.HAL_SYSTICK_CLKSourceConfig  stm32f7xx_hal_cortex.o
    0x08002ad8   0x08002ad8   0x00000002   Code   RO         2087    i.HAL_SYSTICK_Callback  stm32f7xx_hal_cortex.o
    0x08002ada   0x08002ada   0x00000026   Code   RO         2088    i.HAL_SYSTICK_Config  stm32f7xx_hal_cortex.o
    0x08002b00   0x08002b00   0x00000008   Code   RO         2089    i.HAL_SYSTICK_IRQHandler  stm32f7xx_hal_cortex.o
    0x08002b08   0x08002b08   0x00000002   Code   RO          835    i.HAL_TIMEx_BreakCallback  stm32f7xx_hal_tim_ex.o
    0x08002b0a   0x08002b0a   0x00000002   Code   RO          836    i.HAL_TIMEx_CommutationCallback  stm32f7xx_hal_tim_ex.o
    0x08002b0c   0x08002b0c   0x00000058   Code   RO          854    i.HAL_TIMEx_MasterConfigSynchronization  stm32f7xx_hal_tim_ex.o
    0x08002b64   0x08002b64   0x00000036   Code   RO         1182    i.HAL_TIM_Base_Init  stm32f7xx_hal_tim.o
    0x08002b9a   0x08002b9a   0x00000002   PAD
    0x08002b9c   0x08002b9c   0x0000003c   Code   RO         4660    i.HAL_TIM_Base_MspInit  stm32f7xx_hal_msp.o
    0x08002bd8   0x08002bd8   0x00000018   Code   RO         1187    i.HAL_TIM_Base_Start_IT  stm32f7xx_hal_tim.o
    0x08002bf0   0x08002bf0   0x000000fc   Code   RO         1191    i.HAL_TIM_ConfigClockSource  stm32f7xx_hal_tim.o
    0x08002cec   0x08002cec   0x00000002   Code   RO         1211    i.HAL_TIM_IC_CaptureCallback  stm32f7xx_hal_tim.o
    0x08002cee   0x08002cee   0x0000017e   Code   RO         1224    i.HAL_TIM_IRQHandler  stm32f7xx_hal_tim.o
    0x08002e6c   0x08002e6c   0x00000002   Code   RO         1227    i.HAL_TIM_OC_DelayElapsedCallback  stm32f7xx_hal_tim.o
    0x08002e6e   0x08002e6e   0x00000002   Code   RO         1254    i.HAL_TIM_PWM_PulseFinishedCallback  stm32f7xx_hal_tim.o
    0x08002e70   0x08002e70   0x00000002   Code   RO         1261    i.HAL_TIM_PeriodElapsedCallback  stm32f7xx_hal_tim.o
    0x08002e72   0x08002e72   0x00000002   Code   RO         1265    i.HAL_TIM_TriggerCallback  stm32f7xx_hal_tim.o
    0x08002e74   0x08002e74   0x000000d8   Code   RO         4662    i.HAL_UART_MspInit  stm32f7xx_hal_msp.o
    0x08002f4c   0x08002f4c   0x00000090   Code   RO         2970    i.HAL_USART_Init    stm32f7xx_hal_usart.o
    0x08002fdc   0x08002fdc   0x00000048   Code   RO         4664    i.HAL_USART_MspInit  stm32f7xx_hal_msp.o
    0x08003024   0x08003024   0x00000002   Code   RO         4519    i.HardFault_Handler  stm32f7xx_it.o
    0x08003026   0x08003026   0x00000002   PAD
    0x08003028   0x08003028   0x0000006c   Code   RO         4739    i.MX_DMA_Init       main.o
    0x08003094   0x08003094   0x0000001c   Code   RO         5027    i.MX_FATFS_Init     fatfs.o
    0x080030b0   0x080030b0   0x000001a8   Code   RO         4740    i.MX_GPIO_Init      main.o
    0x08003258   0x08003258   0x0000003c   Code   RO         4741    i.MX_SPI2_Init      main.o
    0x08003294   0x08003294   0x00000040   Code   RO         4742    i.MX_SPI3_Init      main.o
    0x080032d4   0x080032d4   0x00000040   Code   RO         4743    i.MX_SPI4_Init      main.o
    0x08003314   0x08003314   0x00000040   Code   RO         4744    i.MX_SPI5_Init      main.o
    0x08003354   0x08003354   0x00000040   Code   RO         4745    i.MX_SPI6_Init      main.o
    0x08003394   0x08003394   0x00000058   Code   RO         4746    i.MX_TIM1_Init      main.o
    0x080033ec   0x080033ec   0x00000038   Code   RO         4747    i.MX_UART4_Init     main.o
    0x08003424   0x08003424   0x00000038   Code   RO         4748    i.MX_UART5_Init     main.o
    0x0800345c   0x0800345c   0x00000038   Code   RO         4749    i.MX_UART8_Init     main.o
    0x08003494   0x08003494   0x00000038   Code   RO         4750    i.MX_USART2_UART_Init  main.o
    0x080034cc   0x080034cc   0x00000038   Code   RO         4751    i.MX_USART6_Init    main.o
    0x08003504   0x08003504   0x00000038   Code   RO         5191    i.MX_USB_DEVICE_Init  usb_device.o
    0x0800353c   0x0800353c   0x00000002   Code   RO         4520    i.MemManage_Handler  stm32f7xx_it.o
    0x0800353e   0x0800353e   0x00000002   Code   RO         4521    i.NMI_Handler       stm32f7xx_it.o
    0x08003540   0x08003540   0x00000022   Code   RO         2090    i.NVIC_SetPriority  stm32f7xx_hal_cortex.o
    0x08003562   0x08003562   0x00000002   PAD
    0x08003564   0x08003564   0x0000000c   Code   RO         4522    i.OTG_FS_IRQHandler  stm32f7xx_it.o
    0x08003570   0x08003570   0x00000096   Code   RO         3721    i.PCD_WriteEmptyTxFifo  stm32f7xx_hal_pcd.o
    0x08003606   0x08003606   0x00000002   Code   RO         4523    i.PendSV_Handler    stm32f7xx_it.o
    0x08003608   0x08003608   0x00000032   Code   RO         3425    i.SDMMC_CmdAppCommand  stm32f7xx_ll_sdmmc.o
    0x0800363a   0x0800363a   0x00000002   PAD
    0x0800363c   0x0800363c   0x00000034   Code   RO         3426    i.SDMMC_CmdAppOperCommand  stm32f7xx_ll_sdmmc.o
    0x08003670   0x08003670   0x00000032   Code   RO         3427    i.SDMMC_CmdBlockLength  stm32f7xx_ll_sdmmc.o
    0x080036a2   0x080036a2   0x00000032   Code   RO         3428    i.SDMMC_CmdBusWidth  stm32f7xx_ll_sdmmc.o
    0x080036d4   0x080036d4   0x00000050   Code   RO         3432    i.SDMMC_CmdGoIdleState  stm32f7xx_ll_sdmmc.o
    0x08003724   0x08003724   0x00000064   Code   RO         3434    i.SDMMC_CmdOperCond  stm32f7xx_ll_sdmmc.o
    0x08003788   0x08003788   0x00000032   Code   RO         3435    i.SDMMC_CmdReadMultiBlock  stm32f7xx_ll_sdmmc.o
    0x080037ba   0x080037ba   0x00000032   Code   RO         3436    i.SDMMC_CmdReadSingleBlock  stm32f7xx_ll_sdmmc.o
    0x080037ec   0x080037ec   0x00000030   Code   RO         3439    i.SDMMC_CmdSelDesel  stm32f7xx_ll_sdmmc.o
    0x0800381c   0x0800381c   0x0000002a   Code   RO         3440    i.SDMMC_CmdSendCID  stm32f7xx_ll_sdmmc.o
    0x08003846   0x08003846   0x0000002e   Code   RO         3441    i.SDMMC_CmdSendCSD  stm32f7xx_ll_sdmmc.o
    0x08003874   0x08003874   0x00000030   Code   RO         3442    i.SDMMC_CmdSendSCR  stm32f7xx_ll_sdmmc.o
    0x080038a4   0x080038a4   0x00000032   Code   RO         3443    i.SDMMC_CmdSendStatus  stm32f7xx_ll_sdmmc.o
    0x080038d6   0x080038d6   0x00000030   Code   RO         3444    i.SDMMC_CmdSetRelAdd  stm32f7xx_ll_sdmmc.o
    0x08003906   0x08003906   0x00000002   PAD
    0x08003908   0x08003908   0x00000034   Code   RO         3446    i.SDMMC_CmdStopTransfer  stm32f7xx_ll_sdmmc.o
    0x0800393c   0x0800393c   0x00000032   Code   RO         3448    i.SDMMC_CmdWriteMultiBlock  stm32f7xx_ll_sdmmc.o
    0x0800396e   0x0800396e   0x00000032   Code   RO         3449    i.SDMMC_CmdWriteSingleBlock  stm32f7xx_ll_sdmmc.o
    0x080039a0   0x080039a0   0x00000026   Code   RO         3450    i.SDMMC_ConfigData  stm32f7xx_ll_sdmmc.o
    0x080039c6   0x080039c6   0x00000002   PAD
    0x080039c8   0x080039c8   0x0000011c   Code   RO         3451    i.SDMMC_GetCmdResp1  stm32f7xx_ll_sdmmc.o
    0x08003ae4   0x08003ae4   0x00000050   Code   RO         3452    i.SDMMC_GetCmdResp2  stm32f7xx_ll_sdmmc.o
    0x08003b34   0x08003b34   0x00000040   Code   RO         3453    i.SDMMC_GetCmdResp3  stm32f7xx_ll_sdmmc.o
    0x08003b74   0x08003b74   0x00000084   Code   RO         3454    i.SDMMC_GetCmdResp6  stm32f7xx_ll_sdmmc.o
    0x08003bf8   0x08003bf8   0x00000008   Code   RO         3458    i.SDMMC_GetPowerState  stm32f7xx_ll_sdmmc.o
    0x08003c00   0x08003c00   0x0000000c   Code   RO         3459    i.SDMMC_GetResponse  stm32f7xx_ll_sdmmc.o
    0x08003c0c   0x08003c0c   0x00000022   Code   RO         3460    i.SDMMC_Init        stm32f7xx_ll_sdmmc.o
    0x08003c2e   0x08003c2e   0x00000008   Code   RO         3462    i.SDMMC_PowerState_ON  stm32f7xx_ll_sdmmc.o
    0x08003c36   0x08003c36   0x00000006   Code   RO         3463    i.SDMMC_ReadFIFO    stm32f7xx_ll_sdmmc.o
    0x08003c3c   0x08003c3c   0x00000022   Code   RO         3464    i.SDMMC_SendCommand  stm32f7xx_ll_sdmmc.o
    0x08003c5e   0x08003c5e   0x00000002   PAD
    0x08003c60   0x08003c60   0x00000020   Code   RO         4957    i.SD_CheckStatus    sd_diskio.o
    0x08003c80   0x08003c80   0x0000005e   Code   RO         3217    i.SD_DMAError       stm32f7xx_hal_sd.o
    0x08003cde   0x08003cde   0x0000003e   Code   RO         3218    i.SD_DMAReceiveCplt  stm32f7xx_hal_sd.o
    0x08003d1c   0x08003d1c   0x0000000e   Code   RO         3220    i.SD_DMATransmitCplt  stm32f7xx_hal_sd.o
    0x08003d2a   0x08003d2a   0x000000d6   Code   RO         3222    i.SD_FindSCR        stm32f7xx_hal_sd.o
    0x08003e00   0x08003e00   0x000000e6   Code   RO         3223    i.SD_InitCard       stm32f7xx_hal_sd.o
    0x08003ee6   0x08003ee6   0x000000a6   Code   RO         3224    i.SD_PowerON        stm32f7xx_hal_sd.o
    0x08003f8c   0x08003f8c   0x0000004e   Code   RO         3226    i.SD_WideBus_Disable  stm32f7xx_hal_sd.o
    0x08003fda   0x08003fda   0x0000004e   Code   RO         3227    i.SD_WideBus_Enable  stm32f7xx_hal_sd.o
    0x08004028   0x08004028   0x00000020   Code   RO         4958    i.SD_initialize     sd_diskio.o
    0x08004048   0x08004048   0x00000058   Code   RO         4959    i.SD_ioctl          sd_diskio.o
    0x080040a0   0x080040a0   0x0000006c   Code   RO         4960    i.SD_read           sd_diskio.o
    0x0800410c   0x0800410c   0x00000004   Code   RO         4961    i.SD_status         sd_diskio.o
    0x08004110   0x08004110   0x0000006c   Code   RO         4962    i.SD_write          sd_diskio.o
    0x0800417c   0x0800417c   0x00000002   Code   RO         4524    i.SVC_Handler       stm32f7xx_it.o
    0x0800417e   0x0800417e   0x0000000e   Code   RO         4525    i.SysTick_Handler   stm32f7xx_it.o
    0x0800418c   0x0800418c   0x000000fc   Code   RO         4752    i.SystemClock_Config  main.o
    0x08004288   0x08004288   0x00000054   Code   RO         5421    i.SystemInit        system_stm32f7xx.o
    0x080042dc   0x080042dc   0x0000001c   Code   RO         4526    i.TIM1_UP_TIM10_IRQHandler  stm32f7xx_it.o
    0x080042f8   0x080042f8   0x000000cc   Code   RO         1266    i.TIM_Base_SetConfig  stm32f7xx_hal_tim.o
    0x080043c4   0x080043c4   0x00000012   Code   RO         1273    i.TIM_ETR_SetConfig  stm32f7xx_hal_tim.o
    0x080043d6   0x080043d6   0x00000010   Code   RO         1274    i.TIM_ITRx_SetConfig  stm32f7xx_hal_tim.o
    0x080043e6   0x080043e6   0x00000022   Code   RO         1280    i.TIM_TI1_ConfigInputStage  stm32f7xx_hal_tim.o
    0x08004408   0x08004408   0x00000024   Code   RO         1282    i.TIM_TI2_ConfigInputStage  stm32f7xx_hal_tim.o
    0x0800442c   0x0800442c   0x000000c8   Code   RO         4266    i.UART_AdvFeatureConfig  stm32f7xx_hal_uart.o
    0x080044f4   0x080044f4   0x00000040   Code   RO         4267    i.UART_CheckIdleState  stm32f7xx_hal_uart.o
    0x08004534   0x08004534   0x00000258   Code   RO         4277    i.UART_SetConfig    stm32f7xx_hal_uart.o
    0x0800478c   0x0800478c   0x00000064   Code   RO         4278    i.UART_WaitOnFlagUntilTimeout  stm32f7xx_hal_uart.o
    0x080047f0   0x080047f0   0x00000128   Code   RO         2996    i.USART_SetConfig   stm32f7xx_hal_usart.o
    0x08004918   0x08004918   0x00000074   Code   RO         2998    i.USART_WaitOnFlagUntilTimeout  stm32f7xx_hal_usart.o
    0x0800498c   0x0800498c   0x00000014   Code   RO         6186    i.USBD_CDC_DataIn   usbd_cdc.o
    0x080049a0   0x080049a0   0x0000002e   Code   RO         6187    i.USBD_CDC_DataOut  usbd_cdc.o
    0x080049ce   0x080049ce   0x0000003c   Code   RO         6188    i.USBD_CDC_DeInit   usbd_cdc.o
    0x08004a0a   0x08004a0a   0x00000024   Code   RO         6189    i.USBD_CDC_EP0_RxReady  usbd_cdc.o
    0x08004a2e   0x08004a2e   0x00000002   PAD
    0x08004a30   0x08004a30   0x0000000c   Code   RO         6190    i.USBD_CDC_GetDeviceQualifierDescriptor  usbd_cdc.o
    0x08004a3c   0x08004a3c   0x0000000c   Code   RO         6191    i.USBD_CDC_GetFSCfgDesc  usbd_cdc.o
    0x08004a48   0x08004a48   0x0000000c   Code   RO         6192    i.USBD_CDC_GetHSCfgDesc  usbd_cdc.o
    0x08004a54   0x08004a54   0x0000000c   Code   RO         6193    i.USBD_CDC_GetOtherSpeedCfgDesc  usbd_cdc.o
    0x08004a60   0x08004a60   0x00000088   Code   RO         6194    i.USBD_CDC_Init     usbd_cdc.o
    0x08004ae8   0x08004ae8   0x00000028   Code   RO         6195    i.USBD_CDC_ReceivePacket  usbd_cdc.o
    0x08004b10   0x08004b10   0x00000014   Code   RO         6196    i.USBD_CDC_RegisterInterface  usbd_cdc.o
    0x08004b24   0x08004b24   0x0000000c   Code   RO         6197    i.USBD_CDC_SetRxBuffer  usbd_cdc.o
    0x08004b30   0x08004b30   0x00000010   Code   RO         6198    i.USBD_CDC_SetTxBuffer  usbd_cdc.o
    0x08004b40   0x08004b40   0x00000070   Code   RO         6199    i.USBD_CDC_Setup    usbd_cdc.o
    0x08004bb0   0x08004bb0   0x0000000e   Code   RO         5983    i.USBD_ClrClassConfig  usbd_core.o
    0x08004bbe   0x08004bbe   0x00000010   Code   RO         5923    i.USBD_CtlContinueRx  usbd_ioreq.o
    0x08004bce   0x08004bce   0x00000010   Code   RO         5924    i.USBD_CtlContinueSendData  usbd_ioreq.o
    0x08004bde   0x08004bde   0x00000016   Code   RO         6121    i.USBD_CtlError     usbd_ctlreq.o
    0x08004bf4   0x08004bf4   0x0000001e   Code   RO         5925    i.USBD_CtlPrepareRx  usbd_ioreq.o
    0x08004c12   0x08004c12   0x00000016   Code   RO         5926    i.USBD_CtlReceiveStatus  usbd_ioreq.o
    0x08004c28   0x08004c28   0x0000001a   Code   RO         5927    i.USBD_CtlSendData  usbd_ioreq.o
    0x08004c42   0x08004c42   0x00000016   Code   RO         5928    i.USBD_CtlSendStatus  usbd_ioreq.o
    0x08004c58   0x08004c58   0x00000020   Code   RO         5117    i.USBD_FS_ConfigStrDescriptor  usbd_desc.o
    0x08004c78   0x08004c78   0x0000000c   Code   RO         5118    i.USBD_FS_DeviceDescriptor  usbd_desc.o
    0x08004c84   0x08004c84   0x00000024   Code   RO         5119    i.USBD_FS_InterfaceStrDescriptor  usbd_desc.o
    0x08004ca8   0x08004ca8   0x0000000c   Code   RO         5120    i.USBD_FS_LangIDStrDescriptor  usbd_desc.o
    0x08004cb4   0x08004cb4   0x00000028   Code   RO         5121    i.USBD_FS_ManufacturerStrDescriptor  usbd_desc.o
    0x08004cdc   0x08004cdc   0x0000002c   Code   RO         5122    i.USBD_FS_ProductStrDescriptor  usbd_desc.o
    0x08004d08   0x08004d08   0x00000024   Code   RO         5123    i.USBD_FS_SerialStrDescriptor  usbd_desc.o
    0x08004d2c   0x08004d2c   0x0000000c   Code   RO         5124    i.USBD_FS_USR_BOSDescriptor  usbd_desc.o
    0x08004d38   0x08004d38   0x00000108   Code   RO         6122    i.USBD_GetDescriptor  usbd_ctlreq.o
    0x08004e40   0x08004e40   0x00000048   Code   RO         6123    i.USBD_GetString    usbd_ctlreq.o
    0x08004e88   0x08004e88   0x0000002a   Code   RO         5985    i.USBD_Init         usbd_core.o
    0x08004eb2   0x08004eb2   0x00000020   Code   RO         5239    i.USBD_LL_ClearStallEP  usbd_conf.o
    0x08004ed2   0x08004ed2   0x00000020   Code   RO         5240    i.USBD_LL_CloseEP   usbd_conf.o
    0x08004ef2   0x08004ef2   0x000000aa   Code   RO         5986    i.USBD_LL_DataInStage  usbd_core.o
    0x08004f9c   0x08004f9c   0x0000006a   Code   RO         5987    i.USBD_LL_DataOutStage  usbd_core.o
    0x08005006   0x08005006   0x00000004   Code   RO         5988    i.USBD_LL_DevConnected  usbd_core.o
    0x0800500a   0x0800500a   0x00000016   Code   RO         5989    i.USBD_LL_DevDisconnected  usbd_core.o
    0x08005020   0x08005020   0x00000008   Code   RO         5244    i.USBD_LL_GetRxDataSize  usbd_conf.o
    0x08005028   0x08005028   0x0000007c   Code   RO         5245    i.USBD_LL_Init      usbd_conf.o
    0x080050a4   0x080050a4   0x00000020   Code   RO         5246    i.USBD_LL_IsStallEP  usbd_conf.o
    0x080050c4   0x080050c4   0x00000004   Code   RO         5990    i.USBD_LL_IsoINIncomplete  usbd_core.o
    0x080050c8   0x080050c8   0x00000004   Code   RO         5991    i.USBD_LL_IsoOUTIncomplete  usbd_core.o
    0x080050cc   0x080050cc   0x00000026   Code   RO         5247    i.USBD_LL_OpenEP    usbd_conf.o
    0x080050f2   0x080050f2   0x00000020   Code   RO         5248    i.USBD_LL_PrepareReceive  usbd_conf.o
    0x08005112   0x08005112   0x00000040   Code   RO         5992    i.USBD_LL_Reset     usbd_core.o
    0x08005152   0x08005152   0x0000000c   Code   RO         5993    i.USBD_LL_Resume    usbd_core.o
    0x0800515e   0x0800515e   0x00000018   Code   RO         5994    i.USBD_LL_SOF       usbd_core.o
    0x08005176   0x08005176   0x00000006   Code   RO         5995    i.USBD_LL_SetSpeed  usbd_core.o
    0x0800517c   0x0800517c   0x00000020   Code   RO         5249    i.USBD_LL_SetUSBAddress  usbd_conf.o
    0x0800519c   0x0800519c   0x00000056   Code   RO         5996    i.USBD_LL_SetupStage  usbd_core.o
    0x080051f2   0x080051f2   0x00000020   Code   RO         5250    i.USBD_LL_StallEP   usbd_conf.o
    0x08005212   0x08005212   0x00000020   Code   RO         5251    i.USBD_LL_Start     usbd_conf.o
    0x08005232   0x08005232   0x00000012   Code   RO         5997    i.USBD_LL_Suspend   usbd_core.o
    0x08005244   0x08005244   0x00000020   Code   RO         5253    i.USBD_LL_Transmit  usbd_conf.o
    0x08005264   0x08005264   0x00000028   Code   RO         6124    i.USBD_ParseSetupRequest  usbd_ctlreq.o
    0x0800528c   0x0800528c   0x00000012   Code   RO         5998    i.USBD_RegisterClass  usbd_core.o
    0x0800529e   0x0800529e   0x00000016   Code   RO         6000    i.USBD_SetClassConfig  usbd_core.o
    0x080052b4   0x080052b4   0x00000074   Code   RO         6125    i.USBD_SetConfig    usbd_ctlreq.o
    0x08005328   0x08005328   0x0000000a   Code   RO         6001    i.USBD_Start        usbd_core.o
    0x08005332   0x08005332   0x000000f2   Code   RO         6126    i.USBD_StdDevReq    usbd_ctlreq.o
    0x08005424   0x08005424   0x000000de   Code   RO         6127    i.USBD_StdEPReq     usbd_ctlreq.o
    0x08005502   0x08005502   0x00000034   Code   RO         6128    i.USBD_StdItfReq    usbd_ctlreq.o
    0x08005536   0x08005536   0x00000002   PAD
    0x08005538   0x08005538   0x00000080   Code   RO         3953    i.USB_ActivateEndpoint  stm32f7xx_ll_usb.o
    0x080055b8   0x080055b8   0x00000034   Code   RO         3954    i.USB_ActivateSetup  stm32f7xx_ll_usb.o
    0x080055ec   0x080055ec   0x00000070   Code   RO         3956    i.USB_CoreInit      stm32f7xx_ll_usb.o
    0x0800565c   0x0800565c   0x00000038   Code   RO         3957    i.USB_CoreReset     stm32f7xx_ll_usb.o
    0x08005694   0x08005694   0x0000006e   Code   RO         3959    i.USB_DeactivateEndpoint  stm32f7xx_ll_usb.o
    0x08005702   0x08005702   0x00000018   Code   RO         3960    i.USB_DevConnect    stm32f7xx_ll_usb.o
    0x0800571a   0x0800571a   0x00000018   Code   RO         3961    i.USB_DevDisconnect  stm32f7xx_ll_usb.o
    0x08005732   0x08005732   0x00000002   PAD
    0x08005734   0x08005734   0x00000168   Code   RO         3962    i.USB_DevInit       stm32f7xx_ll_usb.o
    0x0800589c   0x0800589c   0x0000000c   Code   RO         3963    i.USB_DisableGlobalInt  stm32f7xx_ll_usb.o
    0x080058a8   0x080058a8   0x00000140   Code   RO         3966    i.USB_EP0StartXfer  stm32f7xx_ll_usb.o
    0x080059e8   0x080059e8   0x0000003e   Code   RO         3967    i.USB_EP0_OutStart  stm32f7xx_ll_usb.o
    0x08005a26   0x08005a26   0x00000064   Code   RO         3968    i.USB_EPClearStall  stm32f7xx_ll_usb.o
    0x08005a8a   0x08005a8a   0x0000005e   Code   RO         3969    i.USB_EPSetStall    stm32f7xx_ll_usb.o
    0x08005ae8   0x08005ae8   0x0000021c   Code   RO         3970    i.USB_EPStartXfer   stm32f7xx_ll_usb.o
    0x08005d04   0x08005d04   0x0000000c   Code   RO         3971    i.USB_EnableGlobalInt  stm32f7xx_ll_usb.o
    0x08005d10   0x08005d10   0x00000020   Code   RO         3972    i.USB_FlushRxFifo   stm32f7xx_ll_usb.o
    0x08005d30   0x08005d30   0x00000024   Code   RO         3973    i.USB_FlushTxFifo   stm32f7xx_ll_usb.o
    0x08005d54   0x08005d54   0x0000003e   Code   RO         3975    i.USB_GetDevSpeed   stm32f7xx_ll_usb.o
    0x08005d92   0x08005d92   0x00000008   Code   RO         3977    i.USB_GetMode       stm32f7xx_ll_usb.o
    0x08005d9a   0x08005d9a   0x0000000e   Code   RO         3984    i.USB_ReadDevAllInEpInterrupt  stm32f7xx_ll_usb.o
    0x08005da8   0x08005da8   0x0000000e   Code   RO         3985    i.USB_ReadDevAllOutEpInterrupt  stm32f7xx_ll_usb.o
    0x08005db6   0x08005db6   0x00000020   Code   RO         3986    i.USB_ReadDevInEPInterrupt  stm32f7xx_ll_usb.o
    0x08005dd6   0x08005dd6   0x00000010   Code   RO         3987    i.USB_ReadDevOutEPInterrupt  stm32f7xx_ll_usb.o
    0x08005de6   0x08005de6   0x00000008   Code   RO         3988    i.USB_ReadInterrupts  stm32f7xx_ll_usb.o
    0x08005dee   0x08005dee   0x0000001e   Code   RO         3989    i.USB_ReadPacket    stm32f7xx_ll_usb.o
    0x08005e0c   0x08005e0c   0x0000002c   Code   RO         3991    i.USB_SetCurrentMode  stm32f7xx_ll_usb.o
    0x08005e38   0x08005e38   0x00000022   Code   RO         3992    i.USB_SetDevAddress  stm32f7xx_ll_usb.o
    0x08005e5a   0x08005e5a   0x00000002   PAD
    0x08005e5c   0x08005e5c   0x0000002c   Code   RO         3996    i.USB_WritePacket   stm32f7xx_ll_usb.o
    0x08005e88   0x08005e88   0x00000002   Code   RO         4527    i.UsageFault_Handler  stm32f7xx_it.o
    0x08005e8a   0x08005e8a   0x00000002   Code   RO         4753    i._Error_Handler    main.o
    0x08005e8c   0x08005e8c   0x0000000e   Code   RO         6350    i.__scatterload_copy  mc_w.l(handlers.o)
    0x08005e9a   0x08005e9a   0x00000002   Code   RO         6351    i.__scatterload_null  mc_w.l(handlers.o)
    0x08005e9c   0x08005e9c   0x0000000e   Code   RO         6352    i.__scatterload_zeroinit  mc_w.l(handlers.o)
    0x08005eaa   0x08005eaa   0x00000002   PAD
    0x08005eac   0x08005eac   0x00000050   Code   RO         6298    i.free              mc_w.l(malloc.o)
    0x08005efc   0x08005efc   0x0000006c   Code   RO         4754    i.main              main.o
    0x08005f68   0x08005f68   0x0000006c   Code   RO         6299    i.malloc            mc_w.l(malloc.o)
    0x08005fd4   0x08005fd4   0x00000008   Data   RO           28    .constdata          stm32f7xx_hal_dma.o
    0x08005fdc   0x08005fdc   0x00000014   Data   RO         4963    .constdata          sd_diskio.o
    0x08005ff0   0x08005ff0   0x00000010   Data   RO         5422    .constdata          system_stm32f7xx.o
    0x08006000   0x08006000   0x00000008   Data   RO         5423    .constdata          system_stm32f7xx.o
    0x08006008   0x08006008   0x00000020   Data   RO         6348    Region$$Table       anon$$obj.o


    Execution Region RW_IRAM1 (Exec base: 0x20000000, Load base: 0x08006028, Size: 0x00002610, Max: 0x00080000, ABSOLUTE, COMPRESSED[0x000000d4])

    Exec Addr    Load Addr    Size         Type   Attr      Idx    E Section Name        Object

    0x20000000   COMPRESSED   0x0000000c   Data   RW          659    .data               stm32f7xx_hal.o
    0x2000000c   COMPRESSED   0x0000000c   Data   RW         4964    .data               sd_diskio.o
    0x20000018   COMPRESSED   0x00000005   Data   RW         5031    .data               fatfs.o
    0x2000001d   COMPRESSED   0x00000003   PAD
    0x20000020   COMPRESSED   0x00000010   Data   RW         5071    .data               usbd_cdc_if.o
    0x20000030   COMPRESSED   0x00000020   Data   RW         5126    .data               usbd_desc.o
    0x20000050   COMPRESSED   0x00000024   Data   RW         5127    .data               usbd_desc.o
    0x20000074   COMPRESSED   0x00000004   Data   RW         5424    .data               system_stm32f7xx.o
    0x20000078   COMPRESSED   0x00000001   Data   RW         6129    .data               usbd_ctlreq.o
    0x20000079   COMPRESSED   0x00000003   PAD
    0x2000007c   COMPRESSED   0x000000db   Data   RW         6201    .data               usbd_cdc.o
    0x20000157   COMPRESSED   0x00000001   PAD
    0x20000158   COMPRESSED   0x0000003c   Data   RW         6202    .data               usbd_cdc.o
    0x20000194   COMPRESSED   0x00000004   Data   RW         6344    .data               mc_w.l(mvars.o)
    0x20000198   COMPRESSED   0x00000004   Data   RW         6345    .data               mc_w.l(mvars.o)
    0x2000019c        -       0x000004c4   Zero   RW         4755    .bss                main.o
    0x20000660        -       0x00000060   Zero   RW         4756    .bss                main.o
    0x200006c0        -       0x00000060   Zero   RW         4757    .bss                main.o
    0x20000720        -       0x00000060   Zero   RW         4758    .bss                main.o
    0x20000780        -       0x00000060   Zero   RW         4759    .bss                main.o
    0x200007e0        -       0x00001000   Zero   RW         5070    .bss                usbd_cdc_if.o
    0x200017e0        -       0x00000200   Zero   RW         5125    .bss                usbd_desc.o
    0x200019e0        -       0x00000224   Zero   RW         5192    .bss                usb_device.o
    0x20001c04        -       0x00000400   Zero   RW         5254    .bss                usbd_conf.o
    0x20002004        -       0x0000000c   Zero   RW         5877    .bss                ff_gen_drv.o
    0x20002010        -       0x00000200   Zero   RW            2    HEAP                startup_stm32f767xx.o
    0x20002210        -       0x00000400   Zero   RW            1    STACK               startup_stm32f767xx.o


==============================================================================

Image component sizes


      Code (inc. data)   RO Data    RW Data    ZI Data      Debug   Object Name

       144         20          0          0          0       3463   bsp_driver_sd.o
        28         10          0          5          0       1014   fatfs.o
        70          6          0          0         12       1671   ff_gen_drv.o
      1578        150          0          0       1604      14680   main.o
       372         26         20         12          0       4684   sd_diskio.o
        36          8        504          0       1536        832   startup_stm32f767xx.o
       150         24          0         12          0       3953   stm32f7xx_hal.o
       228         12          0          0          0      37213   stm32f7xx_hal_cortex.o
       934         16          8          0          0     908006   stm32f7xx_hal_dma.o
       490         54          0          0          0       3177   stm32f7xx_hal_gpio.o
      1092        170          0          0          0       5001   stm32f7xx_hal_msp.o
      2366         72          0          0          0      11669   stm32f7xx_hal_pcd.o
       120          6          0          0          0       2492   stm32f7xx_hal_pcd_ex.o
       108          8          0          0          0       1264   stm32f7xx_hal_pwr_ex.o
      1452         92          0          0          0       6492   stm32f7xx_hal_rcc.o
      1340         22          0          0          0       2320   stm32f7xx_hal_rcc_ex.o
      2284         16          0          0          0      15079   stm32f7xx_hal_sd.o
       196          0          0          0          0       1259   stm32f7xx_hal_spi.o
      1030         52          0          0          0      10617   stm32f7xx_hal_tim.o
        92         10          0          0          0       2542   stm32f7xx_hal_tim_ex.o
      1080         70          0          0          0       5051   stm32f7xx_hal_uart.o
       556         28          0          0          0       3685   stm32f7xx_hal_usart.o
       118         38          0          0          0      13092   stm32f7xx_it.o
      1616         42          0          0          0      22186   stm32f7xx_ll_sdmmc.o
      2380         52          0          0          0      20447   stm32f7xx_ll_usb.o
        84         16         24          4          0       1215   system_stm32f7xx.o
        56         18          0          0        548        728   usb_device.o
       546         20          0        279          0      12260   usbd_cdc.o
        68         16          0         16       4096       2630   usbd_cdc_if.o
       806         42          0          0       1024      15187   usbd_conf.o
       626          0          0          0          0      11962   usbd_core.o
      1030         20          0          1          0       8040   usbd_ctlreq.o
       224        120          0         68        512       5771   usbd_desc.o
       132          0          0          0          0       4520   usbd_ioreq.o

    ----------------------------------------------------------------------
     23468       1256        588        404       9332    1164202   Object Totals
         0          0         32          0          0          0   (incl. Generated)
        36          0          0          7          0          0   (incl. Padding)

    ----------------------------------------------------------------------

      Code (inc. data)   RO Data    RW Data    ZI Data      Debug   Library Member Name

        86          0          0          0          0          0   __dczerorl2.o
         0          0          0          0          0          0   entry.o
         0          0          0          0          0          0   entry10a.o
         0          0          0          0          0          0   entry11a.o
         8          4          0          0          0          0   entry2.o
         4          0          0          0          0          0   entry5.o
         0          0          0          0          0          0   entry7b.o
         0          0          0          0          0          0   entry8b.o
         8          4          0          0          0          0   entry9a.o
        30          0          0          0          0          0   handlers.o
        36          8          0          0          0         68   init.o
        30          0          0          0          0         68   llshl.o
        32          0          0          0          0         68   llushr.o
       188         20          0          0          0        160   malloc.o
        36          0          0          0          0         68   memcpya.o
         0          0          0          8          0          0   mvars.o
        98          0          0          0          0         92   uldiv.o

    ----------------------------------------------------------------------
       560         36          0          8          0        524   Library Totals
         4          0          0          0          0          0   (incl. Padding)

    ----------------------------------------------------------------------

      Code (inc. data)   RO Data    RW Data    ZI Data      Debug   Library Name

       556         36          0          8          0        524   mc_w.l

    ----------------------------------------------------------------------
       560         36          0          8          0        524   Library Totals

    ----------------------------------------------------------------------

==============================================================================


      Code (inc. data)   RO Data    RW Data    ZI Data      Debug   

     24028       1292        588        412       9332    1137502   Grand Totals
     24028       1292        588        212       9332    1137502   ELF Image Totals (compressed)
     24028       1292        588        212          0          0   ROM Totals

==============================================================================

    Total RO  Size (Code + RO Data)                24616 (  24.04kB)
    Total RW  Size (RW Data + ZI Data)              9744 (   9.52kB)
    Total ROM Size (Code + RO Data + RW Data)      24828 (  24.25kB)

==============================================================================

