Component: ARM Compiler 5.06 update 5 (build 528) Tool: armlink [4d35e2]

==============================================================================

Section Cross References

    startup_stm32f446xx.o(RESET) refers to startup_stm32f446xx.o(STACK) for __initial_sp
    startup_stm32f446xx.o(RESET) refers to startup_stm32f446xx.o(.text) for Reset_Handler
    startup_stm32f446xx.o(RESET) refers to stm32f4xx_it.o(i.NMI_Handler) for NMI_Handler
    startup_stm32f446xx.o(RESET) refers to stm32f4xx_it.o(i.HardFault_Handler) for HardFault_Handler
    startup_stm32f446xx.o(RESET) refers to stm32f4xx_it.o(i.MemManage_Handler) for MemManage_Handler
    startup_stm32f446xx.o(RESET) refers to stm32f4xx_it.o(i.BusFault_Handler) for BusFault_Handler
    startup_stm32f446xx.o(RESET) refers to stm32f4xx_it.o(i.UsageFault_Handler) for UsageFault_Handler
    startup_stm32f446xx.o(RESET) refers to stm32f4xx_it.o(i.SVC_Handler) for SVC_Handler
    startup_stm32f446xx.o(RESET) refers to stm32f4xx_it.o(i.DebugMon_Handler) for DebugMon_Handler
    startup_stm32f446xx.o(RESET) refers to stm32f4xx_it.o(i.PendSV_Handler) for PendSV_Handler
    startup_stm32f446xx.o(RESET) refers to stm32f4xx_it.o(i.SysTick_Handler) for SysTick_Handler
    startup_stm32f446xx.o(RESET) refers to stm32f4xx_it.o(i.DMA2_Stream1_IRQHandler) for DMA2_Stream1_IRQHandler
    startup_stm32f446xx.o(RESET) refers to stm32f4xx_it.o(i.DMA2_Stream3_IRQHandler) for DMA2_Stream3_IRQHandler
    startup_stm32f446xx.o(RESET) refers to stm32f4xx_it.o(i.OTG_FS_IRQHandler) for OTG_FS_IRQHandler
    startup_stm32f446xx.o(.text) refers to system_stm32f4xx.o(i.SystemInit) for SystemInit
    startup_stm32f446xx.o(.text) refers to entry.o(.ARM.Collect$$$$00000000) for __main
    stm32f4xx_hal_dma_ex.o(i.HAL_DMAEx_MultiBufferStart) refers to stm32f4xx_hal_dma_ex.o(i.DMA_MultiBufferSetConfig) for DMA_MultiBufferSetConfig
    stm32f4xx_hal_dma_ex.o(i.HAL_DMAEx_MultiBufferStart_IT) refers to stm32f4xx_hal_dma_ex.o(i.DMA_MultiBufferSetConfig) for DMA_MultiBufferSetConfig
    stm32f4xx_hal_flash.o(i.FLASH_SetErrorCode) refers to stm32f4xx_hal_flash.o(.bss) for .bss
    stm32f4xx_hal_flash.o(i.FLASH_WaitForLastOperation) refers to stm32f4xx_hal.o(i.HAL_GetTick) for HAL_GetTick
    stm32f4xx_hal_flash.o(i.FLASH_WaitForLastOperation) refers to stm32f4xx_hal_flash.o(i.FLASH_SetErrorCode) for FLASH_SetErrorCode
    stm32f4xx_hal_flash.o(i.FLASH_WaitForLastOperation) refers to stm32f4xx_hal_flash.o(.bss) for .bss
    stm32f4xx_hal_flash.o(i.HAL_FLASH_GetError) refers to stm32f4xx_hal_flash.o(.bss) for .bss
    stm32f4xx_hal_flash.o(i.HAL_FLASH_IRQHandler) refers to stm32f4xx_hal_flash.o(i.FLASH_SetErrorCode) for FLASH_SetErrorCode
    stm32f4xx_hal_flash.o(i.HAL_FLASH_IRQHandler) refers to stm32f4xx_hal_flash.o(i.HAL_FLASH_OperationErrorCallback) for HAL_FLASH_OperationErrorCallback
    stm32f4xx_hal_flash.o(i.HAL_FLASH_IRQHandler) refers to stm32f4xx_hal_flash.o(i.HAL_FLASH_EndOfOperationCallback) for HAL_FLASH_EndOfOperationCallback
    stm32f4xx_hal_flash.o(i.HAL_FLASH_IRQHandler) refers to stm32f4xx_hal_flash_ex.o(i.FLASH_Erase_Sector) for FLASH_Erase_Sector
    stm32f4xx_hal_flash.o(i.HAL_FLASH_IRQHandler) refers to stm32f4xx_hal_flash_ex.o(i.FLASH_FlushCaches) for FLASH_FlushCaches
    stm32f4xx_hal_flash.o(i.HAL_FLASH_IRQHandler) refers to stm32f4xx_hal_flash.o(.bss) for .bss
    stm32f4xx_hal_flash.o(i.HAL_FLASH_OB_Launch) refers to stm32f4xx_hal_flash.o(i.FLASH_WaitForLastOperation) for FLASH_WaitForLastOperation
    stm32f4xx_hal_flash.o(i.HAL_FLASH_Program) refers to stm32f4xx_hal_flash.o(i.FLASH_WaitForLastOperation) for FLASH_WaitForLastOperation
    stm32f4xx_hal_flash.o(i.HAL_FLASH_Program) refers to stm32f4xx_hal_flash.o(i.FLASH_Program_DoubleWord) for FLASH_Program_DoubleWord
    stm32f4xx_hal_flash.o(i.HAL_FLASH_Program) refers to stm32f4xx_hal_flash.o(i.FLASH_Program_Byte) for FLASH_Program_Byte
    stm32f4xx_hal_flash.o(i.HAL_FLASH_Program) refers to stm32f4xx_hal_flash.o(i.FLASH_Program_HalfWord) for FLASH_Program_HalfWord
    stm32f4xx_hal_flash.o(i.HAL_FLASH_Program) refers to stm32f4xx_hal_flash.o(i.FLASH_Program_Word) for FLASH_Program_Word
    stm32f4xx_hal_flash.o(i.HAL_FLASH_Program) refers to stm32f4xx_hal_flash.o(.bss) for .bss
    stm32f4xx_hal_flash.o(i.HAL_FLASH_Program_IT) refers to stm32f4xx_hal_flash.o(i.FLASH_Program_DoubleWord) for FLASH_Program_DoubleWord
    stm32f4xx_hal_flash.o(i.HAL_FLASH_Program_IT) refers to stm32f4xx_hal_flash.o(i.FLASH_Program_Byte) for FLASH_Program_Byte
    stm32f4xx_hal_flash.o(i.HAL_FLASH_Program_IT) refers to stm32f4xx_hal_flash.o(i.FLASH_Program_HalfWord) for FLASH_Program_HalfWord
    stm32f4xx_hal_flash.o(i.HAL_FLASH_Program_IT) refers to stm32f4xx_hal_flash.o(i.FLASH_Program_Word) for FLASH_Program_Word
    stm32f4xx_hal_flash.o(i.HAL_FLASH_Program_IT) refers to stm32f4xx_hal_flash.o(.bss) for .bss
[...]
    .text                                    0x080002e4   Section        0  __dczerorl2.o(.text)
    i.BusFault_Handler                       0x0800033a   Section        0  stm32f4xx_it.o(i.BusFault_Handler)
    i.CDC_Control_FS                         0x0800033c   Section        0  usbd_cdc_if.o(i.CDC_Control_FS)
    CDC_Control_FS                           0x0800033d   Thumb Code     4  usbd_cdc_if.o(i.CDC_Control_FS)
    i.CDC_DeInit_FS                          0x08000340   Section        0  usbd_cdc_if.o(i.CDC_DeInit_FS)
    CDC_DeInit_FS                            0x08000341   Thumb Code     4  usbd_cdc_if.o(i.CDC_DeInit_FS)
    i.CDC_Init_FS                            0x08000344   Section        0  usbd_cdc_if.o(i.CDC_Init_FS)
    CDC_Init_FS                              0x08000345   Thumb Code    24  usbd_cdc_if.o(i.CDC_Init_FS)
    i.CDC_Receive_FS                         0x08000368   Section        0  usbd_cdc_if.o(i.CDC_Receive_FS)
    CDC_Receive_FS                           0x08000369   Thumb Code    30  usbd_cdc_if.o(i.CDC_Receive_FS)
    i.CDC_Transmit_FS                        0x0800038c   Section        0  usbd_cdc_if.o(i.CDC_Transmit_FS)
    i.DMA2_Stream1_IRQHandler                0x080003b8   Section        0  stm32f4xx_it.o(i.DMA2_Stream1_IRQHandler)
    i.DMA2_Stream3_IRQHandler                0x080003c4   Section        0  stm32f4xx_it.o(i.DMA2_Stream3_IRQHandler)
    i.DMA_CalcBaseAndBitshift                0x080003d0   Section        0  stm32f4xx_hal_dma.o(i.DMA_CalcBaseAndBitshift)
    DMA_CalcBaseAndBitshift                  0x080003d1   Thumb Code    34  stm32f4xx_hal_dma.o(i.DMA_CalcBaseAndBitshift)
    i.DMA_CheckFifoParam                     0x080003f8   Section        0  stm32f4xx_hal_dma.o(i.DMA_CheckFifoParam)
    DMA_CheckFifoParam                       0x080003f9   Thumb Code    84  stm32f4xx_hal_dma.o(i.DMA_CheckFifoParam)
    i.DebugMon_Handler                       0x0800044c   Section        0  stm32f4xx_it.o(i.DebugMon_Handler)
    i.HAL_DMA_IRQHandler                     0x08000450   Section        0  stm32f4xx_hal_dma.o(i.HAL_DMA_IRQHandler)
    i.HAL_DMA_Init                           0x080005f0   Section        0  stm32f4xx_hal_dma.o(i.HAL_DMA_Init)
    i.HAL_Delay                              0x080006c4   Section        0  stm32f4xx_hal.o(i.HAL_Delay)
    i.HAL_GPIO_Init                          0x080006e8   Section        0  stm32f4xx_hal_gpio.o(i.HAL_GPIO_Init)
    i.HAL_GPIO_TogglePin                     0x0800088c   Section        0  stm32f4xx_hal_gpio.o(i.HAL_GPIO_TogglePin)
    i.HAL_GPIO_WritePin                      0x08000894   Section        0  stm32f4xx_hal_gpio.o(i.HAL_GPIO_WritePin)
    i.HAL_GetTick                            0x080008a0   Section        0  stm32f4xx_hal.o(i.HAL_GetTick)
    i.HAL_HalfDuplex_Init                    0x080008ac   Section        0  stm32f4xx_hal_uart.o(i.HAL_HalfDuplex_Init)
    i.HAL_IncTick                            0x08000918   Section        0  stm32f4xx_hal.o(i.HAL_IncTick)
    i.HAL_Init                               0x08000928   Section        0  stm32f4xx_hal.o(i.HAL_Init)
    i.HAL_InitTick                           0x0800095c   Section        0  stm32f4xx_hal.o(i.HAL_InitTick)
    i.HAL_MspInit                            0x0800099c   Section        0  stm32f4xx_hal_msp.o(i.HAL_MspInit)
    i.HAL_NVIC_EnableIRQ                     0x080009f4   Section        0  stm32f4xx_hal_cortex.o(i.HAL_NVIC_EnableIRQ)
    i.HAL_NVIC_SetPriority                   0x08000a0c   Section        0  stm32f4xx_hal_cortex.o(i.HAL_NVIC_SetPriority)
    i.HAL_NVIC_SetPriorityGrouping           0x08000a4c   Section        0  stm32f4xx_hal_cortex.o(i.HAL_NVIC_SetPriorityGrouping)
    i.HAL_PCDEx_ActivateLPM                  0x08000a70   Section        0  stm32f4xx_hal_pcd_ex.o(i.HAL_PCDEx_ActivateLPM)
    i.HAL_PCDEx_LPM_Callback                 0x08000a98   Section        0  stm32f4xx_hal_pcd_ex.o(i.HAL_PCDEx_LPM_Callback)
    i.HAL_PCDEx_SetRxFiFo                    0x08000a9a   Section        0  stm32f4xx_hal_pcd_ex.o(i.HAL_PCDEx_SetRxFiFo)
    i.HAL_PCDEx_SetTxFiFo                    0x08000aa2   Section        0  stm32f4xx_hal_pcd_ex.o(i.HAL_PCDEx_SetTxFiFo)
    i.HAL_PCD_ConnectCallback                0x08000ae6   Section        0  usbd_conf.o(i.HAL_PCD_ConnectCallback)
    i.HAL_PCD_DataInStageCallback            0x08000aee   Section        0  usbd_conf.o(i.HAL_PCD_DataInStageCallback)
    i.HAL_PCD_DataOutStageCallback           0x08000b00   Section        0  usbd_conf.o(i.HAL_PCD_DataOutStageCallback)
    i.HAL_PCD_DisconnectCallback             0x08000b14   Section        0  usbd_conf.o(i.HAL_PCD_DisconnectCallback)
    i.HAL_PCD_EP_Close                       0x08000b1c   Section        0  stm32f4xx_hal_pcd.o(i.HAL_PCD_EP_Close)
    i.HAL_PCD_EP_ClrStall                    0x08000b60   Section        0  stm32f4xx_hal_pcd.o(i.HAL_PCD_EP_ClrStall)
    i.HAL_PCD_EP_GetRxCount                  0x08000bb0   Section        0  stm32f4xx_hal_pcd.o(i.HAL_PCD_EP_GetRxCount)
    i.HAL_PCD_EP_Open                        0x08000bc4   Section        0  stm32f4xx_hal_pcd.o(i.HAL_PCD_EP_Open)
    i.HAL_PCD_EP_Receive                     0x08000c18   Section        0  stm32f4xx_hal_pcd.o(i.HAL_PCD_EP_Receive)
    i.HAL_PCD_EP_SetStall                    0x08000c60   Section        0  stm32f4xx_hal_pcd.o(i.HAL_PCD_EP_SetStall)
    i.HAL_PCD_EP_Transmit                    0x08000cc0   Section        0  stm32f4xx_hal_pcd.o(i.HAL_PCD_EP_Transmit)
    i.HAL_PCD_IRQHandler                     0x08000d00   Section        0  stm32f4xx_hal_pcd.o(i.HAL_PCD_IRQHandler)
    i.HAL_PCD_ISOINIncompleteCallback        0x08001254   Section        0  usbd_conf.o(i.HAL_PCD_ISOINIncompleteCallback)
    i.HAL_PCD_ISOOUTIncompleteCallback       0x0800125c   Section        0  usbd_conf.o(i.HAL_PCD_ISOOUTIncompleteCallback)
    i.HAL_PCD_Init                           0x08001264   Section        0  stm32f4xx_hal_pcd.o(i.HAL_PCD_Init)
    i.HAL_PCD_MspInit                        0x08001330   Section        0  usbd_conf.o(i.HAL_PCD_MspInit)
    i.HAL_PCD_ResetCallback                  0x08001394   Section        0  usbd_conf.o(i.HAL_PCD_ResetCallback)
    i.HAL_PCD_ResumeCallback                 0x080013b4   Section        0  usbd_conf.o(i.HAL_PCD_ResumeCallback)
    i.HAL_PCD_SOFCallback                    0x080013bc   Section        0  usbd_conf.o(i.HAL_PCD_SOFCallback)
    i.HAL_PCD_SetAddress                     0x080013c4   Section        0  stm32f4xx_hal_pcd.o(i.HAL_PCD_SetAddress)
    i.HAL_PCD_SetupStageCallback             0x080013e8   Section        0  usbd_conf.o(i.HAL_PCD_SetupStageCallback)
    i.HAL_PCD_Start                          0x080013f6   Section        0  stm32f4xx_hal_pcd.o(i.HAL_PCD_Start)
    i.HAL_PCD_SuspendCallback                0x08001420   Section        0  usbd_conf.o(i.HAL_PCD_SuspendCallback)
    i.HAL_PWREx_EnableOverDrive              0x08001450   Section        0  stm32f4xx_hal_pwr_ex.o(i.HAL_PWREx_EnableOverDrive)
    i.HAL_RCCEx_GetPeriphCLKFreq             0x080014c0   Section        0  stm32f4xx_hal_rcc_ex.o(i.HAL_RCCEx_GetPeriphCLKFreq)
    i.HAL_RCCEx_PeriphCLKConfig              0x08001650   Section        0  stm32f4xx_hal_rcc_ex.o(i.HAL_RCCEx_PeriphCLKConfig)
    i.HAL_RCC_ClockConfig                    0x08001a80   Section        0  stm32f4xx_hal_rcc.o(i.HAL_RCC_ClockConfig)
    i.HAL_RCC_GetHCLKFreq                    0x08001bb0   Section        0  stm32f4xx_hal_rcc.o(i.HAL_RCC_GetHCLKFreq)
    i.HAL_RCC_GetPCLK1Freq                   0x08001bbc   Section        0  stm32f4xx_hal_rcc.o(i.HAL_RCC_GetPCLK1Freq)
    i.HAL_RCC_GetPCLK2Freq                   0x08001bdc   Section        0  stm32f4xx_hal_rcc.o(i.HAL_RCC_GetPCLK2Freq)
    i.HAL_RCC_GetSysClockFreq                0x08001bfc   Section        0  stm32f4xx_hal_rcc_ex.o(i.HAL_RCC_GetSysClockFreq)
    i.HAL_RCC_OscConfig                      0x08001c94   Section        0  stm32f4xx_hal_rcc_ex.o(i.HAL_RCC_OscConfig)
    i.HAL_SAI_Init                           0x08001fd8   Section        0  stm32f4xx_hal_sai.o(i.HAL_SAI_Init)
    i.HAL_SAI_MspInit                        0x0800213c   Section        0  stm32f4xx_hal_msp.o(i.HAL_SAI_MspInit)
    i.HAL_SPI_Init                           0x08002228   Section        0  stm32f4xx_hal_spi.o(i.HAL_SPI_Init)
    i.HAL_SPI_MspInit                        0x080022a8   Section        0  stm32f4xx_hal_msp.o(i.HAL_SPI_MspInit)
    i.HAL_SYSTICK_CLKSourceConfig            0x0800238c   Section        0  stm32f4xx_hal_cortex.o(i.HAL_SYSTICK_CLKSourceConfig)
    i.HAL_SYSTICK_Callback                   0x080023a4   Section        0  stm32f4xx_hal_cortex.o(i.HAL_SYSTICK_Callback)
    i.HAL_SYSTICK_Config                     0x080023a6   Section        0  stm32f4xx_hal_cortex.o(i.HAL_SYSTICK_Config)
    i.HAL_SYSTICK_IRQHandler                 0x080023ce   Section        0  stm32f4xx_hal_cortex.o(i.HAL_SYSTICK_IRQHandler)
    i.HAL_UART_MspInit                       0x080023d8   Section        0  stm32f4xx_hal_msp.o(i.HAL_UART_MspInit)
    i.HAL_USART_Init                         0x08002424   Section        0  stm32f4xx_hal_usart.o(i.HAL_USART_Init)
    i.HAL_USART_MspInit                      0x08002478   Section        0  stm32f4xx_hal_msp.o(i.HAL_USART_MspInit)
    i.HardFault_Handler                      0x080024c4   Section        0  stm32f4xx_it.o(i.HardFault_Handler)
    i.MX_GPIO_Init                           0x080024c8   Section        0  main.o(i.MX_GPIO_Init)
    MX_GPIO_Init                             0x080024c9   Thumb Code   236  main.o(i.MX_GPIO_Init)
    i.MX_SAI1_Init                           0x080025c4   Section        0  main.o(i.MX_SAI1_Init)
    MX_SAI1_Init                             0x080025c5   Thumb Code    88  main.o(i.MX_SAI1_Init)
    i.MX_SPI1_Init                           0x08002624   Section        0  main.o(i.MX_SPI1_Init)
    MX_SPI1_Init                             0x08002625   Thumb Code    56  main.o(i.MX_SPI1_Init)
    i.MX_SPI2_Init                           0x08002664   Section        0  main.o(i.MX_SPI2_Init)
    MX_SPI2_Init                             0x08002665   Thumb Code    56  main.o(i.MX_SPI2_Init)
    i.MX_USART1_Init                         0x080026a4   Section        0  main.o(i.MX_USART1_Init)
    MX_USART1_Init                           0x080026a5   Thumb Code    44  main.o(i.MX_USART1_Init)
    i.MX_USB_DEVICE_Init                     0x080026d8   Section        0  usb_device.o(i.MX_USB_DEVICE_Init)
    i.MemManage_Handler                      0x08002710   Section        0  stm32f4xx_it.o(i.MemManage_Handler)
    i.NMI_Handler                            0x08002712   Section        0  stm32f4xx_it.o(i.NMI_Handler)
    i.NVIC_SetPriority                       0x08002714   Section        0  stm32f4xx_hal_cortex.o(i.NVIC_SetPriority)
    NVIC_SetPriority                         0x08002715   Thumb Code    32  stm32f4xx_hal_cortex.o(i.NVIC_SetPriority)
    i.OTG_FS_IRQHandler                      0x08002734   Section        0  stm32f4xx_it.o(i.OTG_FS_IRQHandler)
    i.PCD_WriteEmptyTxFifo                   0x08002740   Section        0  stm32f4xx_hal_pcd.o(i.PCD_WriteEmptyTxFifo)
    PCD_WriteEmptyTxFifo                     0x08002741   Thumb Code   136  stm32f4xx_hal_pcd.o(i.PCD_WriteEmptyTxFifo)
    i.PendSV_Handler                         0x080027c8   Section        0  stm32f4xx_it.o(i.PendSV_Handler)
    i.SAI_BlockSynchroConfig                 0x080027cc   Section        0  stm32f4xx_hal_sai_ex.o(i.SAI_BlockSynchroConfig)
    i.SAI_Disable                            0x08002810   Section        0  stm32f4xx_hal_sai.o(i.SAI_Disable)
    SAI_Disable                              0x08002811   Thumb Code    58  stm32f4xx_hal_sai.o(i.SAI_Disable)
    i.SAI_GetInputClock                      0x08002850   Section        0  stm32f4xx_hal_sai_ex.o(i.SAI_GetInputClock)
    i.SVC_Handler                            0x08002870   Section        0  stm32f4xx_it.o(i.SVC_Handler)
    i.SysTick_Handler                        0x08002872   Section        0  stm32f4xx_it.o(i.SysTick_Handler)
    i.SystemClock_Config                     0x08002880   Section        0  main.o(i.SystemClock_Config)
    i.SystemInit                             0x08002950   Section        0  system_stm32f4xx.o(i.SystemInit)
    i.UART_SetConfig                         0x080029a4   Section        0  stm32f4xx_hal_uart.o(i.UART_SetConfig)
    UART_SetConfig                           0x080029a5   Thumb Code   676  stm32f4xx_hal_uart.o(i.UART_SetConfig)
    i.USART_SetConfig                        0x08002c50   Section        0  stm32f4xx_hal_usart.o(i.USART_SetConfig)
    USART_SetConfig                          0x08002c51   Thumb Code   252  stm32f4xx_hal_usart.o(i.USART_SetConfig)
    i.USBD_CDC_DataIn                        0x08002d54   Section        0  usbd_cdc.o(i.USBD_CDC_DataIn)
    USBD_CDC_DataIn                          0x08002d55   Thumb Code    20  usbd_cdc.o(i.USBD_CDC_DataIn)
    i.USBD_CDC_DataOut                       0x08002d68   Section        0  usbd_cdc.o(i.USBD_CDC_DataOut)
    USBD_CDC_DataOut                         0x08002d69   Thumb Code    46  usbd_cdc.o(i.USBD_CDC_DataOut)
    i.USBD_CDC_DeInit                        0x08002d96   Section        0  usbd_cdc.o(i.USBD_CDC_DeInit)
    USBD_CDC_DeInit                          0x08002d97   Thumb Code    60  usbd_cdc.o(i.USBD_CDC_DeInit)
    i.USBD_CDC_EP0_RxReady                   0x08002dd2   Section        0  usbd_cdc.o(i.USBD_CDC_EP0_RxReady)
    USBD_CDC_EP0_RxReady                     0x08002dd3   Thumb Code    36  usbd_cdc.o(i.USBD_CDC_EP0_RxReady)
    i.USBD_CDC_GetDeviceQualifierDescriptor  0x08002df8   Section        0  usbd_cdc.o(i.USBD_CDC_GetDeviceQualifierDescriptor)
    i.USBD_CDC_GetFSCfgDesc                  0x08002e04   Section        0  usbd_cdc.o(i.USBD_CDC_GetFSCfgDesc)
    USBD_CDC_GetFSCfgDesc                    0x08002e05   Thumb Code     8  usbd_cdc.o(i.USBD_CDC_GetFSCfgDesc)
    i.USBD_CDC_GetHSCfgDesc                  0x08002e10   Section        0  usbd_cdc.o(i.USBD_CDC_GetHSCfgDesc)
    USBD_CDC_GetHSCfgDesc                    0x08002e11   Thumb Code     8  usbd_cdc.o(i.USBD_CDC_GetHSCfgDesc)
    i.USBD_CDC_GetOtherSpeedCfgDesc          0x08002e1c   Section        0  usbd_cdc.o(i.USBD_CDC_GetOtherSpeedCfgDesc)
    USBD_CDC_GetOtherSpeedCfgDesc            0x08002e1d   Thumb Code     8  usbd_cdc.o(i.USBD_CDC_GetOtherSpeedCfgDesc)
    i.USBD_CDC_Init                          0x08002e28   Section        0  usbd_cdc.o(i.USBD_CDC_Init)
    USBD_CDC_Init                            0x08002e29   Thumb Code   136  usbd_cdc.o(i.USBD_CDC_Init)
    i.USBD_CDC_ReceivePacket                 0x08002eb0   Section        0  usbd_cdc.o(i.USBD_CDC_ReceivePacket)
    i.USBD_CDC_RegisterInterface             0x08002ed8   Section        0  usbd_cdc.o(i.USBD_CDC_RegisterInterface)
    i.USBD_CDC_SetRxBuffer                   0x08002ee8   Section        0  usbd_cdc.o(i.USBD_CDC_SetRxBuffer)
    i.USBD_CDC_SetTxBuffer                   0x08002ef4   Section        0  usbd_cdc.o(i.USBD_CDC_SetTxBuffer)
    i.USBD_CDC_Setup                         0x08002f04   Section        0  usbd_cdc.o(i.USBD_CDC_Setup)
    USBD_CDC_Setup                           0x08002f05   Thumb Code   106  usbd_cdc.o(i.USBD_CDC_Setup)
    i.USBD_CDC_TransmitPacket                0x08002f74   Section        0  usbd_cdc.o(i.USBD_CDC_TransmitPacket)
    i.USBD_ClrClassConfig                    0x08002fa4   Section        0  usbd_core.o(i.USBD_ClrClassConfig)
    i.USBD_CtlContinueRx                     0x08002fb2   Section        0  usbd_ioreq.o(i.USBD_CtlContinueRx)
    i.USBD_CtlContinueSendData               0x08002fc2   Section        0  usbd_ioreq.o(i.USBD_CtlContinueSendData)
    i.USBD_CtlError                          0x08002fd2   Section        0  usbd_ctlreq.o(i.USBD_CtlError)
    i.USBD_CtlPrepareRx                      0x08002fe8   Section        0  usbd_ioreq.o(i.USBD_CtlPrepareRx)
    i.USBD_CtlReceiveStatus                  0x08003006   Section        0  usbd_ioreq.o(i.USBD_CtlReceiveStatus)
    i.USBD_CtlSendData                       0x0800301c   Section        0  usbd_ioreq.o(i.USBD_CtlSendData)
    i.USBD_CtlSendStatus                     0x08003036   Section        0  usbd_ioreq.o(i.USBD_CtlSendStatus)
    i.USBD_FS_ConfigStrDescriptor            0x0800304c   Section        0  usbd_desc.o(i.USBD_FS_ConfigStrDescriptor)
    i.USBD_FS_DeviceDescriptor               0x0800306c   Section        0  usbd_desc.o(i.USBD_FS_DeviceDescriptor)
    i.USBD_FS_InterfaceStrDescriptor         0x08003078   Section        0  usbd_desc.o(i.USBD_FS_InterfaceStrDescriptor)
    i.USBD_FS_LangIDStrDescriptor            0x0800309c   Section        0  usbd_desc.o(i.USBD_FS_LangIDStrDescriptor)
    i.USBD_FS_ManufacturerStrDescriptor      0x080030a8   Section        0  usbd_desc.o(i.USBD_FS_ManufacturerStrDescriptor)
    i.USBD_FS_ProductStrDescriptor           0x080030d0   Section        0  usbd_desc.o(i.USBD_FS_ProductStrDescriptor)
    i.USBD_FS_SerialStrDescriptor            0x080030fc   Section        0  usbd_desc.o(i.USBD_FS_SerialStrDescriptor)
    i.USBD_GetDescriptor                     0x08003120   Section        0  usbd_ctlreq.o(i.USBD_GetDescriptor)
    USBD_GetDescriptor                       0x08003121   Thumb Code   242  usbd_ctlreq.o(i.USBD_GetDescriptor)
    i.USBD_GetString                         0x08003212   Section        0  usbd_ctlreq.o(i.USBD_GetString)
    i.USBD_Init                              0x08003258   Section        0  usbd_core.o(i.USBD_Init)
    i.USBD_LL_ClearStallEP                   0x08003282   Section        0  usbd_conf.o(i.USBD_LL_ClearStallEP)
    i.USBD_LL_CloseEP                        0x080032a2   Section        0  usbd_conf.o(i.USBD_LL_CloseEP)
    i.USBD_LL_DataInStage                    0x080032c2   Section        0  usbd_core.o(i.USBD_LL_DataInStage)
    i.USBD_LL_DataOutStage                   0x0800336c   Section        0  usbd_core.o(i.USBD_LL_DataOutStage)
    i.USBD_LL_DevConnected                   0x080033d6   Section        0  usbd_core.o(i.USBD_LL_DevConnected)
    i.USBD_LL_DevDisconnected                0x080033da   Section        0  usbd_core.o(i.USBD_LL_DevDisconnected)
    i.USBD_LL_GetRxDataSize                  0x080033f0   Section        0  usbd_conf.o(i.USBD_LL_GetRxDataSize)
    i.USBD_LL_Init                           0x080033f8   Section        0  usbd_conf.o(i.USBD_LL_Init)
    i.USBD_LL_IsStallEP                      0x08003474   Section        0  usbd_conf.o(i.USBD_LL_IsStallEP)
    i.USBD_LL_IsoINIncomplete                0x08003494   Section        0  usbd_core.o(i.USBD_LL_IsoINIncomplete)
    i.USBD_LL_IsoOUTIncomplete               0x08003498   Section        0  usbd_core.o(i.USBD_LL_IsoOUTIncomplete)
    i.USBD_LL_OpenEP                         0x0800349c   Section        0  usbd_conf.o(i.USBD_LL_OpenEP)
    i.USBD_LL_PrepareReceive                 0x080034c2   Section        0  usbd_conf.o(i.USBD_LL_PrepareReceive)
    i.USBD_LL_Reset                          0x080034e2   Section        0  usbd_core.o(i.USBD_LL_Reset)
    i.USBD_LL_Resume                         0x08003520   Section        0  usbd_core.o(i.USBD_LL_Resume)
    i.USBD_LL_SOF                            0x0800352c   Section        0  usbd_core.o(i.USBD_LL_SOF)
    i.USBD_LL_SetSpeed                       0x08003544   Section        0  usbd_core.o(i.USBD_LL_SetSpeed)
    i.USBD_LL_SetUSBAddress                  0x0800354a   Section        0  usbd_conf.o(i.USBD_LL_SetUSBAddress)
    i.USBD_LL_SetupStage                     0x0800356a   Section        0  usbd_core.o(i.USBD_LL_SetupStage)
    i.USBD_LL_StallEP                        0x080035c4   Section        0  usbd_conf.o(i.USBD_LL_StallEP)
    i.USBD_LL_Start                          0x080035e4   Section        0  usbd_conf.o(i.USBD_LL_Start)
    i.USBD_LL_Suspend                        0x08003604   Section        0  usbd_core.o(i.USBD_LL_Suspend)
    i.USBD_LL_Transmit                       0x08003616   Section        0  usbd_conf.o(i.USBD_LL_Transmit)
    i.USBD_ParseSetupRequest                 0x08003636   Section        0  usbd_ctlreq.o(i.USBD_ParseSetupRequest)
    i.USBD_RegisterClass                     0x0800365e   Section        0  usbd_core.o(i.USBD_RegisterClass)
    i.USBD_SetClassConfig                    0x0800366e   Section        0  usbd_core.o(i.USBD_SetClassConfig)
    i.USBD_SetConfig                         0x08003684   Section        0  usbd_ctlreq.o(i.USBD_SetConfig)
    USBD_SetConfig                           0x08003685   Thumb Code   110  usbd_ctlreq.o(i.USBD_SetConfig)
    i.USBD_Start                             0x080036f8   Section        0  usbd_core.o(i.USBD_Start)
    i.USBD_StdDevReq                         0x08003702   Section        0  usbd_ctlreq.o(i.USBD_StdDevReq)
    i.USBD_StdEPReq                          0x080037f4   Section        0  usbd_ctlreq.o(i.USBD_StdEPReq)
    i.USBD_StdItfReq                         0x080038d0   Section        0  usbd_ctlreq.o(i.USBD_StdItfReq)
    i.USB_ActivateEndpoint                   0x08003904   Section        0  stm32f4xx_ll_usb.o(i.USB_ActivateEndpoint)
    i.USB_ActivateSetup                      0x08003984   Section        0  stm32f4xx_ll_usb.o(i.USB_ActivateSetup)
    i.USB_CoreInit                           0x080039b8   Section        0  stm32f4xx_ll_usb.o(i.USB_CoreInit)
    i.USB_CoreReset                          0x08003a24   Section        0  stm32f4xx_ll_usb.o(i.USB_CoreReset)
    USB_CoreReset                            0x08003a25   Thumb Code    50  stm32f4xx_ll_usb.o(i.USB_CoreReset)
    i.USB_DeactivateEndpoint                 0x08003a5c   Section        0  stm32f4xx_ll_usb.o(i.USB_DeactivateEndpoint)
    i.USB_DevConnect                         0x08003b24   Section        0  stm32f4xx_ll_usb.o(i.USB_DevConnect)
    i.USB_DevDisconnect                      0x08003b3c   Section        0  stm32f4xx_ll_usb.o(i.USB_DevDisconnect)
    i.USB_DevInit                            0x08003b54   Section        0  stm32f4xx_ll_usb.o(i.USB_DevInit)
    i.USB_DisableGlobalInt                   0x08003ca8   Section        0  stm32f4xx_ll_usb.o(i.USB_DisableGlobalInt)
    i.USB_EP0StartXfer                       0x08003cb4   Section        0  stm32f4xx_ll_usb.o(i.USB_EP0StartXfer)
    i.USB_EP0_OutStart                       0x08003df4   Section        0  stm32f4xx_ll_usb.o(i.USB_EP0_OutStart)
    i.USB_EPClearStall                       0x08003e32   Section        0  stm32f4xx_ll_usb.o(i.USB_EPClearStall)
    i.USB_EPSetStall                         0x08003e96   Section        0  stm32f4xx_ll_usb.o(i.USB_EPSetStall)
    i.USB_EPStartXfer                        0x08003ef4   Section        0  stm32f4xx_ll_usb.o(i.USB_EPStartXfer)
    i.USB_EnableGlobalInt                    0x08004110   Section        0  stm32f4xx_ll_usb.o(i.USB_EnableGlobalInt)
    i.USB_FlushRxFifo                        0x0800411c   Section        0  stm32f4xx_ll_usb.o(i.USB_FlushRxFifo)
    i.USB_FlushTxFifo                        0x0800413c   Section        0  stm32f4xx_ll_usb.o(i.USB_FlushTxFifo)
    i.USB_GetDevSpeed                        0x08004160   Section        0  stm32f4xx_ll_usb.o(i.USB_GetDevSpeed)
    i.USB_GetMode                            0x0800419c   Section        0  stm32f4xx_ll_usb.o(i.USB_GetMode)
    i.USB_ReadDevAllInEpInterrupt            0x080041a4   Section        0  stm32f4xx_ll_usb.o(i.USB_ReadDevAllInEpInterrupt)
    i.USB_ReadDevAllOutEpInterrupt           0x080041b2   Section        0  stm32f4xx_ll_usb.o(i.USB_ReadDevAllOutEpInterrupt)
    i.USB_ReadDevInEPInterrupt               0x080041c0   Section        0  stm32f4xx_ll_usb.o(i.USB_ReadDevInEPInterrupt)
    i.USB_ReadDevOutEPInterrupt              0x080041de   Section        0  stm32f4xx_ll_usb.o(i.USB_ReadDevOutEPInterrupt)
    i.USB_ReadInterrupts                     0x080041ee   Section        0  stm32f4xx_ll_usb.o(i.USB_ReadInterrupts)
    i.USB_ReadPacket                         0x080041f6   Section        0  stm32f4xx_ll_usb.o(i.USB_ReadPacket)
    i.USB_SetCurrentMode                     0x08004216   Section        0  stm32f4xx_ll_usb.o(i.USB_SetCurrentMode)
    i.USB_SetDevAddress                      0x08004242   Section        0  stm32f4xx_ll_usb.o(i.USB_SetDevAddress)
    i.USB_WritePacket                        0x08004264   Section        0  stm32f4xx_ll_usb.o(i.USB_WritePacket)
    i.UsageFault_Handler                     0x0800428c   Section        0  stm32f4xx_it.o(i.UsageFault_Handler)
    i._Error_Handler                         0x0800428e   Section        0  main.o(i._Error_Handler)
    i.__scatterload_copy                     0x08004290   Section       14  handlers.o(i.__scatterload_copy)
    i.__scatterload_null                     0x0800429e   Section        2  handlers.o(i.__scatterload_null)
    i.__scatterload_zeroinit                 0x080042a0   Section       14  handlers.o(i.__scatterload_zeroinit)
    i.free                                   0x080042b0   Section        0  malloc.o(i.free)
    i.main                                   0x08004300   Section        0  main.o(i.main)
    i.malloc                                 0x08004394   Section        0  malloc.o(i.malloc)
    .constdata                               0x08004400   Section        8  stm32f4xx_hal_dma.o(.constdata)
    flagBitshiftOffset                       0x08004400   Data           8  stm32f4xx_hal_dma.o(.constdata)
    .constdata                               0x08004408   Section       16  system_stm32f4xx.o(.constdata)
    .constdata                               0x08004418   Section        8  system_stm32f4xx.o(.constdata)
    .data                                    0x20000000   Section       12  stm32f4xx_hal.o(.data)
    .data                                    0x2000000c   Section        4  system_stm32f4xx.o(.data)
    .data                                    0x20000010   Section        4  stm32f4xx_hal_msp.o(.data)
    SAI1_client                              0x20000010   Data           4  stm32f4xx_hal_msp.o(.data)
    .data                                    0x20000014   Section       16  usbd_cdc_if.o(.data)
    .data                                    0x20000024   Section       28  usbd_desc.o(.data)
    .data                                    0x20000040   Section       22  usbd_desc.o(.data)
    .data                                    0x20000058   Section      219  usbd_cdc.o(.data)
    ifalt                                    0x20000058   Data           1  usbd_cdc.o(.data)
    USBD_CDC_DeviceQualifierDesc             0x2000005c   Data          10  usbd_cdc.o(.data)
    .data                                    0x20000134   Section       60  usbd_cdc.o(.data)
    .data                                    0x20000170   Section        1  usbd_ctlreq.o(.data)
    cfgidx                                   0x20000170   Data           1  usbd_ctlreq.o(.data)
    .data                                    0x20000174   Section        4  mvars.o(.data)
    .data                                    0x20000178   Section        4  mvars.o(.data)
    .bss                                     0x2000017c   Section      444  main.o(.bss)
    .bss                                     0x20000338   Section       96  main.o(.bss)
    .bss                                     0x20000398   Section       96  main.o(.bss)
    .bss                                     0x200003f8   Section      548  usb_device.o(.bss)
    .bss                                     0x2000061c   Section     4096  usbd_cdc_if.o(.bss)
    .bss                                     0x2000161c   Section      512  usbd_desc.o(.bss)
    .bss                                     0x2000181c   Section     1020  usbd_conf.o(.bss)
    HEAP                                     0x20001c18   Section      512  startup_stm32f446xx.o(HEAP)
    STACK                                    0x20001e18   Section     1024  startup_stm32f446xx.o(STACK)

    Global Symbols

    Symbol Name                              Value     Ov Type        Size  Object(Section)

    BuildAttributes$$THM_ISAv4$E$P$D$K$B$S$7EM$VFPi3$EXTD16$VFPS$VFMA$PE$A:L22UL41UL21$X:L11$S22US41US21$IEEE1$IW$USESV6$~STKCKD$USESV7$~SHL$OSPACE$EBA8$MICROLIB$REQ8$PRES8$EABIv2 0x00000000   Number         0  anon$$obj.o ABSOLUTE
    __ARM_use_no_argv                        0x00000000   Number         0  main.o ABSOLUTE
    __cpp_initialize__aeabi_                  - Undefined Weak Reference
    __cxa_finalize                            - Undefined Weak Reference
    _clock_init                               - Undefined Weak Reference
    _microlib_exit                            - Undefined Weak Reference
    __Vectors_Size                           0x000001c4   Number         0  startup_stm32f446xx.o ABSOLUTE
    __Vectors                                0x08000000   Data           4  startup_stm32f446xx.o(RESET)
    __Vectors_End                            0x080001c4   Data           0  startup_stm32f446xx.o(RESET)
    __main                                   0x080001c5   Thumb Code     0  entry.o(.ARM.Collect$$$$00000000)
    _main_stk                                0x080001c5   Thumb Code     0  entry2.o(.ARM.Collect$$$$00000001)
    _main_scatterload                        0x080001c9   Thumb Code     0  entry5.o(.ARM.Collect$$$$00000004)
    __main_after_scatterload                 0x080001cd   Thumb Code     0  entry5.o(.ARM.Collect$$$$00000004)
    _main_clock                              0x080001cd   Thumb Code     0  entry7b.o(.ARM.Collect$$$$00000008)
    _main_cpp_init                           0x080001cd   Thumb Code     0  entry8b.o(.ARM.Collect$$$$0000000A)
    _main_init                               0x080001cd   Thumb Code     0  entry9a.o(.ARM.Collect$$$$0000000B)
    __rt_final_cpp                           0x080001d5   Thumb Code     0  entry10a.o(.ARM.Collect$$$$0000000D)
    __rt_final_exit                          0x080001d5   Thumb Code     0  entry11a.o(.ARM.Collect$$$$0000000F)
    Reset_Handler                            0x080001d9   Thumb Code     8  startup_stm32f446xx.o(.text)
    ADC_IRQHandler                           0x080001f3   Thumb Code     0  startup_stm32f446xx.o(.text)
    CAN1_RX0_IRQHandler                      0x080001f3   Thumb Code     0  startup_stm32f446xx.o(.text)
    CAN1_RX1_IRQHandler                      0x080001f3   Thumb Code     0  startup_stm32f446xx.o(.text)
    CAN1_SCE_IRQHandler                      0x080001f3   Thumb Code     0  startup_stm32f446xx.o(.text)
    CAN1_TX_IRQHandler                       0x080001f3   Thumb Code     0  startup_stm32f446xx.o(.text)
    CAN2_RX0_IRQHandler                      0x080001f3   Thumb Code     0  startup_stm32f446xx.o(.text)
    CAN2_RX1_IRQHandler                      0x080001f3   Thumb Code     0  startup_stm32f446xx.o(.text)
    CAN2_SCE_IRQHandler                      0x080001f3   Thumb Code     0  startup_stm32f446xx.o(.text)
    CAN2_TX_IRQHandler                       0x080001f3   Thumb Code     0  startup_stm32f446xx.o(.text)
    CEC_IRQHandler                           0x080001f3   Thumb Code     0  startup_stm32f446xx.o(.text)
    DCMI_IRQHandler                          0x080001f3   Thumb Code     0  startup_stm32f446xx.o(.text)
    DMA1_Stream0_IRQHandler                  0x080001f3   Thumb Code     0  startup_stm32f446xx.o(.text)
    DMA1_Stream1_IRQHandler                  0x080001f3   Thumb Code     0  startup_stm32f446xx.o(.text)
    DMA1_Stream2_IRQHandler                  0x080001f3   Thumb Code     0  startup_stm32f446xx.o(.text)
    DMA1_Stream3_IRQHandler                  0x080001f3   Thumb Code     0  startup_stm32f446xx.o(.text)
    DMA1_Stream4_IRQHandler                  0x080001f3   Thumb Code     0  startup_stm32f446xx.o(.text)
    DMA1_Stream5_IRQHandler                  0x080001f3   Thumb Code     0  startup_stm32f446xx.o(.text)
    DMA1_Stream6_IRQHandler                  0x080001f3   Thumb Code     0  startup_stm32f446xx.o(.text)
    DMA1_Stream7_IRQHandler                  0x080001f3   Thumb Code     0  startup_stm32f446xx.o(.text)
    DMA2_Stream0_IRQHandler                  0x080001f3   Thumb Code     0  startup_stm32f446xx.o(.text)
    DMA2_Stream2_IRQHandler                  0x080001f3   Thumb Code     0  startup_stm32f446xx.o(.text)
    DMA2_Stream4_IRQHandler                  0x080001f3   Thumb Code     0  startup_stm32f446xx.o(.text)
    DMA2_Stream5_IRQHandler                  0x080001f3   Thumb Code     0  startup_stm32f446xx.o(.text)
    DMA2_Stream6_IRQHandler                  0x080001f3   Thumb Code     0  startup_stm32f446xx.o(.text)
    DMA2_Stream7_IRQHandler                  0x080001f3   Thumb Code     0  startup_stm32f446xx.o(.text)
    EXTI0_IRQHandler                         0x080001f3   Thumb Code     0  startup_stm32f446xx.o(.text)
    EXTI15_10_IRQHandler                     0x080001f3   Thumb Code     0  startup_stm32f446xx.o(.text)
    EXTI1_IRQHandler                         0x080001f3   Thumb Code     0  startup_stm32f446xx.o(.text)
    EXTI2_IRQHandler                         0x080001f3   Thumb Code     0  startup_stm32f446xx.o(.text)
    EXTI3_IRQHandler                         0x080001f3   Thumb Code     0  startup_stm32f446xx.o(.text)
    EXTI4_IRQHandler                         0x080001f3   Thumb Code     0  startup_stm32f446xx.o(.text)
    EXTI9_5_IRQHandler                       0x080001f3   Thumb Code     0  startup_stm32f446xx.o(.text)
    FLASH_IRQHandler                         0x080001f3   Thumb Code     0  startup_stm32f446xx.o(.text)
    FMC_IRQHandler                           0x080001f3   Thumb Code     0  startup_stm32f446xx.o(.text)
    FPU_IRQHandler                           0x080001f3   Thumb Code     0  startup_stm32f446xx.o(.text)
    I2C1_ER_IRQHandler                       0x080001f3   Thumb Code     0  startup_stm32f446xx.o(.text)
    I2C1_EV_IRQHandler                       0x080001f3   Thumb Code     0  startup_stm32f446xx.o(.text)
    I2C2_ER_IRQHandler                       0x080001f3   Thumb Code     0  startup_stm32f446xx.o(.text)
    I2C2_EV_IRQHandler                       0x080001f3   Thumb Code     0  startup_stm32f446xx.o(.text)
    I2C3_ER_IRQHandler                       0x080001f3   Thumb Code     0  startup_stm32f446xx.o(.text)
    I2C3_EV_IRQHandler                       0x080001f3   Thumb Code     0  startup_stm32f446xx.o(.text)
    I2C4_Error_IRQHandler                    0x080001f3   Thumb Code     0  startup_stm32f446xx.o(.text)
    I2C4_Event_IRQHandler                    0x080001f3   Thumb Code     0  startup_stm32f446xx.o(.text)
    OTG_FS_WKUP_IRQHandler                   0x080001f3   Thumb Code     0  startup_stm32f446xx.o(.text)
    OTG_HS_EP1_IN_IRQHandler                 0x080001f3   Thumb Code     0  startup_stm32f446xx.o(.text)
    OTG_HS_EP1_OUT_IRQHandler                0x080001f3   Thumb Code     0  startup_stm32f446xx.o(.text)
    OTG_HS_IRQHandler                        0x080001f3   Thumb Code     0  startup_stm32f446xx.o(.text)
    OTG_HS_WKUP_IRQHandler                   0x080001f3   Thumb Code     0  startup_stm32f446xx.o(.text)
    PVD_IRQHandler                           0x080001f3   Thumb Code     0  startup_stm32f446xx.o(.text)
    QUADSPI_IRQHandler                       0x080001f3   Thumb Code     0  startup_stm32f446xx.o(.text)
    RCC_IRQHandler                           0x080001f3   Thumb Code     0  startup_stm32f446xx.o(.text)
    RTC_Alarm_IRQHandler                     0x080001f3   Thumb Code     0  startup_stm32f446xx.o(.text)
    RTC_WKUP_IRQHandler                      0x080001f3   Thumb Code     0  startup_stm32f446xx.o(.text)
    SAI1_IRQHandler                          0x080001f3   Thumb Code     0  startup_stm32f446xx.o(.text)
    SAI2_IRQHandler                          0x080001f3   Thumb Code     0  startup_stm32f446xx.o(.text)
    SDIO_IRQHandler                          0x080001f3   Thumb Code     0  startup_stm32f446xx.o(.text)
    SPDIF_RX_IRQHandler                      0x080001f3   Thumb Code     0  startup_stm32f446xx.o(.text)
    SPI1_IRQHandler                          0x080001f3   Thumb Code     0  startup_stm32f446xx.o(.text)
    SPI2_IRQHandler                          0x080001f3   Thumb Code     0  startup_stm32f446xx.o(.text)
    SPI3_IRQHandler                          0x080001f3   Thumb Code     0  startup_stm32f446xx.o(.text)
    SPI4_IRQHandler                          0x080001f3   Thumb Code     0  startup_stm32f446xx.o(.text)
    TAMP_STAMP_IRQHandler                    0x080001f3   Thumb Code     0  startup_stm32f446xx.o(.text)
    TIM1_BRK_TIM9_IRQHandler                 0x080001f3   Thumb Code     0  startup_stm32f446xx.o(.text)
    TIM1_CC_IRQHandler                       0x080001f3   Thumb Code     0  startup_stm32f446xx.o(.text)
    TIM1_TRG_COM_TIM11_IRQHandler            0x080001f3   Thumb Code     0  startup_stm32f446xx.o(.text)
    TIM1_UP_TIM10_IRQHandler                 0x080001f3   Thumb Code     0  startup_stm32f446xx.o(.text)
    TIM2_IRQHandler                          0x080001f3   Thumb Code     0  startup_stm32f446xx.o(.text)
    TIM3_IRQHandler                          0x080001f3   Thumb Code     0  startup_stm32f446xx.o(.text)
    TIM4_IRQHandler                          0x080001f3   Thumb Code     0  startup_stm32f446xx.o(.text)
    TIM5_IRQHandler                          0x080001f3   Thumb Code     0  startup_stm32f446xx.o(.text)
    TIM6_DAC_IRQHandler                      0x080001f3   Thumb Code     0  startup_stm32f446xx.o(.text)
    TIM7_IRQHandler                          0x080001f3   Thumb Code     0  startup_stm32f446xx.o(.text)
    TIM8_BRK_TIM12_IRQHandler                0x080001f3   Thumb Code     0  startup_stm32f446xx.o(.text)
    TIM8_CC_IRQHandler                       0x080001f3   Thumb Code     0  startup_stm32f446xx.o(.text)
    TIM8_TRG_COM_TIM14_IRQHandler            0x080001f3   Thumb Code     0  startup_stm32f446xx.o(.text)
    TIM8_UP_TIM13_IRQHandler                 0x080001f3   Thumb Code     0  startup_stm32f446xx.o(.text)
    UART4_IRQHandler                         0x080001f3   Thumb Code     0  startup_stm32f446xx.o(.text)
    UART5_IRQHandler                         0x080001f3   Thumb Code     0  startup_stm32f446xx.o(.text)
    USART1_IRQHandler                        0x080001f3   Thumb Code     0  startup_stm32f446xx.o(.text)
    USART2_IRQHandler                        0x080001f3   Thumb Code     0  startup_stm32f446xx.o(.text)
    USART3_IRQHandler                        0x080001f3   Thumb Code     0  startup_stm32f446xx.o(.text)
    USART6_IRQHandler                        0x080001f3   Thumb Code     0  startup_stm32f446xx.o(.text)
    WWDG_IRQHandler                          0x080001f3   Thumb Code     0  startup_stm32f446xx.o(.text)
    __aeabi_uldivmod                         0x080001fd   Thumb Code    98  uldiv.o(.text)
    __aeabi_memcpy                           0x0800025f   Thumb Code    36  memcpya.o(.text)
    __aeabi_memcpy4                          0x0800025f   Thumb Code     0  memcpya.o(.text)
    __aeabi_memcpy8                          0x0800025f   Thumb Code     0  memcpya.o(.text)
    __aeabi_llsl                             0x08000283   Thumb Code    30  llshl.o(.text)
    _ll_shift_l                              0x08000283   Thumb Code     0  llshl.o(.text)
    __aeabi_llsr                             0x080002a1   Thumb Code    32  llushr.o(.text)
    _ll_ushift_r                             0x080002a1   Thumb Code     0  llushr.o(.text)
    __scatterload                            0x080002c1   Thumb Code    28  init.o(.text)
    __scatterload_rt2                        0x080002c1   Thumb Code     0  init.o(.text)
    __decompress                             0x080002e5   Thumb Code     0  __dczerorl2.o(.text)
    __decompress1                            0x080002e5   Thumb Code    86  __dczerorl2.o(.text)
    BusFault_Handler                         0x0800033b   Thumb Code     2  stm32f4xx_it.o(i.BusFault_Handler)
    CDC_Transmit_FS                          0x0800038d   Thumb Code    38  usbd_cdc_if.o(i.CDC_Transmit_FS)
    DMA2_Stream1_IRQHandler                  0x080003b9   Thumb Code     6  stm32f4xx_it.o(i.DMA2_Stream1_IRQHandler)
    DMA2_Stream3_IRQHandler                  0x080003c5   Thumb Code     6  stm32f4xx_it.o(i.DMA2_Stream3_IRQHandler)
    DebugMon_Handler                         0x0800044d   Thumb Code     2  stm32f4xx_it.o(i.DebugMon_Handler)
    HAL_DMA_IRQHandler                       0x08000451   Thumb Code   412  stm32f4xx_hal_dma.o(i.HAL_DMA_IRQHandler)
    HAL_DMA_Init                             0x080005f1   Thumb Code   206  stm32f4xx_hal_dma.o(i.HAL_DMA_Init)
    HAL_Delay                                0x080006c5   Thumb Code    32  stm32f4xx_hal.o(i.HAL_Delay)
    HAL_GPIO_Init                            0x080006e9   Thumb Code   378  stm32f4xx_hal_gpio.o(i.HAL_GPIO_Init)
    HAL_GPIO_TogglePin                       0x0800088d   Thumb Code     8  stm32f4xx_hal_gpio.o(i.HAL_GPIO_TogglePin)
    HAL_GPIO_WritePin                        0x08000895   Thumb Code    10  stm32f4xx_hal_gpio.o(i.HAL_GPIO_WritePin)
    HAL_GetTick                              0x080008a1   Thumb Code     6  stm32f4xx_hal.o(i.HAL_GetTick)
    HAL_HalfDuplex_Init                      0x080008ad   Thumb Code   108  stm32f4xx_hal_uart.o(i.HAL_HalfDuplex_Init)
    HAL_IncTick                              0x08000919   Thumb Code    12  stm32f4xx_hal.o(i.HAL_IncTick)
    HAL_Init                                 0x08000929   Thumb Code    48  stm32f4xx_hal.o(i.HAL_Init)
    HAL_InitTick                             0x0800095d   Thumb Code    54  stm32f4xx_hal.o(i.HAL_InitTick)
    HAL_MspInit                              0x0800099d   Thumb Code    88  stm32f4xx_hal_msp.o(i.HAL_MspInit)
    HAL_NVIC_EnableIRQ                       0x080009f5   Thumb Code    22  stm32f4xx_hal_cortex.o(i.HAL_NVIC_EnableIRQ)
    HAL_NVIC_SetPriority                     0x08000a0d   Thumb Code    60  stm32f4xx_hal_cortex.o(i.HAL_NVIC_SetPriority)
    HAL_NVIC_SetPriorityGrouping             0x08000a4d   Thumb Code    26  stm32f4xx_hal_cortex.o(i.HAL_NVIC_SetPriorityGrouping)
    HAL_PCDEx_ActivateLPM                    0x08000a71   Thumb Code    34  stm32f4xx_hal_pcd_ex.o(i.HAL_PCDEx_ActivateLPM)
    HAL_PCDEx_LPM_Callback                   0x08000a99   Thumb Code     2  stm32f4xx_hal_pcd_ex.o(i.HAL_PCDEx_LPM_Callback)
    HAL_PCDEx_SetRxFiFo                      0x08000a9b   Thumb Code     8  stm32f4xx_hal_pcd_ex.o(i.HAL_PCDEx_SetRxFiFo)
    HAL_PCDEx_SetTxFiFo                      0x08000aa3   Thumb Code    68  stm32f4xx_hal_pcd_ex.o(i.HAL_PCDEx_SetTxFiFo)
    HAL_PCD_ConnectCallback                  0x08000ae7   Thumb Code     8  usbd_conf.o(i.HAL_PCD_ConnectCallback)
    HAL_PCD_DataInStageCallback              0x08000aef   Thumb Code    18  usbd_conf.o(i.HAL_PCD_DataInStageCallback)
    HAL_PCD_DataOutStageCallback             0x08000b01   Thumb Code    20  usbd_conf.o(i.HAL_PCD_DataOutStageCallback)
    HAL_PCD_DisconnectCallback               0x08000b15   Thumb Code     8  usbd_conf.o(i.HAL_PCD_DisconnectCallback)
    HAL_PCD_EP_Close                         0x08000b1d   Thumb Code    68  stm32f4xx_hal_pcd.o(i.HAL_PCD_EP_Close)
    HAL_PCD_EP_ClrStall                      0x08000b61   Thumb Code    80  stm32f4xx_hal_pcd.o(i.HAL_PCD_EP_ClrStall)
    HAL_PCD_EP_GetRxCount                    0x08000bb1   Thumb Code    20  stm32f4xx_hal_pcd.o(i.HAL_PCD_EP_GetRxCount)
    HAL_PCD_EP_Open                          0x08000bc5   Thumb Code    84  stm32f4xx_hal_pcd.o(i.HAL_PCD_EP_Open)
    HAL_PCD_EP_Receive                       0x08000c19   Thumb Code    72  stm32f4xx_hal_pcd.o(i.HAL_PCD_EP_Receive)
    HAL_PCD_EP_SetStall                      0x08000c61   Thumb Code    96  stm32f4xx_hal_pcd.o(i.HAL_PCD_EP_SetStall)
    HAL_PCD_EP_Transmit                      0x08000cc1   Thumb Code    64  stm32f4xx_hal_pcd.o(i.HAL_PCD_EP_Transmit)
    HAL_PCD_IRQHandler                       0x08000d01   Thumb Code  1292  stm32f4xx_hal_pcd.o(i.HAL_PCD_IRQHandler)
    HAL_PCD_ISOINIncompleteCallback          0x08001255   Thumb Code     8  usbd_conf.o(i.HAL_PCD_ISOINIncompleteCallback)
    HAL_PCD_ISOOUTIncompleteCallback         0x0800125d   Thumb Code     8  usbd_conf.o(i.HAL_PCD_ISOOUTIncompleteCallback)
    HAL_PCD_Init                             0x08001265   Thumb Code   204  stm32f4xx_hal_pcd.o(i.HAL_PCD_Init)
    HAL_PCD_MspInit                          0x08001331   Thumb Code    92  usbd_conf.o(i.HAL_PCD_MspInit)
    HAL_PCD_ResetCallback                    0x08001395   Thumb Code    32  usbd_conf.o(i.HAL_PCD_ResetCallback)
    HAL_PCD_ResumeCallback                   0x080013b5   Thumb Code     8  usbd_conf.o(i.HAL_PCD_ResumeCallback)
    HAL_PCD_SOFCallback                      0x080013bd   Thumb Code     8  usbd_conf.o(i.HAL_PCD_SOFCallback)
    HAL_PCD_SetAddress                       0x080013c5   Thumb Code    36  stm32f4xx_hal_pcd.o(i.HAL_PCD_SetAddress)
    HAL_PCD_SetupStageCallback               0x080013e9   Thumb Code    14  usbd_conf.o(i.HAL_PCD_SetupStageCallback)
    HAL_PCD_Start                            0x080013f7   Thumb Code    42  stm32f4xx_hal_pcd.o(i.HAL_PCD_Start)
    HAL_PCD_SuspendCallback                  0x08001421   Thumb Code    44  usbd_conf.o(i.HAL_PCD_SuspendCallback)
    HAL_PWREx_EnableOverDrive                0x08001451   Thumb Code    98  stm32f4xx_hal_pwr_ex.o(i.HAL_PWREx_EnableOverDrive)
    HAL_RCCEx_GetPeriphCLKFreq               0x080014c1   Thumb Code   382  stm32f4xx_hal_rcc_ex.o(i.HAL_RCCEx_GetPeriphCLKFreq)
    HAL_RCCEx_PeriphCLKConfig                0x08001651   Thumb Code  1072  stm32f4xx_hal_rcc_ex.o(i.HAL_RCCEx_PeriphCLKConfig)
    HAL_RCC_ClockConfig                      0x08001a81   Thumb Code   286  stm32f4xx_hal_rcc.o(i.HAL_RCC_ClockConfig)
    HAL_RCC_GetHCLKFreq                      0x08001bb1   Thumb Code     6  stm32f4xx_hal_rcc.o(i.HAL_RCC_GetHCLKFreq)
    HAL_RCC_GetPCLK1Freq                     0x08001bbd   Thumb Code    20  stm32f4xx_hal_rcc.o(i.HAL_RCC_GetPCLK1Freq)
    HAL_RCC_GetPCLK2Freq                     0x08001bdd   Thumb Code    20  stm32f4xx_hal_rcc.o(i.HAL_RCC_GetPCLK2Freq)
    HAL_RCC_GetSysClockFreq                  0x08001bfd   Thumb Code   140  stm32f4xx_hal_rcc_ex.o(i.HAL_RCC_GetSysClockFreq)
    HAL_RCC_OscConfig                        0x08001c95   Thumb Code   814  stm32f4xx_hal_rcc_ex.o(i.HAL_RCC_OscConfig)
    HAL_SAI_Init                             0x08001fd9   Thumb Code   346  stm32f4xx_hal_sai.o(i.HAL_SAI_Init)
    HAL_SAI_MspInit                          0x0800213d   Thumb Code   176  stm32f4xx_hal_msp.o(i.HAL_SAI_MspInit)
    HAL_SPI_Init                             0x08002229   Thumb Code   128  stm32f4xx_hal_spi.o(i.HAL_SPI_Init)
    HAL_SPI_MspInit                          0x080022a9   Thumb Code   170  stm32f4xx_hal_msp.o(i.HAL_SPI_MspInit)
    HAL_SYSTICK_CLKSourceConfig              0x0800238d   Thumb Code    24  stm32f4xx_hal_cortex.o(i.HAL_SYSTICK_CLKSourceConfig)
    HAL_SYSTICK_Callback                     0x080023a5   Thumb Code     2  stm32f4xx_hal_cortex.o(i.HAL_SYSTICK_Callback)
    HAL_SYSTICK_Config                       0x080023a7   Thumb Code    40  stm32f4xx_hal_cortex.o(i.HAL_SYSTICK_Config)
    HAL_SYSTICK_IRQHandler                   0x080023cf   Thumb Code     8  stm32f4xx_hal_cortex.o(i.HAL_SYSTICK_IRQHandler)
    HAL_UART_MspInit                         0x080023d9   Thumb Code    62  stm32f4xx_hal_msp.o(i.HAL_UART_MspInit)
    HAL_USART_Init                           0x08002425   Thumb Code    84  stm32f4xx_hal_usart.o(i.HAL_USART_Init)
    HAL_USART_MspInit                        0x08002479   Thumb Code    64  stm32f4xx_hal_msp.o(i.HAL_USART_MspInit)
    HardFault_Handler                        0x080024c5   Thumb Code     2  stm32f4xx_it.o(i.HardFault_Handler)
    MX_USB_DEVICE_Init                       0x080026d9   Thumb Code    38  usb_device.o(i.MX_USB_DEVICE_Init)
    MemManage_Handler                        0x08002711   Thumb Code     2  stm32f4xx_it.o(i.MemManage_Handler)
    NMI_Handler                              0x08002713   Thumb Code     2  stm32f4xx_it.o(i.NMI_Handler)
    OTG_FS_IRQHandler                        0x08002735   Thumb Code     6  stm32f4xx_it.o(i.OTG_FS_IRQHandler)
    PendSV_Handler                           0x080027c9   Thumb Code     2  stm32f4xx_it.o(i.PendSV_Handler)
    SAI_BlockSynchroConfig                   0x080027cd   Thumb Code    60  stm32f4xx_hal_sai_ex.o(i.SAI_BlockSynchroConfig)
    SAI_GetInputClock                        0x08002851   Thumb Code    26  stm32f4xx_hal_sai_ex.o(i.SAI_GetInputClock)
    SVC_Handler                              0x08002871   Thumb Code     2  stm32f4xx_it.o(i.SVC_Handler)
    SysTick_Handler                          0x08002873   Thumb Code    14  stm32f4xx_it.o(i.SysTick_Handler)
    SystemClock_Config                       0x08002881   Thumb Code   200  main.o(i.SystemClock_Config)
    SystemInit                               0x08002951   Thumb Code    66  system_stm32f4xx.o(i.SystemInit)
    USBD_CDC_GetDeviceQualifierDescriptor    0x08002df9   Thumb Code     8  usbd_cdc.o(i.USBD_CDC_GetDeviceQualifierDescriptor)
    USBD_CDC_ReceivePacket                   0x08002eb1   Thumb Code    40  usbd_cdc.o(i.USBD_CDC_ReceivePacket)
    USBD_CDC_RegisterInterface               0x08002ed9   Thumb Code    16  usbd_cdc.o(i.USBD_CDC_RegisterInterface)
    USBD_CDC_SetRxBuffer                     0x08002ee9   Thumb Code    12  usbd_cdc.o(i.USBD_CDC_SetRxBuffer)
    USBD_CDC_SetTxBuffer                     0x08002ef5   Thumb Code    16  usbd_cdc.o(i.USBD_CDC_SetTxBuffer)
    USBD_CDC_TransmitPacket                  0x08002f75   Thumb Code    48  usbd_cdc.o(i.USBD_CDC_TransmitPacket)
    USBD_ClrClassConfig                      0x08002fa5   Thumb Code    14  usbd_core.o(i.USBD_ClrClassConfig)
    USBD_CtlContinueRx                       0x08002fb3   Thumb Code    16  usbd_ioreq.o(i.USBD_CtlContinueRx)
    USBD_CtlContinueSendData                 0x08002fc3   Thumb Code    16  usbd_ioreq.o(i.USBD_CtlContinueSendData)
    USBD_CtlError                            0x08002fd3   Thumb Code    22  usbd_ctlreq.o(i.USBD_CtlError)
    USBD_CtlPrepareRx                        0x08002fe9   Thumb Code    30  usbd_ioreq.o(i.USBD_CtlPrepareRx)
    USBD_CtlReceiveStatus                    0x08003007   Thumb Code    22  usbd_ioreq.o(i.USBD_CtlReceiveStatus)
    USBD_CtlSendData                         0x0800301d   Thumb Code    26  usbd_ioreq.o(i.USBD_CtlSendData)
    USBD_CtlSendStatus                       0x08003037   Thumb Code    22  usbd_ioreq.o(i.USBD_CtlSendStatus)
    USBD_FS_ConfigStrDescriptor              0x0800304d   Thumb Code    16  usbd_desc.o(i.USBD_FS_ConfigStrDescriptor)
    USBD_FS_DeviceDescriptor                 0x0800306d   Thumb Code     8  usbd_desc.o(i.USBD_FS_DeviceDescriptor)
    USBD_FS_InterfaceStrDescriptor           0x08003079   Thumb Code    16  usbd_desc.o(i.USBD_FS_InterfaceStrDescriptor)
    USBD_FS_LangIDStrDescriptor              0x0800309d   Thumb Code     8  usbd_desc.o(i.USBD_FS_LangIDStrDescriptor)
    USBD_FS_ManufacturerStrDescriptor        0x080030a9   Thumb Code    16  usbd_desc.o(i.USBD_FS_ManufacturerStrDescriptor)
    USBD_FS_ProductStrDescriptor             0x080030d1   Thumb Code    16  usbd_desc.o(i.USBD_FS_ProductStrDescriptor)
    USBD_FS_SerialStrDescriptor              0x080030fd   Thumb Code    16  usbd_desc.o(i.USBD_FS_SerialStrDescriptor)
    USBD_GetString                           0x08003213   Thumb Code    70  usbd_ctlreq.o(i.USBD_GetString)
    USBD_Init                                0x08003259   Thumb Code    42  usbd_core.o(i.USBD_Init)
    USBD_LL_ClearStallEP                     0x08003283   Thumb Code    32  usbd_conf.o(i.USBD_LL_ClearStallEP)
    USBD_LL_CloseEP                          0x080032a3   Thumb Code    32  usbd_conf.o(i.USBD_LL_CloseEP)
    USBD_LL_DataInStage                      0x080032c3   Thumb Code   170  usbd_core.o(i.USBD_LL_DataInStage)
    USBD_LL_DataOutStage                     0x0800336d   Thumb Code   106  usbd_core.o(i.USBD_LL_DataOutStage)
    USBD_LL_DevConnected                     0x080033d7   Thumb Code     4  usbd_core.o(i.USBD_LL_DevConnected)
    USBD_LL_DevDisconnected                  0x080033db   Thumb Code    22  usbd_core.o(i.USBD_LL_DevDisconnected)
    USBD_LL_GetRxDataSize                    0x080033f1   Thumb Code     8  usbd_conf.o(i.USBD_LL_GetRxDataSize)
    USBD_LL_Init                             0x080033f9   Thumb Code    98  usbd_conf.o(i.USBD_LL_Init)
    USBD_LL_IsStallEP                        0x08003475   Thumb Code    32  usbd_conf.o(i.USBD_LL_IsStallEP)
    USBD_LL_IsoINIncomplete                  0x08003495   Thumb Code     4  usbd_core.o(i.USBD_LL_IsoINIncomplete)
    USBD_LL_IsoOUTIncomplete                 0x08003499   Thumb Code     4  usbd_core.o(i.USBD_LL_IsoOUTIncomplete)
    USBD_LL_OpenEP                           0x0800349d   Thumb Code    38  usbd_conf.o(i.USBD_LL_OpenEP)
    USBD_LL_PrepareReceive                   0x080034c3   Thumb Code    32  usbd_conf.o(i.USBD_LL_PrepareReceive)
    USBD_LL_Reset                            0x080034e3   Thumb Code    62  usbd_core.o(i.USBD_LL_Reset)
    USBD_LL_Resume                           0x08003521   Thumb Code    12  usbd_core.o(i.USBD_LL_Resume)
    USBD_LL_SOF                              0x0800352d   Thumb Code    24  usbd_core.o(i.USBD_LL_SOF)
    USBD_LL_SetSpeed                         0x08003545   Thumb Code     6  usbd_core.o(i.USBD_LL_SetSpeed)
    USBD_LL_SetUSBAddress                    0x0800354b   Thumb Code    32  usbd_conf.o(i.USBD_LL_SetUSBAddress)
    USBD_LL_SetupStage                       0x0800356b   Thumb Code    90  usbd_core.o(i.USBD_LL_SetupStage)
    USBD_LL_StallEP                          0x080035c5   Thumb Code    32  usbd_conf.o(i.USBD_LL_StallEP)
    USBD_LL_Start                            0x080035e5   Thumb Code    32  usbd_conf.o(i.USBD_LL_Start)
    USBD_LL_Suspend                          0x08003605   Thumb Code    18  usbd_core.o(i.USBD_LL_Suspend)
    USBD_LL_Transmit                         0x08003617   Thumb Code    32  usbd_conf.o(i.USBD_LL_Transmit)
    USBD_ParseSetupRequest                   0x08003637   Thumb Code    40  usbd_ctlreq.o(i.USBD_ParseSetupRequest)
    USBD_RegisterClass                       0x0800365f   Thumb Code    16  usbd_core.o(i.USBD_RegisterClass)
    USBD_SetClassConfig                      0x0800366f   Thumb Code    22  usbd_core.o(i.USBD_SetClassConfig)
    USBD_Start                               0x080036f9   Thumb Code    10  usbd_core.o(i.USBD_Start)
    USBD_StdDevReq                           0x08003703   Thumb Code   242  usbd_ctlreq.o(i.USBD_StdDevReq)
    USBD_StdEPReq                            0x080037f5   Thumb Code   220  usbd_ctlreq.o(i.USBD_StdEPReq)
    USBD_StdItfReq                           0x080038d1   Thumb Code    52  usbd_ctlreq.o(i.USBD_StdItfReq)
    USB_ActivateEndpoint                     0x08003905   Thumb Code   122  stm32f4xx_ll_usb.o(i.USB_ActivateEndpoint)
    USB_ActivateSetup                        0x08003985   Thumb Code    52  stm32f4xx_ll_usb.o(i.USB_ActivateSetup)
    USB_CoreInit                             0x080039b9   Thumb Code   104  stm32f4xx_ll_usb.o(i.USB_CoreInit)
    USB_DeactivateEndpoint                   0x08003a5d   Thumb Code   196  stm32f4xx_ll_usb.o(i.USB_DeactivateEndpoint)
    USB_DevConnect                           0x08003b25   Thumb Code    24  stm32f4xx_ll_usb.o(i.USB_DevConnect)
    USB_DevDisconnect                        0x08003b3d   Thumb Code    24  stm32f4xx_ll_usb.o(i.USB_DevDisconnect)
    USB_DevInit                              0x08003b55   Thumb Code   322  stm32f4xx_ll_usb.o(i.USB_DevInit)
    USB_DisableGlobalInt                     0x08003ca9   Thumb Code    12  stm32f4xx_ll_usb.o(i.USB_DisableGlobalInt)
    USB_EP0StartXfer                         0x08003cb5   Thumb Code   316  stm32f4xx_ll_usb.o(i.USB_EP0StartXfer)
    USB_EP0_OutStart                         0x08003df5   Thumb Code    62  stm32f4xx_ll_usb.o(i.USB_EP0_OutStart)
    USB_EPClearStall                         0x08003e33   Thumb Code   100  stm32f4xx_ll_usb.o(i.USB_EPClearStall)
    USB_EPSetStall                           0x08003e97   Thumb Code    94  stm32f4xx_ll_usb.o(i.USB_EPSetStall)
    USB_EPStartXfer                          0x08003ef5   Thumb Code   534  stm32f4xx_ll_usb.o(i.USB_EPStartXfer)
    USB_EnableGlobalInt                      0x08004111   Thumb Code    12  stm32f4xx_ll_usb.o(i.USB_EnableGlobalInt)
    USB_FlushRxFifo                          0x0800411d   Thumb Code    28  stm32f4xx_ll_usb.o(i.USB_FlushRxFifo)
    USB_FlushTxFifo                          0x0800413d   Thumb Code    32  stm32f4xx_ll_usb.o(i.USB_FlushTxFifo)
    USB_GetDevSpeed                          0x08004161   Thumb Code    60  stm32f4xx_ll_usb.o(i.USB_GetDevSpeed)
    USB_GetMode                              0x0800419d   Thumb Code     8  stm32f4xx_ll_usb.o(i.USB_GetMode)
    USB_ReadDevAllInEpInterrupt              0x080041a5   Thumb Code    14  stm32f4xx_ll_usb.o(i.USB_ReadDevAllInEpInterrupt)
    USB_ReadDevAllOutEpInterrupt             0x080041b3   Thumb Code    14  stm32f4xx_ll_usb.o(i.USB_ReadDevAllOutEpInterrupt)
    USB_ReadDevInEPInterrupt                 0x080041c1   Thumb Code    30  stm32f4xx_ll_usb.o(i.USB_ReadDevInEPInterrupt)
    USB_ReadDevOutEPInterrupt                0x080041df   Thumb Code    16  stm32f4xx_ll_usb.o(i.USB_ReadDevOutEPInterrupt)
    USB_ReadInterrupts                       0x080041ef   Thumb Code     8  stm32f4xx_ll_usb.o(i.USB_ReadInterrupts)
    USB_ReadPacket                           0x080041f7   Thumb Code    32  stm32f4xx_ll_usb.o(i.USB_ReadPacket)
    USB_SetCurrentMode                       0x08004217   Thumb Code    44  stm32f4xx_ll_usb.o(i.USB_SetCurrentMode)
    USB_SetDevAddress                        0x08004243   Thumb Code    34  stm32f4xx_ll_usb.o(i.USB_SetDevAddress)
    USB_WritePacket                          0x08004265   Thumb Code    40  stm32f4xx_ll_usb.o(i.USB_WritePacket)
    UsageFault_Handler                       0x0800428d   Thumb Code     2  stm32f4xx_it.o(i.UsageFault_Handler)
    _Error_Handler                           0x0800428f   Thumb Code     2  main.o(i._Error_Handler)
    __scatterload_copy                       0x08004291   Thumb Code    14  handlers.o(i.__scatterload_copy)
    __scatterload_null                       0x0800429f   Thumb Code     2  handlers.o(i.__scatterload_null)
    __scatterload_zeroinit                   0x080042a1   Thumb Code    14  handlers.o(i.__scatterload_zeroinit)
    free                                     0x080042b1   Thumb Code    76  malloc.o(i.free)
    main                                     0x08004301   Thumb Code   132  main.o(i.main)
    malloc                                   0x08004395   Thumb Code    92  malloc.o(i.malloc)
    AHBPrescTable                            0x08004408   Data          16  system_stm32f4xx.o(.constdata)
    APBPrescTable                            0x08004418   Data           8  system_stm32f4xx.o(.constdata)
    Region$$Table$$Base                      0x08004420   Number         0  anon$$obj.o(Region$$Table)
    Region$$Table$$Limit                     0x08004440   Number         0  anon$$obj.o(Region$$Table)
    uwTickFreq                               0x20000000   Data           1  stm32f4xx_hal.o(.data)
    uwTickPrio                               0x20000004   Data           4  stm32f4xx_hal.o(.data)
    uwTick                                   0x20000008   Data           4  stm32f4xx_hal.o(.data)
    SystemCoreClock                          0x2000000c   Data           4  system_stm32f4xx.o(.data)
    USBD_Interface_fops_FS                   0x20000014   Data          16  usbd_cdc_if.o(.data)
    FS_Desc                                  0x20000024   Data          28  usbd_desc.o(.data)
    USBD_LangIDDesc                          0x20000040   Data           4  usbd_desc.o(.data)
    USBD_FS_DeviceDesc                       0x20000044   Data          18  usbd_desc.o(.data)
    USBD_CDC_CfgHSDesc                       0x20000068   Data          67  usbd_cdc.o(.data)
    USBD_CDC_CfgFSDesc                       0x200000ac   Data          67  usbd_cdc.o(.data)
    USBD_CDC_OtherSpeedCfgDesc               0x200000f0   Data          67  usbd_cdc.o(.data)
    USBD_CDC                                 0x20000134   Data          60  usbd_cdc.o(.data)
    __microlib_freelist                      0x20000174   Data           4  mvars.o(.data)
    __microlib_freelist_initialised          0x20000178   Data           4  mvars.o(.data)
    hsai_BlockA1                             0x2000017c   Data         136  main.o(.bss)
    hspi1                                    0x20000204   Data          88  main.o(.bss)
    hspi2                                    0x2000025c   Data          88  main.o(.bss)
    husart1                                  0x200002b4   Data          68  main.o(.bss)
    huart6                                   0x200002f8   Data          64  main.o(.bss)
    hdma_sai1_a                              0x20000338   Data          96  main.o(.bss)
    hdma_spi1_tx                             0x20000398   Data          96  main.o(.bss)
    hUsbDeviceFS                             0x200003f8   Data         548  usb_device.o(.bss)
    UserRxBufferFS                           0x2000061c   Data        2048  usbd_cdc_if.o(.bss)
    UserTxBufferFS                           0x20000e1c   Data        2048  usbd_cdc_if.o(.bss)
    USBD_StrDesc                             0x2000161c   Data         512  usbd_desc.o(.bss)
    hpcd_USB_OTG_FS                          0x2000181c   Data        1020  usbd_conf.o(.bss)
    __heap_base                              0x20001c18   Data           0  startup_stm32f446xx.o(HEAP)
    __heap_limit                             0x20001e18   Data           0  startup_stm32f446xx.o(HEAP)
    __initial_sp                             0x20002218   Data           0  startup_stm32f446xx.o(STACK)



==============================================================================

Memory Map of the image

  Image Entry point : 0x080001c5

  Load Region LR_IROM1 (Base: 0x08000000, Size: 0x000045bc, Max: 0x00080000, ABSOLUTE, COMPRESSED[0x00004500])

    Execution Region ER_IROM1 (Exec base: 0x08000000, Load base: 0x08000000, Size: 0x00004440, Max: 0x00080000, ABSOLUTE)

    Exec Addr    Load Addr    Size         Type   Attr      Idx    E Section Name        Object

    0x08000000   0x08000000   0x000001c4   Data   RO            3    RESET               startup_stm32f446xx.o
    0x080001c4   0x080001c4   0x00000000   Code   RO         4064  * .ARM.Collect$$$$00000000  mc_w.l(entry.o)
    0x080001c4   0x080001c4   0x00000004   Code   RO         4101    .ARM.Collect$$$$00000001  mc_w.l(entry2.o)
    0x080001c8   0x080001c8   0x00000004   Code   RO         4104    .ARM.Collect$$$$00000004  mc_w.l(entry5.o)
    0x080001cc   0x080001cc   0x00000000   Code   RO         4106    .ARM.Collect$$$$00000008  mc_w.l(entry7b.o)
    0x080001cc   0x080001cc   0x00000000   Code   RO         4108    .ARM.Collect$$$$0000000A  mc_w.l(entry8b.o)
    0x080001cc   0x080001cc   0x00000008   Code   RO         4109    .ARM.Collect$$$$0000000B  mc_w.l(entry9a.o)
    0x080001d4   0x080001d4   0x00000000   Code   RO         4111    .ARM.Collect$$$$0000000D  mc_w.l(entry10a.o)
    0x080001d4   0x080001d4   0x00000000   Code   RO         4113    .ARM.Collect$$$$0000000F  mc_w.l(entry11a.o)
    0x080001d4   0x080001d4   0x00000004   Code   RO         4102    .ARM.Collect$$$$00002712  mc_w.l(entry2.o)
    0x080001d8   0x080001d8   0x00000024   Code   RO            4    .text               startup_stm32f446xx.o
    0x080001fc   0x080001fc   0x00000062   Code   RO         4067    .text               mc_w.l(uldiv.o)
    0x0800025e   0x0800025e   0x00000024   Code   RO         4069    .text               mc_w.l(memcpya.o)
    0x08000282   0x08000282   0x0000001e   Code   RO         4115    .text               mc_w.l(llshl.o)
    0x080002a0   0x080002a0   0x00000020   Code   RO         4117    .text               mc_w.l(llushr.o)
    0x080002c0   0x080002c0   0x00000024   Code   RO         4121    .text               mc_w.l(init.o)
    0x080002e4   0x080002e4   0x00000056   Code   RO         4131    .text               mc_w.l(__dczerorl2.o)
    0x0800033a   0x0800033a   0x00000002   Code   RO         3245    i.BusFault_Handler  stm32f4xx_it.o
    0x0800033c   0x0800033c   0x00000004   Code   RO         3390    i.CDC_Control_FS    usbd_cdc_if.o
    0x08000340   0x08000340   0x00000004   Code   RO         3391    i.CDC_DeInit_FS     usbd_cdc_if.o
    0x08000344   0x08000344   0x00000024   Code   RO         3392    i.CDC_Init_FS       usbd_cdc_if.o
    0x08000368   0x08000368   0x00000024   Code   RO         3393    i.CDC_Receive_FS    usbd_cdc_if.o
    0x0800038c   0x0800038c   0x0000002c   Code   RO         3394    i.CDC_Transmit_FS   usbd_cdc_if.o
    0x080003b8   0x080003b8   0x0000000c   Code   RO         3246    i.DMA2_Stream1_IRQHandler  stm32f4xx_it.o
    0x080003c4   0x080003c4   0x0000000c   Code   RO         3247    i.DMA2_Stream3_IRQHandler  stm32f4xx_it.o
    0x080003d0   0x080003d0   0x00000028   Code   RO          554    i.DMA_CalcBaseAndBitshift  stm32f4xx_hal_dma.o
    0x080003f8   0x080003f8   0x00000054   Code   RO          555    i.DMA_CheckFifoParam  stm32f4xx_hal_dma.o
    0x0800044c   0x0800044c   0x00000002   Code   RO         3248    i.DebugMon_Handler  stm32f4xx_it.o
    0x0800044e   0x0800044e   0x00000002   PAD
    0x08000450   0x08000450   0x000001a0   Code   RO          562    i.HAL_DMA_IRQHandler  stm32f4xx_hal_dma.o
    0x080005f0   0x080005f0   0x000000d4   Code   RO          563    i.HAL_DMA_Init      stm32f4xx_hal_dma.o
    0x080006c4   0x080006c4   0x00000024   Code   RO         1141    i.HAL_Delay         stm32f4xx_hal.o
    0x080006e8   0x080006e8   0x000001a4   Code   RO          909    i.HAL_GPIO_Init     stm32f4xx_hal_gpio.o
    0x0800088c   0x0800088c   0x00000008   Code   RO          912    i.HAL_GPIO_TogglePin  stm32f4xx_hal_gpio.o
    0x08000894   0x08000894   0x0000000a   Code   RO          913    i.HAL_GPIO_WritePin  stm32f4xx_hal_gpio.o
    0x0800089e   0x0800089e   0x00000002   PAD
    0x080008a0   0x080008a0   0x0000000c   Code   RO         1147    i.HAL_GetTick       stm32f4xx_hal.o
    0x080008ac   0x080008ac   0x0000006c   Code   RO         1307    i.HAL_HalfDuplex_Init  stm32f4xx_hal_uart.o
    0x08000918   0x08000918   0x00000010   Code   RO         1151    i.HAL_IncTick       stm32f4xx_hal.o
    0x08000928   0x08000928   0x00000034   Code   RO         1152    i.HAL_Init          stm32f4xx_hal.o
    0x0800095c   0x0800095c   0x00000040   Code   RO         1153    i.HAL_InitTick      stm32f4xx_hal.o
    0x0800099c   0x0800099c   0x00000058   Code   RO         3170    i.HAL_MspInit       stm32f4xx_hal_msp.o
    0x080009f4   0x080009f4   0x00000016   Code   RO          424    i.HAL_NVIC_EnableIRQ  stm32f4xx_hal_cortex.o
    0x08000a0a   0x08000a0a   0x00000002   PAD
    0x08000a0c   0x08000a0c   0x00000040   Code   RO          430    i.HAL_NVIC_SetPriority  stm32f4xx_hal_cortex.o
    0x08000a4c   0x08000a4c   0x00000024   Code   RO          431    i.HAL_NVIC_SetPriorityGrouping  stm32f4xx_hal_cortex.o
    0x08000a70   0x08000a70   0x00000028   Code   RO         3002    i.HAL_PCDEx_ActivateLPM  stm32f4xx_hal_pcd_ex.o
    0x08000a98   0x08000a98   0x00000002   Code   RO         3004    i.HAL_PCDEx_LPM_Callback  stm32f4xx_hal_pcd_ex.o
    0x08000a9a   0x08000a9a   0x00000008   Code   RO         3005    i.HAL_PCDEx_SetRxFiFo  stm32f4xx_hal_pcd_ex.o
    0x08000aa2   0x08000aa2   0x00000044   Code   RO         3006    i.HAL_PCDEx_SetTxFiFo  stm32f4xx_hal_pcd_ex.o
    0x08000ae6   0x08000ae6   0x00000008   Code   RO         3509    i.HAL_PCD_ConnectCallback  usbd_conf.o
    0x08000aee   0x08000aee   0x00000012   Code   RO         3510    i.HAL_PCD_DataInStageCallback  usbd_conf.o
    0x08000b00   0x08000b00   0x00000014   Code   RO         3511    i.HAL_PCD_DataOutStageCallback  usbd_conf.o
    0x08000b14   0x08000b14   0x00000008   Code   RO         3512    i.HAL_PCD_DisconnectCallback  usbd_conf.o
    0x08000b1c   0x08000b1c   0x00000044   Code   RO         2796    i.HAL_PCD_EP_Close  stm32f4xx_hal_pcd.o
    0x08000b60   0x08000b60   0x00000050   Code   RO         2797    i.HAL_PCD_EP_ClrStall  stm32f4xx_hal_pcd.o
    0x08000bb0   0x08000bb0   0x00000014   Code   RO         2799    i.HAL_PCD_EP_GetRxCount  stm32f4xx_hal_pcd.o
    0x08000bc4   0x08000bc4   0x00000054   Code   RO         2800    i.HAL_PCD_EP_Open   stm32f4xx_hal_pcd.o
    0x08000c18   0x08000c18   0x00000048   Code   RO         2801    i.HAL_PCD_EP_Receive  stm32f4xx_hal_pcd.o
    0x08000c60   0x08000c60   0x00000060   Code   RO         2802    i.HAL_PCD_EP_SetStall  stm32f4xx_hal_pcd.o
    0x08000cc0   0x08000cc0   0x00000040   Code   RO         2803    i.HAL_PCD_EP_Transmit  stm32f4xx_hal_pcd.o
    0x08000d00   0x08000d00   0x00000554   Code   RO         2805    i.HAL_PCD_IRQHandler  stm32f4xx_hal_pcd.o
    0x08001254   0x08001254   0x00000008   Code   RO         3513    i.HAL_PCD_ISOINIncompleteCallback  usbd_conf.o
    0x0800125c   0x0800125c   0x00000008   Code   RO         3514    i.HAL_PCD_ISOOUTIncompleteCallback  usbd_conf.o
    0x08001264   0x08001264   0x000000cc   Code   RO         2808    i.HAL_PCD_Init      stm32f4xx_hal_pcd.o
    0x08001330   0x08001330   0x00000064   Code   RO         3516    i.HAL_PCD_MspInit   usbd_conf.o
    0x08001394   0x08001394   0x00000020   Code   RO         3517    i.HAL_PCD_ResetCallback  usbd_conf.o
    0x080013b4   0x080013b4   0x00000008   Code   RO         3518    i.HAL_PCD_ResumeCallback  usbd_conf.o
    0x080013bc   0x080013bc   0x00000008   Code   RO         3519    i.HAL_PCD_SOFCallback  usbd_conf.o
    0x080013c4   0x080013c4   0x00000024   Code   RO         2814    i.HAL_PCD_SetAddress  stm32f4xx_hal_pcd.o
    0x080013e8   0x080013e8   0x0000000e   Code   RO         3520    i.HAL_PCD_SetupStageCallback  usbd_conf.o
    0x080013f6   0x080013f6   0x0000002a   Code   RO         2816    i.HAL_PCD_Start     stm32f4xx_hal_pcd.o
    0x08001420   0x08001420   0x00000030   Code   RO         3521    i.HAL_PCD_SuspendCallback  usbd_conf.o
    0x08001450   0x08001450   0x00000070   Code   RO          756    i.HAL_PWREx_EnableOverDrive  stm32f4xx_hal_pwr_ex.o
    0x080014c0   0x080014c0   0x00000190   Code   RO          665    i.HAL_RCCEx_GetPeriphCLKFreq  stm32f4xx_hal_rcc_ex.o
    0x08001650   0x08001650   0x00000430   Code   RO          666    i.HAL_RCCEx_PeriphCLKConfig  stm32f4xx_hal_rcc_ex.o
    0x08001a80   0x08001a80   0x00000130   Code   RO          973    i.HAL_RCC_ClockConfig  stm32f4xx_hal_rcc.o
    0x08001bb0   0x08001bb0   0x0000000c   Code   RO          978    i.HAL_RCC_GetHCLKFreq  stm32f4xx_hal_rcc.o
    0x08001bbc   0x08001bbc   0x00000020   Code   RO          980    i.HAL_RCC_GetPCLK1Freq  stm32f4xx_hal_rcc.o
    0x08001bdc   0x08001bdc   0x00000020   Code   RO          981    i.HAL_RCC_GetPCLK2Freq  stm32f4xx_hal_rcc.o
    0x08001bfc   0x08001bfc   0x00000098   Code   RO          670    i.HAL_RCC_GetSysClockFreq  stm32f4xx_hal_rcc_ex.o
    0x08001c94   0x08001c94   0x00000344   Code   RO          671    i.HAL_RCC_OscConfig  stm32f4xx_hal_rcc_ex.o
    0x08001fd8   0x08001fd8   0x00000164   Code   RO         2252    i.HAL_SAI_Init      stm32f4xx_hal_sai.o
    0x0800213c   0x0800213c   0x000000ec   Code   RO         3172    i.HAL_SAI_MspInit   stm32f4xx_hal_msp.o
    0x08002228   0x08002228   0x00000080   Code   RO         1642    i.HAL_SPI_Init      stm32f4xx_hal_spi.o
    0x080022a8   0x080022a8   0x000000e4   Code   RO         3174    i.HAL_SPI_MspInit   stm32f4xx_hal_msp.o
    0x0800238c   0x0800238c   0x00000018   Code   RO          433    i.HAL_SYSTICK_CLKSourceConfig  stm32f4xx_hal_cortex.o
    0x080023a4   0x080023a4   0x00000002   Code   RO          434    i.HAL_SYSTICK_Callback  stm32f4xx_hal_cortex.o
    0x080023a6   0x080023a6   0x00000028   Code   RO          435    i.HAL_SYSTICK_Config  stm32f4xx_hal_cortex.o
    0x080023ce   0x080023ce   0x00000008   Code   RO          436    i.HAL_SYSTICK_IRQHandler  stm32f4xx_hal_cortex.o
    0x080023d6   0x080023d6   0x00000002   PAD
    0x080023d8   0x080023d8   0x0000004c   Code   RO         3176    i.HAL_UART_MspInit  stm32f4xx_hal_msp.o
    0x08002424   0x08002424   0x00000054   Code   RO         1989    i.HAL_USART_Init    stm32f4xx_hal_usart.o
    0x08002478   0x08002478   0x0000004c   Code   RO         3178    i.HAL_USART_MspInit  stm32f4xx_hal_msp.o
    0x080024c4   0x080024c4   0x00000002   Code   RO         3249    i.HardFault_Handler  stm32f4xx_it.o
    0x080024c6   0x080024c6   0x00000002   PAD
    0x080024c8   0x080024c8   0x000000fc   Code   RO         3088    i.MX_GPIO_Init      main.o
    0x080025c4   0x080025c4   0x00000060   Code   RO         3089    i.MX_SAI1_Init      main.o
    0x08002624   0x08002624   0x00000040   Code   RO         3090    i.MX_SPI1_Init      main.o
    0x08002664   0x08002664   0x00000040   Code   RO         3091    i.MX_SPI2_Init      main.o
    0x080026a4   0x080026a4   0x00000034   Code   RO         3092    i.MX_USART1_Init    main.o
    0x080026d8   0x080026d8   0x00000038   Code   RO         3339    i.MX_USB_DEVICE_Init  usb_device.o
    0x08002710   0x08002710   0x00000002   Code   RO         3250    i.MemManage_Handler  stm32f4xx_it.o
    0x08002712   0x08002712   0x00000002   Code   RO         3251    i.NMI_Handler       stm32f4xx_it.o
    0x08002714   0x08002714   0x00000020   Code   RO          437    i.NVIC_SetPriority  stm32f4xx_hal_cortex.o
    0x08002734   0x08002734   0x0000000c   Code   RO         3252    i.OTG_FS_IRQHandler  stm32f4xx_it.o
    0x08002740   0x08002740   0x00000088   Code   RO         2819    i.PCD_WriteEmptyTxFifo  stm32f4xx_hal_pcd.o
    0x080027c8   0x080027c8   0x00000002   Code   RO         3253    i.PendSV_Handler    stm32f4xx_it.o
    0x080027ca   0x080027ca   0x00000002   PAD
    0x080027cc   0x080027cc   0x00000044   Code   RO         1948    i.SAI_BlockSynchroConfig  stm32f4xx_hal_sai_ex.o
    0x08002810   0x08002810   0x00000040   Code   RO         2272    i.SAI_Disable       stm32f4xx_hal_sai.o
    0x08002850   0x08002850   0x00000020   Code   RO         1949    i.SAI_GetInputClock  stm32f4xx_hal_sai_ex.o
    0x08002870   0x08002870   0x00000002   Code   RO         3254    i.SVC_Handler       stm32f4xx_it.o
    0x08002872   0x08002872   0x0000000e   Code   RO         3255    i.SysTick_Handler   stm32f4xx_it.o
    0x08002880   0x08002880   0x000000d0   Code   RO         3093    i.SystemClock_Config  main.o
    0x08002950   0x08002950   0x00000054   Code   RO         3051    i.SystemInit        system_stm32f4xx.o
    0x080029a4   0x080029a4   0x000002ac   Code   RO         1356    i.UART_SetConfig    stm32f4xx_hal_uart.o
    0x08002c50   0x08002c50   0x00000104   Code   RO         2017    i.USART_SetConfig   stm32f4xx_hal_usart.o
    0x08002d54   0x08002d54   0x00000014   Code   RO         3896    i.USBD_CDC_DataIn   usbd_cdc.o
    0x08002d68   0x08002d68   0x0000002e   Code   RO         3897    i.USBD_CDC_DataOut  usbd_cdc.o
    0x08002d96   0x08002d96   0x0000003c   Code   RO         3898    i.USBD_CDC_DeInit   usbd_cdc.o
    0x08002dd2   0x08002dd2   0x00000024   Code   RO         3899    i.USBD_CDC_EP0_RxReady  usbd_cdc.o
    0x08002df6   0x08002df6   0x00000002   PAD
    0x08002df8   0x08002df8   0x0000000c   Code   RO         3900    i.USBD_CDC_GetDeviceQualifierDescriptor  usbd_cdc.o
    0x08002e04   0x08002e04   0x0000000c   Code   RO         3901    i.USBD_CDC_GetFSCfgDesc  usbd_cdc.o
    0x08002e10   0x08002e10   0x0000000c   Code   RO         3902    i.USBD_CDC_GetHSCfgDesc  usbd_cdc.o
    0x08002e1c   0x08002e1c   0x0000000c   Code   RO         3903    i.USBD_CDC_GetOtherSpeedCfgDesc  usbd_cdc.o
    0x08002e28   0x08002e28   0x00000088   Code   RO         3904    i.USBD_CDC_Init     usbd_cdc.o
    0x08002eb0   0x08002eb0   0x00000028   Code   RO         3905    i.USBD_CDC_ReceivePacket  usbd_cdc.o
    0x08002ed8   0x08002ed8   0x00000010   Code   RO         3906    i.USBD_CDC_RegisterInterface  usbd_cdc.o
    0x08002ee8   0x08002ee8   0x0000000c   Code   RO         3907    i.USBD_CDC_SetRxBuffer  usbd_cdc.o
    0x08002ef4   0x08002ef4   0x00000010   Code   RO         3908    i.USBD_CDC_SetTxBuffer  usbd_cdc.o
    0x08002f04   0x08002f04   0x00000070   Code   RO         3909    i.USBD_CDC_Setup    usbd_cdc.o
    0x08002f74   0x08002f74   0x00000030   Code   RO         3910    i.USBD_CDC_TransmitPacket  usbd_cdc.o
    0x08002fa4   0x08002fa4   0x0000000e   Code   RO         3758    i.USBD_ClrClassConfig  usbd_core.o
    0x08002fb2   0x08002fb2   0x00000010   Code   RO         3698    i.USBD_CtlContinueRx  usbd_ioreq.o
    0x08002fc2   0x08002fc2   0x00000010   Code   RO         3699    i.USBD_CtlContinueSendData  usbd_ioreq.o
    0x08002fd2   0x08002fd2   0x00000016   Code   RO         4002    i.USBD_CtlError     usbd_ctlreq.o
    0x08002fe8   0x08002fe8   0x0000001e   Code   RO         3700    i.USBD_CtlPrepareRx  usbd_ioreq.o
    0x08003006   0x08003006   0x00000016   Code   RO         3701    i.USBD_CtlReceiveStatus  usbd_ioreq.o
    0x0800301c   0x0800301c   0x0000001a   Code   RO         3702    i.USBD_CtlSendData  usbd_ioreq.o
    0x08003036   0x08003036   0x00000016   Code   RO         3703    i.USBD_CtlSendStatus  usbd_ioreq.o
    0x0800304c   0x0800304c   0x00000020   Code   RO         3441    i.USBD_FS_ConfigStrDescriptor  usbd_desc.o
    0x0800306c   0x0800306c   0x0000000c   Code   RO         3442    i.USBD_FS_DeviceDescriptor  usbd_desc.o
    0x08003078   0x08003078   0x00000024   Code   RO         3443    i.USBD_FS_InterfaceStrDescriptor  usbd_desc.o
    0x0800309c   0x0800309c   0x0000000c   Code   RO         3444    i.USBD_FS_LangIDStrDescriptor  usbd_desc.o
    0x080030a8   0x080030a8   0x00000028   Code   RO         3445    i.USBD_FS_ManufacturerStrDescriptor  usbd_desc.o
    0x080030d0   0x080030d0   0x0000002c   Code   RO         3446    i.USBD_FS_ProductStrDescriptor  usbd_desc.o
    0x080030fc   0x080030fc   0x00000024   Code   RO         3447    i.USBD_FS_SerialStrDescriptor  usbd_desc.o
    0x08003120   0x08003120   0x000000f2   Code   RO         4003    i.USBD_GetDescriptor  usbd_ctlreq.o
    0x08003212   0x08003212   0x00000046   Code   RO         4004    i.USBD_GetString    usbd_ctlreq.o
    0x08003258   0x08003258   0x0000002a   Code   RO         3760    i.USBD_Init         usbd_core.o
    0x08003282   0x08003282   0x00000020   Code   RO         3522    i.USBD_LL_ClearStallEP  usbd_conf.o
    0x080032a2   0x080032a2   0x00000020   Code   RO         3523    i.USBD_LL_CloseEP   usbd_conf.o
    0x080032c2   0x080032c2   0x000000aa   Code   RO         3761    i.USBD_LL_DataInStage  usbd_core.o
    0x0800336c   0x0800336c   0x0000006a   Code   RO         3762    i.USBD_LL_DataOutStage  usbd_core.o
    0x080033d6   0x080033d6   0x00000004   Code   RO         3763    i.USBD_LL_DevConnected  usbd_core.o
    0x080033da   0x080033da   0x00000016   Code   RO         3764    i.USBD_LL_DevDisconnected  usbd_core.o
    0x080033f0   0x080033f0   0x00000008   Code   RO         3527    i.USBD_LL_GetRxDataSize  usbd_conf.o
    0x080033f8   0x080033f8   0x0000007c   Code   RO         3528    i.USBD_LL_Init      usbd_conf.o
    0x08003474   0x08003474   0x00000020   Code   RO         3529    i.USBD_LL_IsStallEP  usbd_conf.o
    0x08003494   0x08003494   0x00000004   Code   RO         3765    i.USBD_LL_IsoINIncomplete  usbd_core.o
    0x08003498   0x08003498   0x00000004   Code   RO         3766    i.USBD_LL_IsoOUTIncomplete  usbd_core.o
    0x0800349c   0x0800349c   0x00000026   Code   RO         3530    i.USBD_LL_OpenEP    usbd_conf.o
    0x080034c2   0x080034c2   0x00000020   Code   RO         3531    i.USBD_LL_PrepareReceive  usbd_conf.o
    0x080034e2   0x080034e2   0x0000003e   Code   RO         3767    i.USBD_LL_Reset     usbd_core.o
    0x08003520   0x08003520   0x0000000c   Code   RO         3768    i.USBD_LL_Resume    usbd_core.o
    0x0800352c   0x0800352c   0x00000018   Code   RO         3769    i.USBD_LL_SOF       usbd_core.o
    0x08003544   0x08003544   0x00000006   Code   RO         3770    i.USBD_LL_SetSpeed  usbd_core.o
    0x0800354a   0x0800354a   0x00000020   Code   RO         3532    i.USBD_LL_SetUSBAddress  usbd_conf.o
    0x0800356a   0x0800356a   0x0000005a   Code   RO         3771    i.USBD_LL_SetupStage  usbd_core.o
    0x080035c4   0x080035c4   0x00000020   Code   RO         3533    i.USBD_LL_StallEP   usbd_conf.o
    0x080035e4   0x080035e4   0x00000020   Code   RO         3534    i.USBD_LL_Start     usbd_conf.o
    0x08003604   0x08003604   0x00000012   Code   RO         3772    i.USBD_LL_Suspend   usbd_core.o
    0x08003616   0x08003616   0x00000020   Code   RO         3536    i.USBD_LL_Transmit  usbd_conf.o
    0x08003636   0x08003636   0x00000028   Code   RO         4005    i.USBD_ParseSetupRequest  usbd_ctlreq.o
    0x0800365e   0x0800365e   0x00000010   Code   RO         3773    i.USBD_RegisterClass  usbd_core.o
    0x0800366e   0x0800366e   0x00000016   Code   RO         3775    i.USBD_SetClassConfig  usbd_core.o
    0x08003684   0x08003684   0x00000074   Code   RO         4006    i.USBD_SetConfig    usbd_ctlreq.o
    0x080036f8   0x080036f8   0x0000000a   Code   RO         3776    i.USBD_Start        usbd_core.o
    0x08003702   0x08003702   0x000000f2   Code   RO         4007    i.USBD_StdDevReq    usbd_ctlreq.o
    0x080037f4   0x080037f4   0x000000dc   Code   RO         4008    i.USBD_StdEPReq     usbd_ctlreq.o
    0x080038d0   0x080038d0   0x00000034   Code   RO         4009    i.USBD_StdItfReq    usbd_ctlreq.o
    0x08003904   0x08003904   0x00000080   Code   RO         2505    i.USB_ActivateEndpoint  stm32f4xx_ll_usb.o
    0x08003984   0x08003984   0x00000034   Code   RO         2506    i.USB_ActivateSetup  stm32f4xx_ll_usb.o
    0x080039b8   0x080039b8   0x0000006c   Code   RO         2508    i.USB_CoreInit      stm32f4xx_ll_usb.o
    0x08003a24   0x08003a24   0x00000038   Code   RO         2509    i.USB_CoreReset     stm32f4xx_ll_usb.o
    0x08003a5c   0x08003a5c   0x000000c8   Code   RO         2511    i.USB_DeactivateEndpoint  stm32f4xx_ll_usb.o
    0x08003b24   0x08003b24   0x00000018   Code   RO         2512    i.USB_DevConnect    stm32f4xx_ll_usb.o
    0x08003b3c   0x08003b3c   0x00000018   Code   RO         2513    i.USB_DevDisconnect  stm32f4xx_ll_usb.o
    0x08003b54   0x08003b54   0x00000154   Code   RO         2514    i.USB_DevInit       stm32f4xx_ll_usb.o
    0x08003ca8   0x08003ca8   0x0000000c   Code   RO         2515    i.USB_DisableGlobalInt  stm32f4xx_ll_usb.o
    0x08003cb4   0x08003cb4   0x00000140   Code   RO         2518    i.USB_EP0StartXfer  stm32f4xx_ll_usb.o
    0x08003df4   0x08003df4   0x0000003e   Code   RO         2519    i.USB_EP0_OutStart  stm32f4xx_ll_usb.o
    0x08003e32   0x08003e32   0x00000064   Code   RO         2520    i.USB_EPClearStall  stm32f4xx_ll_usb.o
    0x08003e96   0x08003e96   0x0000005e   Code   RO         2521    i.USB_EPSetStall    stm32f4xx_ll_usb.o
    0x08003ef4   0x08003ef4   0x0000021c   Code   RO         2522    i.USB_EPStartXfer   stm32f4xx_ll_usb.o
    0x08004110   0x08004110   0x0000000c   Code   RO         2523    i.USB_EnableGlobalInt  stm32f4xx_ll_usb.o
    0x0800411c   0x0800411c   0x00000020   Code   RO         2524    i.USB_FlushRxFifo   stm32f4xx_ll_usb.o
    0x0800413c   0x0800413c   0x00000024   Code   RO         2525    i.USB_FlushTxFifo   stm32f4xx_ll_usb.o
    0x08004160   0x08004160   0x0000003c   Code   RO         2527    i.USB_GetDevSpeed   stm32f4xx_ll_usb.o
    0x0800419c   0x0800419c   0x00000008   Code   RO         2529    i.USB_GetMode       stm32f4xx_ll_usb.o
    0x080041a4   0x080041a4   0x0000000e   Code   RO         2536    i.USB_ReadDevAllInEpInterrupt  stm32f4xx_ll_usb.o
    0x080041b2   0x080041b2   0x0000000e   Code   RO         2537    i.USB_ReadDevAllOutEpInterrupt  stm32f4xx_ll_usb.o
    0x080041c0   0x080041c0   0x0000001e   Code   RO         2538    i.USB_ReadDevInEPInterrupt  stm32f4xx_ll_usb.o
    0x080041de   0x080041de   0x00000010   Code   RO         2539    i.USB_ReadDevOutEPInterrupt  stm32f4xx_ll_usb.o
    0x080041ee   0x080041ee   0x00000008   Code   RO         2540    i.USB_ReadInterrupts  stm32f4xx_ll_usb.o
    0x080041f6   0x080041f6   0x00000020   Code   RO         2541    i.USB_ReadPacket    stm32f4xx_ll_usb.o
    0x08004216   0x08004216   0x0000002c   Code   RO         2543    i.USB_SetCurrentMode  stm32f4xx_ll_usb.o
    0x08004242   0x08004242   0x00000022   Code   RO         2544    i.USB_SetDevAddress  stm32f4xx_ll_usb.o
    0x08004264   0x08004264   0x00000028   Code   RO         2548    i.USB_WritePacket   stm32f4xx_ll_usb.o
    0x0800428c   0x0800428c   0x00000002   Code   RO         3256    i.UsageFault_Handler  stm32f4xx_it.o
    0x0800428e   0x0800428e   0x00000002   Code   RO         3094    i._Error_Handler    main.o
    0x08004290   0x08004290   0x0000000e   Code   RO         4125    i.__scatterload_copy  mc_w.l(handlers.o)
    0x0800429e   0x0800429e   0x00000002   Code   RO         4126    i.__scatterload_null  mc_w.l(handlers.o)
    0x080042a0   0x080042a0   0x0000000e   Code   RO         4127    i.__scatterload_zeroinit  mc_w.l(handlers.o)
    0x080042ae   0x080042ae   0x00000002   PAD
    0x080042b0   0x080042b0   0x00000050   Code   RO         4073    i.free              mc_w.l(malloc.o)
    0x08004300   0x08004300   0x00000094   Code   RO         3095    i.main              main.o
    0x08004394   0x08004394   0x0000006c   Code   RO         4074    i.malloc            mc_w.l(malloc.o)
    0x08004400   0x08004400   0x00000008   Data   RO          569    .constdata          stm32f4xx_hal_dma.o
    0x08004408   0x08004408   0x00000010   Data   RO         3052    .constdata          system_stm32f4xx.o
    0x08004418   0x08004418   0x00000008   Data   RO         3053    .constdata          system_stm32f4xx.o
    0x08004420   0x08004420   0x00000020   Data   RO         4123    Region$$Table       anon$$obj.o


    Execution Region RW_IRAM1 (Exec base: 0x20000000, Load base: 0x08004440, Size: 0x00002218, Max: 0x00020000, ABSOLUTE, COMPRESSED[0x000000c0])

    Exec Addr    Load Addr    Size         Type   Attr      Idx    E Section Name        Object

    0x20000000   COMPRESSED   0x0000000c   Data   RW         1159    .data               stm32f4xx_hal.o
    0x2000000c   COMPRESSED   0x00000004   Data   RW         3054    .data               system_stm32f4xx.o
    0x20000010   COMPRESSED   0x00000004   Data   RW         3179    .data               stm32f4xx_hal_msp.o
    0x20000014   COMPRESSED   0x00000010   Data   RW         3396    .data               usbd_cdc_if.o
    0x20000024   COMPRESSED   0x0000001c   Data   RW         3449    .data               usbd_desc.o
    0x20000040   COMPRESSED   0x00000016   Data   RW         3450    .data               usbd_desc.o
    0x20000056   COMPRESSED   0x00000002   PAD
    0x20000058   COMPRESSED   0x000000db   Data   RW         3911    .data               usbd_cdc.o
    0x20000133   COMPRESSED   0x00000001   PAD
    0x20000134   COMPRESSED   0x0000003c   Data   RW         3912    .data               usbd_cdc.o
    0x20000170   COMPRESSED   0x00000001   Data   RW         4010    .data               usbd_ctlreq.o
    0x20000171   COMPRESSED   0x00000003   PAD
    0x20000174   COMPRESSED   0x00000004   Data   RW         4119    .data               mc_w.l(mvars.o)
    0x20000178   COMPRESSED   0x00000004   Data   RW         4120    .data               mc_w.l(mvars.o)
    0x2000017c        -       0x000001bc   Zero   RW         3096    .bss                main.o
    0x20000338        -       0x00000060   Zero   RW         3097    .bss                main.o
    0x20000398        -       0x00000060   Zero   RW         3098    .bss                main.o
    0x200003f8        -       0x00000224   Zero   RW         3340    .bss                usb_device.o
    0x2000061c        -       0x00001000   Zero   RW         3395    .bss                usbd_cdc_if.o
    0x2000161c        -       0x00000200   Zero   RW         3448    .bss                usbd_desc.o
    0x2000181c        -       0x000003fc   Zero   RW         3537    .bss                usbd_conf.o
    0x20001c18        -       0x00000200   Zero   RW            2    HEAP                startup_stm32f446xx.o
    0x20001e18        -       0x00000400   Zero   RW            1    STACK               startup_stm32f446xx.o


==============================================================================

Image component sizes


      Code (inc. data)   RO Data    RW Data    ZI Data      Debug   Object Name

       886         72          0          0        636      10008   main.o
        36          8        452          0       1536        832   startup_stm32f446xx.o
       180         28          0         12          0       4561   stm32f4xx_hal.o
       228         14          0          0          0      32125   stm32f4xx_hal_cortex.o
       752         16          8          0          0       4072   stm32f4xx_hal_dma.o
         0          0          0          0          0     706032   stm32f4xx_hal_dma_ex.o
       438         42          0          0          0       3021   stm32f4xx_hal_gpio.o
       704        144          0          4          0       4012   stm32f4xx_hal_msp.o
      2266         72          0          0          0      11397   stm32f4xx_hal_pcd.o
       118          6          0          0          0       3037   stm32f4xx_hal_pcd_ex.o
       112         14          0          0          0       1284   stm32f4xx_hal_pwr_ex.o
       380         48          0          0          0       3366   stm32f4xx_hal_rcc.o
      2460        106          0          0          0       5679   stm32f4xx_hal_rcc_ex.o
       420         16          0          0          0       2227   stm32f4xx_hal_sai.o
       100         14          0          0          0       1693   stm32f4xx_hal_sai_ex.o
       128          0          0          0          0       1207   stm32f4xx_hal_spi.o
       792          8          0          0          0       2054   stm32f4xx_hal_uart.o
       344          8          0          0          0       2049   stm32f4xx_hal_usart.o
        66         18          0          0          0       5506   stm32f4xx_it.o
      2440         56          0          0          0      20340   stm32f4xx_ll_usb.o
        84         18         24          4          0       1147   system_stm32f4xx.o
        56         18          0          0        548       2387   usb_device.o
       590         22          0        279          0      13070   usbd_cdc.o
       124         24          0         16       4096       3314   usbd_cdc_if.o
       706         38          0          0       1020      14430   usbd_conf.o
       626          0          0          0          0      11974   usbd_core.o
      1004         30          0          1          0       7984   usbd_ctlreq.o
       212        116          0         50        512       5123   usbd_desc.o
       132          0          0          0          0       4492   usbd_ioreq.o

    ----------------------------------------------------------------------
     16398        956        516        372       8348     888423   Object Totals
         0          0         32          0          0          0   (incl. Generated)
        14          0          0          6          0          0   (incl. Padding)

    ----------------------------------------------------------------------

      Code (inc. data)   RO Data    RW Data    ZI Data      Debug   Library Member Name

        86          0          0          0          0          0   __dczerorl2.o
         0          0          0          0          0          0   entry.o
         0          0          0          0          0          0   entry10a.o
         0          0          0          0          0          0   entry11a.o
         8          4          0          0          0          0   entry2.o
         4          0          0          0          0          0   entry5.o
         0          0          0          0          0          0   entry7b.o
         0          0          0          0          0          0   entry8b.o
         8          4          0          0          0          0   entry9a.o
        30          0          0          0          0          0   handlers.o
        36          8          0          0          0         68   init.o
        30          0          0          0          0         68   llshl.o
        32          0          0          0          0         68   llushr.o
       188         20          0          0          0        160   malloc.o
        36          0          0          0          0         68   memcpya.o
         0          0          0          8          0          0   mvars.o
        98          0          0          0          0         92   uldiv.o

    ----------------------------------------------------------------------
       558         36          0          8          0        524   Library Totals
         2          0          0          0          0          0   (incl. Padding)

    ----------------------------------------------------------------------

      Code (inc. data)   RO Data    RW Data    ZI Data      Debug   Library Name

       556         36          0          8          0        524   mc_w.l

    ----------------------------------------------------------------------
       558         36          0          8          0        524   Library Totals

    ----------------------------------------------------------------------

==============================================================================


      Code (inc. data)   RO Data    RW Data    ZI Data      Debug   

     16956        992        516        380       8348     870723   Grand Totals
     16956        992        516        192       8348     870723   ELF Image Totals (compressed)
     16956        992        516        192          0          0   ROM Totals

==============================================================================

    Total RO  Size (Code + RO Data)                17472 (  17.06kB)
    Total RW  Size (RW Data + ZI Data)              8728 (   8.52kB)
    Total ROM Size (Code + RO Data + RW Data)      17664 (  17.25kB)

==============================================================================

